Component: Arm Compiler for Embedded 6.22 Tool: armlink [5ee90200]

==============================================================================

Section Cross References

    startup_stm32h743xx.o(RESET) refers to startup_stm32h743xx.o(STACK) for __initial_sp
    startup_stm32h743xx.o(RESET) refers to startup_stm32h743xx.o(.text) for Reset_Handler
    startup_stm32h743xx.o(RESET) refers to stm32h7xx_it.o(.text.NMI_Handler) for NMI_Handler
    startup_stm32h743xx.o(RESET) refers to stm32h7xx_it.o(.text.HardFault_Handler) for HardFault_Handler
    startup_stm32h743xx.o(RESET) refers to stm32h7xx_it.o(.text.MemManage_Handler) for MemManage_Handler
    startup_stm32h743xx.o(RESET) refers to stm32h7xx_it.o(.text.BusFault_Handler) for BusFault_Handler
    startup_stm32h743xx.o(RESET) refers to stm32h7xx_it.o(.text.UsageFault_Handler) for UsageFault_Handler
    startup_stm32h743xx.o(RESET) refers to stm32h7xx_it.o(.text.SVC_Handler) for SVC_Handler
    startup_stm32h743xx.o(RESET) refers to stm32h7xx_it.o(.text.DebugMon_Handler) for DebugMon_Handler
    startup_stm32h743xx.o(RESET) refers to stm32h7xx_it.o(.text.PendSV_Handler) for PendSV_Handler
    startup_stm32h743xx.o(RESET) refers to stm32h7xx_it.o(.text.SysTick_Handler) for SysTick_Handler
    startup_stm32h743xx.o(.text) refers to system_stm32h7xx.o(.text.ExitRun0Mode) for ExitRun0Mode
    startup_stm32h743xx.o(.text) refers to system_stm32h7xx.o(.text.SystemInit) for SystemInit
    startup_stm32h743xx.o(.text) refers to entry.o(.ARM.Collect$$$$00000000) for __main
    main.o(.text.main) refers to main.o(.text.MPU_Config) for MPU_Config
    main.o(.text.main) refers to stm32h7xx_hal.o(.text.HAL_Init) for HAL_Init
    main.o(.text.main) refers to main.o(.text.SystemClock_Config) for SystemClock_Config
    main.o(.text.main) refers to main.o(.text.PeriphCommonClock_Config) for PeriphCommonClock_Config
    main.o(.text.main) refers to gpio.o(.text.MX_GPIO_Init) for MX_GPIO_Init
    main.o(.text.main) refers to fdcan.o(.text.MX_FDCAN1_Init) for MX_FDCAN1_Init
    main.o(.text.main) refers to fdcan.o(.text.MX_FDCAN2_Init) for MX_FDCAN2_Init
    main.o(.text.main) refers to i2c.o(.text.MX_I2C1_Init) for MX_I2C1_Init
    main.o(.text.main) refers to i2c.o(.text.MX_I2C2_Init) for MX_I2C2_Init
    main.o(.text.main) refers to i2c.o(.text.MX_I2C3_Init) for MX_I2C3_Init
    main.o(.text.main) refers to i2c.o(.text.MX_I2C4_Init) for MX_I2C4_Init
    main.o(.text.main) refers to usart.o(.text.MX_LPUART1_UART_Init) for MX_LPUART1_UART_Init
    main.o(.text.main) refers to usart.o(.text.MX_UART4_Init) for MX_UART4_Init
    main.o(.text.main) refers to usart.o(.text.MX_UART5_Init) for MX_UART5_Init
    main.o(.text.main) refers to usart.o(.text.MX_UART7_Init) for MX_UART7_Init
    main.o(.text.main) refers to usart.o(.text.MX_UART8_Init) for MX_UART8_Init
    main.o(.text.main) refers to usart.o(.text.MX_USART1_UART_Init) for MX_USART1_UART_Init
    main.o(.text.main) refers to usart.o(.text.MX_USART3_UART_Init) for MX_USART3_UART_Init
    main.o(.text.main) refers to usart.o(.text.MX_USART6_UART_Init) for MX_USART6_UART_Init
    main.o(.text.main) refers to spi.o(.text.MX_SPI1_Init) for MX_SPI1_Init
    main.o(.text.main) refers to spi.o(.text.MX_SPI4_Init) for MX_SPI4_Init
    main.o(.text.main) refers to spi.o(.text.MX_SPI5_Init) for MX_SPI5_Init
    main.o(.text.main) refers to spi.o(.text.MX_SPI6_Init) for MX_SPI6_Init
    main.o(.text.main) refers to tim.o(.text.MX_TIM1_Init) for MX_TIM1_Init
    main.o(.text.main) refers to tim.o(.text.MX_TIM2_Init) for MX_TIM2_Init
    main.o(.text.main) refers to tim.o(.text.MX_TIM3_Init) for MX_TIM3_Init
    main.o(.text.main) refers to tim.o(.text.MX_TIM4_Init) for MX_TIM4_Init
    main.o(.text.main) refers to tim.o(.text.MX_TIM5_Init) for MX_TIM5_Init
    main.o(.text.main) refers to tim.o(.text.MX_TIM8_Init) for MX_TIM8_Init
    main.o(.text.main) refers to adc.o(.text.MX_ADC1_Init) for MX_ADC1_Init
    main.o(.text.main) refers to adc.o(.text.MX_ADC3_Init) for MX_ADC3_Init
    main.o(.text.main) refers to dac.o(.text.MX_DAC1_Init) for MX_DAC1_Init
    main.o(.text.main) refers to spi.o(.text.MX_SPI2_Init) for MX_SPI2_Init
    main.o(.text.main) refers to spi.o(.text.MX_SPI3_Init) for MX_SPI3_Init
    main.o(.text.main) refers to usart.o(.text.MX_USART2_UART_Init) for MX_USART2_UART_Init
    main.o(.ARM.exidx.text.main) refers to main.o(.text.main) for [Anonymous Symbol]
    main.o(.text.MPU_Config) refers to stm32h7xx_hal_cortex.o(.text.HAL_MPU_Disable) for HAL_MPU_Disable
    main.o(.text.MPU_Config) refers to stm32h7xx_hal_cortex.o(.text.HAL_MPU_ConfigRegion) for HAL_MPU_ConfigRegion
    main.o(.text.MPU_Config) refers to stm32h7xx_hal_cortex.o(.text.HAL_MPU_Enable) for HAL_MPU_Enable
    main.o(.ARM.exidx.text.MPU_Config) refers to main.o(.text.MPU_Config) for [Anonymous Symbol]
    main.o(.text.SystemClock_Config) refers to memseta.o(.text) for __aeabi_memclr4
[...]
    [Anonymous Symbol]                       0x08000918   Section        0  stm32h7xx_hal_adc_ex.o(.text.HAL_ADCEx_MultiModeConfigChannel)
    [Anonymous Symbol]                       0x08000bb0   Section        0  stm32h7xx_hal_adc.o(.text.HAL_ADC_ConfigChannel)
    [Anonymous Symbol]                       0x08001428   Section        0  stm32h7xx_hal_adc.o(.text.HAL_ADC_Init)
    [Anonymous Symbol]                       0x080017f0   Section        0  adc.o(.text.HAL_ADC_MspInit)
    [Anonymous Symbol]                       0x08001a08   Section        0  stm32h7xx_hal_dac.o(.text.HAL_DAC_ConfigChannel)
    [Anonymous Symbol]                       0x08001cc8   Section        0  stm32h7xx_hal_dac.o(.text.HAL_DAC_Init)
    [Anonymous Symbol]                       0x08001d18   Section        0  dac.o(.text.HAL_DAC_MspInit)
    [Anonymous Symbol]                       0x08001d98   Section        0  stm32h7xx_hal_fdcan.o(.text.HAL_FDCAN_Init)
    [Anonymous Symbol]                       0x08002178   Section        0  fdcan.o(.text.HAL_FDCAN_MspInit)
    [Anonymous Symbol]                       0x080022e8   Section        0  stm32h7xx_hal_gpio.o(.text.HAL_GPIO_Init)
    [Anonymous Symbol]                       0x080026b0   Section        0  stm32h7xx_hal_gpio.o(.text.HAL_GPIO_WritePin)
    [Anonymous Symbol]                       0x080026e0   Section        0  stm32h7xx_hal.o(.text.HAL_GetREVID)
    [Anonymous Symbol]                       0x080026f0   Section        0  stm32h7xx_hal.o(.text.HAL_GetTick)
    [Anonymous Symbol]                       0x08002700   Section        0  stm32h7xx_hal_i2c_ex.o(.text.HAL_I2CEx_ConfigAnalogFilter)
    [Anonymous Symbol]                       0x08002798   Section        0  stm32h7xx_hal_i2c_ex.o(.text.HAL_I2CEx_ConfigDigitalFilter)
    [Anonymous Symbol]                       0x08002840   Section        0  stm32h7xx_hal_i2c.o(.text.HAL_I2C_Init)
    [Anonymous Symbol]                       0x08002958   Section        0  i2c.o(.text.HAL_I2C_MspInit)
    [Anonymous Symbol]                       0x08002bf0   Section        0  stm32h7xx_hal.o(.text.HAL_IncTick)
    [Anonymous Symbol]                       0x08002c10   Section        0  stm32h7xx_hal.o(.text.HAL_Init)
    [Anonymous Symbol]                       0x08002c90   Section        0  stm32h7xx_hal.o(.text.HAL_InitTick)
    [Anonymous Symbol]                       0x08002d18   Section        0  stm32h7xx_hal_cortex.o(.text.HAL_MPU_ConfigRegion)
    [Anonymous Symbol]                       0x08002d98   Section        0  stm32h7xx_hal_cortex.o(.text.HAL_MPU_Disable)
    [Anonymous Symbol]                       0x08002dc0   Section        0  stm32h7xx_hal_cortex.o(.text.HAL_MPU_Enable)
    [Anonymous Symbol]                       0x08002df0   Section        0  stm32h7xx_hal_msp.o(.text.HAL_MspInit)
    [Anonymous Symbol]                       0x08002e18   Section        0  stm32h7xx_hal_cortex.o(.text.HAL_NVIC_SetPriority)
    [Anonymous Symbol]                       0x08002e48   Section        0  stm32h7xx_hal_cortex.o(.text.HAL_NVIC_SetPriorityGrouping)
    [Anonymous Symbol]                       0x08002e58   Section        0  stm32h7xx_hal_pwr_ex.o(.text.HAL_PWREx_ConfigSupply)
    [Anonymous Symbol]                       0x08002f00   Section        0  stm32h7xx_hal_rcc_ex.o(.text.HAL_RCCEx_GetD3PCLK1Freq)
    [Anonymous Symbol]                       0x08002f28   Section        0  stm32h7xx_hal_rcc_ex.o(.text.HAL_RCCEx_GetPLL1ClockFreq)
    [Anonymous Symbol]                       0x080031d8   Section        0  stm32h7xx_hal_rcc_ex.o(.text.HAL_RCCEx_GetPLL2ClockFreq)
    [Anonymous Symbol]                       0x08003488   Section        0  stm32h7xx_hal_rcc_ex.o(.text.HAL_RCCEx_GetPLL3ClockFreq)
    [Anonymous Symbol]                       0x08003738   Section        0  stm32h7xx_hal_rcc_ex.o(.text.HAL_RCCEx_GetPeriphCLKFreq)
    [Anonymous Symbol]                       0x08004388   Section        0  stm32h7xx_hal_rcc_ex.o(.text.HAL_RCCEx_PeriphCLKConfig)
    [Anonymous Symbol]                       0x08005428   Section        0  stm32h7xx_hal_rcc.o(.text.HAL_RCC_ClockConfig)
    [Anonymous Symbol]                       0x080058c0   Section        0  stm32h7xx_hal_rcc.o(.text.HAL_RCC_GetHCLKFreq)
    [Anonymous Symbol]                       0x08005918   Section        0  stm32h7xx_hal_rcc.o(.text.HAL_RCC_GetPCLK1Freq)
    [Anonymous Symbol]                       0x08005940   Section        0  stm32h7xx_hal_rcc.o(.text.HAL_RCC_GetPCLK2Freq)
    [Anonymous Symbol]                       0x08005968   Section        0  stm32h7xx_hal_rcc.o(.text.HAL_RCC_GetSysClockFreq)
    [Anonymous Symbol]                       0x08005c78   Section        0  stm32h7xx_hal_rcc.o(.text.HAL_RCC_OscConfig)
    [Anonymous Symbol]                       0x080067d0   Section        0  stm32h7xx_hal_spi.o(.text.HAL_SPI_Init)
    [Anonymous Symbol]                       0x08006a68   Section        0  spi.o(.text.HAL_SPI_MspInit)
    [Anonymous Symbol]                       0x08006eb8   Section        0  stm32h7xx_hal.o(.text.HAL_SYSCFG_AnalogSwitchConfig)
    [Anonymous Symbol]                       0x08006ed8   Section        0  stm32h7xx_hal_cortex.o(.text.HAL_SYSTICK_Config)
    [Anonymous Symbol]                       0x08006ee8   Section        0  stm32h7xx_hal_tim_ex.o(.text.HAL_TIMEx_ConfigBreakDeadTime)
    [Anonymous Symbol]                       0x08007000   Section        0  stm32h7xx_hal_tim_ex.o(.text.HAL_TIMEx_MasterConfigSynchronization)
    [Anonymous Symbol]                       0x08007158   Section        0  stm32h7xx_hal_tim.o(.text.HAL_TIM_Base_Init)
    [Anonymous Symbol]                       0x08007200   Section        0  tim.o(.text.HAL_TIM_Base_MspInit)
    [Anonymous Symbol]                       0x080072d0   Section        0  stm32h7xx_hal_tim.o(.text.HAL_TIM_ConfigClockSource)
    [Anonymous Symbol]                       0x080074a0   Section        0  stm32h7xx_hal_tim.o(.text.HAL_TIM_Encoder_Init)
    [Anonymous Symbol]                       0x080075d8   Section        0  tim.o(.text.HAL_TIM_Encoder_MspInit)
    [Anonymous Symbol]                       0x080076d0   Section        0  tim.o(.text.HAL_TIM_MspPostInit)
    [Anonymous Symbol]                       0x080077e0   Section        0  stm32h7xx_hal_tim.o(.text.HAL_TIM_PWM_ConfigChannel)
    [Anonymous Symbol]                       0x08007990   Section        0  stm32h7xx_hal_tim.o(.text.HAL_TIM_PWM_Init)
    [Anonymous Symbol]                       0x08007a38   Section        0  stm32h7xx_hal_tim.o(.text.HAL_TIM_PWM_MspInit)
    [Anonymous Symbol]                       0x08007a40   Section        0  stm32h7xx_hal_uart_ex.o(.text.HAL_UARTEx_DisableFifoMode)
    [Anonymous Symbol]                       0x08007ac0   Section        0  stm32h7xx_hal_uart_ex.o(.text.HAL_UARTEx_SetRxFifoThreshold)
    [Anonymous Symbol]                       0x08007b50   Section        0  stm32h7xx_hal_uart_ex.o(.text.HAL_UARTEx_SetTxFifoThreshold)
    [Anonymous Symbol]                       0x08007be0   Section        0  stm32h7xx_hal_uart.o(.text.HAL_UART_Init)
    [Anonymous Symbol]                       0x08007c90   Section        0  usart.o(.text.HAL_UART_MspInit)
    [Anonymous Symbol]                       0x080081e8   Section        0  stm32h7xx_it.o(.text.HardFault_Handler)
    LL_ADC_DisableDeepPowerDown              0x080081f1   Thumb Code    24  stm32h7xx_hal_adc.o(.text.LL_ADC_DisableDeepPowerDown)
    [Anonymous Symbol]                       0x080081f0   Section        0  stm32h7xx_hal_adc.o(.text.LL_ADC_DisableDeepPowerDown)
    LL_ADC_EnableInternalRegulator           0x08008209   Thumb Code    30  stm32h7xx_hal_adc.o(.text.LL_ADC_EnableInternalRegulator)
    [Anonymous Symbol]                       0x08008208   Section        0  stm32h7xx_hal_adc.o(.text.LL_ADC_EnableInternalRegulator)
    LL_ADC_GetCommonPathInternalCh           0x08008229   Thumb Code    16  stm32h7xx_hal_adc.o(.text.LL_ADC_GetCommonPathInternalCh)
    [Anonymous Symbol]                       0x08008228   Section        0  stm32h7xx_hal_adc.o(.text.LL_ADC_GetCommonPathInternalCh)
    LL_ADC_INJ_IsConversionOngoing           0x08008239   Thumb Code    16  stm32h7xx_hal_adc.o(.text.LL_ADC_INJ_IsConversionOngoing)
    [Anonymous Symbol]                       0x08008238   Section        0  stm32h7xx_hal_adc.o(.text.LL_ADC_INJ_IsConversionOngoing)
    LL_ADC_IsDeepPowerDownEnabled            0x08008249   Thumb Code    16  stm32h7xx_hal_adc.o(.text.LL_ADC_IsDeepPowerDownEnabled)
    [Anonymous Symbol]                       0x08008248   Section        0  stm32h7xx_hal_adc.o(.text.LL_ADC_IsDeepPowerDownEnabled)
    LL_ADC_IsEnabled                         0x08008259   Thumb Code    16  stm32h7xx_hal_adc.o(.text.LL_ADC_IsEnabled)
    [Anonymous Symbol]                       0x08008258   Section        0  stm32h7xx_hal_adc.o(.text.LL_ADC_IsEnabled)
    LL_ADC_IsEnabled                         0x08008269   Thumb Code    16  stm32h7xx_hal_adc_ex.o(.text.LL_ADC_IsEnabled)
    [Anonymous Symbol]                       0x08008268   Section        0  stm32h7xx_hal_adc_ex.o(.text.LL_ADC_IsEnabled)
    LL_ADC_IsInternalRegulatorEnabled        0x08008279   Thumb Code    16  stm32h7xx_hal_adc.o(.text.LL_ADC_IsInternalRegulatorEnabled)
    [Anonymous Symbol]                       0x08008278   Section        0  stm32h7xx_hal_adc.o(.text.LL_ADC_IsInternalRegulatorEnabled)
    LL_ADC_REG_IsConversionOngoing           0x08008289   Thumb Code    16  stm32h7xx_hal_adc.o(.text.LL_ADC_REG_IsConversionOngoing)
    [Anonymous Symbol]                       0x08008288   Section        0  stm32h7xx_hal_adc.o(.text.LL_ADC_REG_IsConversionOngoing)
    LL_ADC_REG_IsConversionOngoing           0x08008299   Thumb Code    16  stm32h7xx_hal_adc_ex.o(.text.LL_ADC_REG_IsConversionOngoing)
    [Anonymous Symbol]                       0x08008298   Section        0  stm32h7xx_hal_adc_ex.o(.text.LL_ADC_REG_IsConversionOngoing)
    LL_ADC_REG_SetSequencerRanks             0x080082a9   Thumb Code    58  stm32h7xx_hal_adc.o(.text.LL_ADC_REG_SetSequencerRanks)
    [Anonymous Symbol]                       0x080082a8   Section        0  stm32h7xx_hal_adc.o(.text.LL_ADC_REG_SetSequencerRanks)
    LL_ADC_SetChannelPreselection            0x080082e9   Thumb Code    90  stm32h7xx_hal_adc.o(.text.LL_ADC_SetChannelPreselection)
    [Anonymous Symbol]                       0x080082e8   Section        0  stm32h7xx_hal_adc.o(.text.LL_ADC_SetChannelPreselection)
    LL_ADC_SetChannelSamplingTime            0x08008349   Thumb Code    54  stm32h7xx_hal_adc.o(.text.LL_ADC_SetChannelSamplingTime)
    [Anonymous Symbol]                       0x08008348   Section        0  stm32h7xx_hal_adc.o(.text.LL_ADC_SetChannelSamplingTime)
    LL_ADC_SetChannelSingleDiff              0x08008381   Thumb Code    52  stm32h7xx_hal_adc.o(.text.LL_ADC_SetChannelSingleDiff)
    [Anonymous Symbol]                       0x08008380   Section        0  stm32h7xx_hal_adc.o(.text.LL_ADC_SetChannelSingleDiff)
    LL_ADC_SetCommonClock                    0x080083b9   Thumb Code    26  stm32h7xx_hal_adc.o(.text.LL_ADC_SetCommonClock)
    [Anonymous Symbol]                       0x080083b8   Section        0  stm32h7xx_hal_adc.o(.text.LL_ADC_SetCommonClock)
    LL_ADC_SetCommonPathInternalCh           0x080083d9   Thumb Code    26  stm32h7xx_hal_adc.o(.text.LL_ADC_SetCommonPathInternalCh)
    [Anonymous Symbol]                       0x080083d8   Section        0  stm32h7xx_hal_adc.o(.text.LL_ADC_SetCommonPathInternalCh)
    LL_ADC_SetDataRightShift                 0x080083f9   Thumb Code    36  stm32h7xx_hal_adc.o(.text.LL_ADC_SetDataRightShift)
    [Anonymous Symbol]                       0x080083f8   Section        0  stm32h7xx_hal_adc.o(.text.LL_ADC_SetDataRightShift)
    LL_ADC_SetOffset                         0x08008421   Thumb Code    50  stm32h7xx_hal_adc.o(.text.LL_ADC_SetOffset)
    [Anonymous Symbol]                       0x08008420   Section        0  stm32h7xx_hal_adc.o(.text.LL_ADC_SetOffset)
    LL_ADC_SetOffsetSignedSaturation         0x08008459   Thumb Code    40  stm32h7xx_hal_adc.o(.text.LL_ADC_SetOffsetSignedSaturation)
    [Anonymous Symbol]                       0x08008458   Section        0  stm32h7xx_hal_adc.o(.text.LL_ADC_SetOffsetSignedSaturation)
    MPU_Config                               0x08008481   Thumb Code    86  main.o(.text.MPU_Config)
    [Anonymous Symbol]                       0x08008480   Section        0  main.o(.text.MPU_Config)
    [Anonymous Symbol]                       0x080084d8   Section        0  adc.o(.text.MX_ADC1_Init)
    [Anonymous Symbol]                       0x08008598   Section        0  adc.o(.text.MX_ADC3_Init)
    [Anonymous Symbol]                       0x08008630   Section        0  dac.o(.text.MX_DAC1_Init)
    [Anonymous Symbol]                       0x080086a0   Section        0  fdcan.o(.text.MX_FDCAN1_Init)
    [Anonymous Symbol]                       0x08008710   Section        0  fdcan.o(.text.MX_FDCAN2_Init)
    [Anonymous Symbol]                       0x08008780   Section        0  gpio.o(.text.MX_GPIO_Init)
    [Anonymous Symbol]                       0x080089e8   Section        0  i2c.o(.text.MX_I2C1_Init)
    [Anonymous Symbol]                       0x08008a60   Section        0  i2c.o(.text.MX_I2C2_Init)
    [Anonymous Symbol]                       0x08008ad8   Section        0  i2c.o(.text.MX_I2C3_Init)
    [Anonymous Symbol]                       0x08008b50   Section        0  i2c.o(.text.MX_I2C4_Init)
    [Anonymous Symbol]                       0x08008bc8   Section        0  usart.o(.text.MX_LPUART1_UART_Init)
    [Anonymous Symbol]                       0x08008c60   Section        0  spi.o(.text.MX_SPI1_Init)
    [Anonymous Symbol]                       0x08008cd0   Section        0  spi.o(.text.MX_SPI2_Init)
    [Anonymous Symbol]                       0x08008d40   Section        0  spi.o(.text.MX_SPI3_Init)
    [Anonymous Symbol]                       0x08008da8   Section        0  spi.o(.text.MX_SPI4_Init)
    [Anonymous Symbol]                       0x08008e10   Section        0  spi.o(.text.MX_SPI5_Init)
    [Anonymous Symbol]                       0x08008e78   Section        0  spi.o(.text.MX_SPI6_Init)
    [Anonymous Symbol]                       0x08008ee0   Section        0  tim.o(.text.MX_TIM1_Init)
    [Anonymous Symbol]                       0x08009058   Section        0  tim.o(.text.MX_TIM2_Init)
    [Anonymous Symbol]                       0x080090d8   Section        0  tim.o(.text.MX_TIM3_Init)
    [Anonymous Symbol]                       0x08009158   Section        0  tim.o(.text.MX_TIM4_Init)
    [Anonymous Symbol]                       0x08009280   Section        0  tim.o(.text.MX_TIM5_Init)
    [Anonymous Symbol]                       0x08009300   Section        0  tim.o(.text.MX_TIM8_Init)
    [Anonymous Symbol]                       0x08009460   Section        0  usart.o(.text.MX_UART4_Init)
    [Anonymous Symbol]                       0x080094f0   Section        0  usart.o(.text.MX_UART5_Init)
    [Anonymous Symbol]                       0x08009580   Section        0  usart.o(.text.MX_UART7_Init)
    [Anonymous Symbol]                       0x08009610   Section        0  usart.o(.text.MX_UART8_Init)
    [Anonymous Symbol]                       0x080096a0   Section        0  usart.o(.text.MX_USART1_UART_Init)
    [Anonymous Symbol]                       0x08009730   Section        0  usart.o(.text.MX_USART2_UART_Init)
    [Anonymous Symbol]                       0x080097c0   Section        0  usart.o(.text.MX_USART3_UART_Init)
    [Anonymous Symbol]                       0x08009850   Section        0  usart.o(.text.MX_USART6_UART_Init)
    [Anonymous Symbol]                       0x080098e0   Section        0  stm32h7xx_it.o(.text.MemManage_Handler)
    [Anonymous Symbol]                       0x080098e8   Section        0  stm32h7xx_it.o(.text.NMI_Handler)
    NVIC_EncodePriority                      0x080098f1   Thumb Code   108  stm32h7xx_hal_cortex.o(.text.NVIC_EncodePriority)
    [Anonymous Symbol]                       0x080098f0   Section        0  stm32h7xx_hal_cortex.o(.text.NVIC_EncodePriority)
    [Anonymous Symbol]                       0x08009960   Section        0  stm32h7xx_it.o(.text.PendSV_Handler)
    [Anonymous Symbol]                       0x08009968   Section        0  main.o(.text.PeriphCommonClock_Config)
    RCCEx_PLL2_Config                        0x080099b9   Thumb Code   458  stm32h7xx_hal_rcc_ex.o(.text.RCCEx_PLL2_Config)
    [Anonymous Symbol]                       0x080099b8   Section        0  stm32h7xx_hal_rcc_ex.o(.text.RCCEx_PLL2_Config)
    RCCEx_PLL3_Config                        0x08009b89   Thumb Code   458  stm32h7xx_hal_rcc_ex.o(.text.RCCEx_PLL3_Config)
    [Anonymous Symbol]                       0x08009b88   Section        0  stm32h7xx_hal_rcc_ex.o(.text.RCCEx_PLL3_Config)
    SPI_GetPacketSize                        0x08009d59   Thumb Code    42  stm32h7xx_hal_spi.o(.text.SPI_GetPacketSize)
    [Anonymous Symbol]                       0x08009d58   Section        0  stm32h7xx_hal_spi.o(.text.SPI_GetPacketSize)
    [Anonymous Symbol]                       0x08009d88   Section        0  stm32h7xx_it.o(.text.SVC_Handler)
    SysTick_Config                           0x08009d91   Thumb Code    82  stm32h7xx_hal_cortex.o(.text.SysTick_Config)
    [Anonymous Symbol]                       0x08009d90   Section        0  stm32h7xx_hal_cortex.o(.text.SysTick_Config)
    [Anonymous Symbol]                       0x08009de8   Section        0  stm32h7xx_it.o(.text.SysTick_Handler)
    [Anonymous Symbol]                       0x08009df0   Section        0  main.o(.text.SystemClock_Config)
    [Anonymous Symbol]                       0x08009ed8   Section        0  system_stm32h7xx.o(.text.SystemInit)
    [Anonymous Symbol]                       0x0800a068   Section        0  stm32h7xx_hal_tim.o(.text.TIM_Base_SetConfig)
    [Anonymous Symbol]                       0x0800a210   Section        0  stm32h7xx_hal_tim.o(.text.TIM_ETR_SetConfig)
    TIM_ITRx_SetConfig                       0x0800a249   Thumb Code    48  stm32h7xx_hal_tim.o(.text.TIM_ITRx_SetConfig)
    [Anonymous Symbol]                       0x0800a248   Section        0  stm32h7xx_hal_tim.o(.text.TIM_ITRx_SetConfig)
    TIM_OC1_SetConfig                        0x0800a279   Thumb Code   336  stm32h7xx_hal_tim.o(.text.TIM_OC1_SetConfig)
    [Anonymous Symbol]                       0x0800a278   Section        0  stm32h7xx_hal_tim.o(.text.TIM_OC1_SetConfig)
    [Anonymous Symbol]                       0x0800a3c8   Section        0  stm32h7xx_hal_tim.o(.text.TIM_OC2_SetConfig)
    TIM_OC3_SetConfig                        0x0800a539   Thumb Code   362  stm32h7xx_hal_tim.o(.text.TIM_OC3_SetConfig)
    [Anonymous Symbol]                       0x0800a538   Section        0  stm32h7xx_hal_tim.o(.text.TIM_OC3_SetConfig)
    TIM_OC4_SetConfig                        0x0800a6a9   Thumb Code   218  stm32h7xx_hal_tim.o(.text.TIM_OC4_SetConfig)
    [Anonymous Symbol]                       0x0800a6a8   Section        0  stm32h7xx_hal_tim.o(.text.TIM_OC4_SetConfig)
    TIM_OC5_SetConfig                        0x0800a789   Thumb Code   208  stm32h7xx_hal_tim.o(.text.TIM_OC5_SetConfig)
    [Anonymous Symbol]                       0x0800a788   Section        0  stm32h7xx_hal_tim.o(.text.TIM_OC5_SetConfig)
    TIM_OC6_SetConfig                        0x0800a859   Thumb Code   210  stm32h7xx_hal_tim.o(.text.TIM_OC6_SetConfig)
    [Anonymous Symbol]                       0x0800a858   Section        0  stm32h7xx_hal_tim.o(.text.TIM_OC6_SetConfig)
    TIM_TI1_ConfigInputStage                 0x0800a931   Thumb Code    80  stm32h7xx_hal_tim.o(.text.TIM_TI1_ConfigInputStage)
    [Anonymous Symbol]                       0x0800a930   Section        0  stm32h7xx_hal_tim.o(.text.TIM_TI1_ConfigInputStage)
    TIM_TI2_ConfigInputStage                 0x0800a981   Thumb Code    82  stm32h7xx_hal_tim.o(.text.TIM_TI2_ConfigInputStage)
    [Anonymous Symbol]                       0x0800a980   Section        0  stm32h7xx_hal_tim.o(.text.TIM_TI2_ConfigInputStage)
    UARTEx_SetNbDataToProcess                0x0800a9d9   Thumb Code   134  stm32h7xx_hal_uart_ex.o(.text.UARTEx_SetNbDataToProcess)
    [Anonymous Symbol]                       0x0800a9d8   Section        0  stm32h7xx_hal_uart_ex.o(.text.UARTEx_SetNbDataToProcess)
    [Anonymous Symbol]                       0x0800aa60   Section        0  stm32h7xx_hal_uart.o(.text.UART_AdvFeatureConfig)
    [Anonymous Symbol]                       0x0800aba8   Section        0  stm32h7xx_hal_uart.o(.text.UART_CheckIdleState)
    UART_EndRxTransfer                       0x0800acf1   Thumb Code   158  stm32h7xx_hal_uart.o(.text.UART_EndRxTransfer)
    [Anonymous Symbol]                       0x0800acf0   Section        0  stm32h7xx_hal_uart.o(.text.UART_EndRxTransfer)
    [Anonymous Symbol]                       0x0800ad90   Section        0  stm32h7xx_hal_uart.o(.text.UART_SetConfig)
    [Anonymous Symbol]                       0x0800b6b8   Section        0  stm32h7xx_hal_uart.o(.text.UART_WaitOnFlagUntilTimeout)
    [Anonymous Symbol]                       0x0800b7c8   Section        0  stm32h7xx_it.o(.text.UsageFault_Handler)
    __NVIC_GetPriorityGrouping               0x0800b7d1   Thumb Code    16  stm32h7xx_hal_cortex.o(.text.__NVIC_GetPriorityGrouping)
    [Anonymous Symbol]                       0x0800b7d0   Section        0  stm32h7xx_hal_cortex.o(.text.__NVIC_GetPriorityGrouping)
    __NVIC_SetPriority                       0x0800b7e1   Thumb Code    66  stm32h7xx_hal_cortex.o(.text.__NVIC_SetPriority)
    [Anonymous Symbol]                       0x0800b7e0   Section        0  stm32h7xx_hal_cortex.o(.text.__NVIC_SetPriority)
    __NVIC_SetPriorityGrouping               0x0800b829   Thumb Code    60  stm32h7xx_hal_cortex.o(.text.__NVIC_SetPriorityGrouping)
    [Anonymous Symbol]                       0x0800b828   Section        0  stm32h7xx_hal_cortex.o(.text.__NVIC_SetPriorityGrouping)
    [Anonymous Symbol]                       0x0800b868   Section        0  main.o(.text.main)
    i.__scatterload_copy                     0x0800b900   Section       14  handlers.o(i.__scatterload_copy)
    i.__scatterload_null                     0x0800b90e   Section        2  handlers.o(i.__scatterload_null)
    i.__scatterload_zeroinit                 0x0800b910   Section       14  handlers.o(i.__scatterload_zeroinit)
    .L__const.HAL_FDCAN_Init.CvtEltSize      0x0800b920   Data          76  stm32h7xx_hal_fdcan.o(.rodata..L__const.HAL_FDCAN_Init.CvtEltSize)
    UARTEx_SetNbDataToProcess.denominator    0x0800b97c   Data           8  stm32h7xx_hal_uart_ex.o(.rodata.UARTEx_SetNbDataToProcess.denominator)
    [Anonymous Symbol]                       0x0800b97c   Section        0  stm32h7xx_hal_uart_ex.o(.rodata.UARTEx_SetNbDataToProcess.denominator)
    UARTEx_SetNbDataToProcess.numerator      0x0800b984   Data           8  stm32h7xx_hal_uart_ex.o(.rodata.UARTEx_SetNbDataToProcess.numerator)
    [Anonymous Symbol]                       0x0800b984   Section        0  stm32h7xx_hal_uart_ex.o(.rodata.UARTEx_SetNbDataToProcess.numerator)
    HAL_RCC_FDCAN_CLK_ENABLED                0x24000010   Data           4  fdcan.o(.bss.HAL_RCC_FDCAN_CLK_ENABLED)
    [Anonymous Symbol]                       0x24000010   Section        0  fdcan.o(.bss.HAL_RCC_FDCAN_CLK_ENABLED)
    STACK                                    0x24000db0   Section     1024  startup_stm32h743xx.o(STACK)

    Global Symbols

    Symbol Name                              Value     Ov Type        Size  Object(Section)

    BuildAttributes$$THM_ISAv4$E$P$D$K$B$S$7EM$VFPv5_D16$PE$PLD8$A:L22UL41UL21$X:L11$S22US41US21$IEEE1$IW$~IW$USESV6$~STKCKD$USESV7$~SHL$OSPACE$EBA8$MICROLIB$REQ8$PRES8$EABIv2 0x00000000   Number         0  anon$$obj.o ABSOLUTE
    __cpp_initialize__aeabi_                  - Undefined Weak Reference
    __cxa_finalize                            - Undefined Weak Reference
    __decompress                              - Undefined Weak Reference
    _clock_init                               - Undefined Weak Reference
    _microlib_exit                            - Undefined Weak Reference
    __Vectors_Size                           0x00000298   Number         0  startup_stm32h743xx.o ABSOLUTE
    __Vectors                                0x08000000   Data           4  startup_stm32h743xx.o(RESET)
    __Vectors_End                            0x08000298   Data           0  startup_stm32h743xx.o(RESET)
    __main                                   0x08000299   Thumb Code     0  entry.o(.ARM.Collect$$$$00000000)
    _main_stk                                0x08000299   Thumb Code     0  entry2.o(.ARM.Collect$$$$00000001)
    _main_scatterload                        0x0800029d   Thumb Code     0  entry5.o(.ARM.Collect$$$$00000004)
    __main_after_scatterload                 0x080002a1   Thumb Code     0  entry5.o(.ARM.Collect$$$$00000004)
    _main_clock                              0x080002a1   Thumb Code     0  entry7b.o(.ARM.Collect$$$$00000008)
    _main_cpp_init                           0x080002a1   Thumb Code     0  entry8b.o(.ARM.Collect$$$$0000000A)
    _main_init                               0x080002a1   Thumb Code     0  entry9a.o(.ARM.Collect$$$$0000000B)
    __rt_final_cpp                           0x080002a9   Thumb Code     0  entry10a.o(.ARM.Collect$$$$0000000D)
    __rt_final_exit                          0x080002a9   Thumb Code     0  entry11a.o(.ARM.Collect$$$$0000000F)
    Reset_Handler                            0x080002ad   Thumb Code    12  startup_stm32h743xx.o(.text)
    ADC3_IRQHandler                          0x080002cb   Thumb Code     0  startup_stm32h743xx.o(.text)
    ADC_IRQHandler                           0x080002cb   Thumb Code     0  startup_stm32h743xx.o(.text)
    BDMA_Channel0_IRQHandler                 0x080002cb   Thumb Code     0  startup_stm32h743xx.o(.text)
    BDMA_Channel1_IRQHandler                 0x080002cb   Thumb Code     0  startup_stm32h743xx.o(.text)
    BDMA_Channel2_IRQHandler                 0x080002cb   Thumb Code     0  startup_stm32h743xx.o(.text)
    BDMA_Channel3_IRQHandler                 0x080002cb   Thumb Code     0  startup_stm32h743xx.o(.text)
    BDMA_Channel4_IRQHandler                 0x080002cb   Thumb Code     0  startup_stm32h743xx.o(.text)
    BDMA_Channel5_IRQHandler                 0x080002cb   Thumb Code     0  startup_stm32h743xx.o(.text)
    BDMA_Channel6_IRQHandler                 0x080002cb   Thumb Code     0  startup_stm32h743xx.o(.text)
    BDMA_Channel7_IRQHandler                 0x080002cb   Thumb Code     0  startup_stm32h743xx.o(.text)
    CEC_IRQHandler                           0x080002cb   Thumb Code     0  startup_stm32h743xx.o(.text)
    COMP1_IRQHandler                         0x080002cb   Thumb Code     0  startup_stm32h743xx.o(.text)
    CRS_IRQHandler                           0x080002cb   Thumb Code     0  startup_stm32h743xx.o(.text)
    DCMI_IRQHandler                          0x080002cb   Thumb Code     0  startup_stm32h743xx.o(.text)
    DFSDM1_FLT0_IRQHandler                   0x080002cb   Thumb Code     0  startup_stm32h743xx.o(.text)
    DFSDM1_FLT1_IRQHandler                   0x080002cb   Thumb Code     0  startup_stm32h743xx.o(.text)
    DFSDM1_FLT2_IRQHandler                   0x080002cb   Thumb Code     0  startup_stm32h743xx.o(.text)
    DFSDM1_FLT3_IRQHandler                   0x080002cb   Thumb Code     0  startup_stm32h743xx.o(.text)
    DMA1_Stream0_IRQHandler                  0x080002cb   Thumb Code     0  startup_stm32h743xx.o(.text)
    DMA1_Stream1_IRQHandler                  0x080002cb   Thumb Code     0  startup_stm32h743xx.o(.text)
    DMA1_Stream2_IRQHandler                  0x080002cb   Thumb Code     0  startup_stm32h743xx.o(.text)
    DMA1_Stream3_IRQHandler                  0x080002cb   Thumb Code     0  startup_stm32h743xx.o(.text)
    DMA1_Stream4_IRQHandler                  0x080002cb   Thumb Code     0  startup_stm32h743xx.o(.text)
    DMA1_Stream5_IRQHandler                  0x080002cb   Thumb Code     0  startup_stm32h743xx.o(.text)
    DMA1_Stream6_IRQHandler                  0x080002cb   Thumb Code     0  startup_stm32h743xx.o(.text)
    DMA1_Stream7_IRQHandler                  0x080002cb   Thumb Code     0  startup_stm32h743xx.o(.text)
    DMA2D_IRQHandler                         0x080002cb   Thumb Code     0  startup_stm32h743xx.o(.text)
    DMA2_Stream0_IRQHandler                  0x080002cb   Thumb Code     0  startup_stm32h743xx.o(.text)
    DMA2_Stream1_IRQHandler                  0x080002cb   Thumb Code     0  startup_stm32h743xx.o(.text)
    DMA2_Stream2_IRQHandler                  0x080002cb   Thumb Code     0  startup_stm32h743xx.o(.text)
    DMA2_Stream3_IRQHandler                  0x080002cb   Thumb Code     0  startup_stm32h743xx.o(.text)
    DMA2_Stream4_IRQHandler                  0x080002cb   Thumb Code     0  startup_stm32h743xx.o(.text)
    DMA2_Stream5_IRQHandler                  0x080002cb   Thumb Code     0  startup_stm32h743xx.o(.text)
    DMA2_Stream6_IRQHandler                  0x080002cb   Thumb Code     0  startup_stm32h743xx.o(.text)
    DMA2_Stream7_IRQHandler                  0x080002cb   Thumb Code     0  startup_stm32h743xx.o(.text)
    DMAMUX1_OVR_IRQHandler                   0x080002cb   Thumb Code     0  startup_stm32h743xx.o(.text)
    DMAMUX2_OVR_IRQHandler                   0x080002cb   Thumb Code     0  startup_stm32h743xx.o(.text)
    ECC_IRQHandler                           0x080002cb   Thumb Code     0  startup_stm32h743xx.o(.text)
    ETH_IRQHandler                           0x080002cb   Thumb Code     0  startup_stm32h743xx.o(.text)
    ETH_WKUP_IRQHandler                      0x080002cb   Thumb Code     0  startup_stm32h743xx.o(.text)
    EXTI0_IRQHandler                         0x080002cb   Thumb Code     0  startup_stm32h743xx.o(.text)
    EXTI15_10_IRQHandler                     0x080002cb   Thumb Code     0  startup_stm32h743xx.o(.text)
    EXTI1_IRQHandler                         0x080002cb   Thumb Code     0  startup_stm32h743xx.o(.text)
    EXTI2_IRQHandler                         0x080002cb   Thumb Code     0  startup_stm32h743xx.o(.text)
    EXTI3_IRQHandler                         0x080002cb   Thumb Code     0  startup_stm32h743xx.o(.text)
    EXTI4_IRQHandler                         0x080002cb   Thumb Code     0  startup_stm32h743xx.o(.text)
    EXTI9_5_IRQHandler                       0x080002cb   Thumb Code     0  startup_stm32h743xx.o(.text)
    FDCAN1_IT0_IRQHandler                    0x080002cb   Thumb Code     0  startup_stm32h743xx.o(.text)
    FDCAN1_IT1_IRQHandler                    0x080002cb   Thumb Code     0  startup_stm32h743xx.o(.text)
    FDCAN2_IT0_IRQHandler                    0x080002cb   Thumb Code     0  startup_stm32h743xx.o(.text)
    FDCAN2_IT1_IRQHandler                    0x080002cb   Thumb Code     0  startup_stm32h743xx.o(.text)
    FDCAN_CAL_IRQHandler                     0x080002cb   Thumb Code     0  startup_stm32h743xx.o(.text)
    FLASH_IRQHandler                         0x080002cb   Thumb Code     0  startup_stm32h743xx.o(.text)
    FMC_IRQHandler                           0x080002cb   Thumb Code     0  startup_stm32h743xx.o(.text)
    FPU_IRQHandler                           0x080002cb   Thumb Code     0  startup_stm32h743xx.o(.text)
    HRTIM1_FLT_IRQHandler                    0x080002cb   Thumb Code     0  startup_stm32h743xx.o(.text)
    HRTIM1_Master_IRQHandler                 0x080002cb   Thumb Code     0  startup_stm32h743xx.o(.text)
    HRTIM1_TIMA_IRQHandler                   0x080002cb   Thumb Code     0  startup_stm32h743xx.o(.text)
    HRTIM1_TIMB_IRQHandler                   0x080002cb   Thumb Code     0  startup_stm32h743xx.o(.text)
    HRTIM1_TIMC_IRQHandler                   0x080002cb   Thumb Code     0  startup_stm32h743xx.o(.text)
    HRTIM1_TIMD_IRQHandler                   0x080002cb   Thumb Code     0  startup_stm32h743xx.o(.text)
    HRTIM1_TIME_IRQHandler                   0x080002cb   Thumb Code     0  startup_stm32h743xx.o(.text)
    HSEM1_IRQHandler                         0x080002cb   Thumb Code     0  startup_stm32h743xx.o(.text)
    I2C1_ER_IRQHandler                       0x080002cb   Thumb Code     0  startup_stm32h743xx.o(.text)
    I2C1_EV_IRQHandler                       0x080002cb   Thumb Code     0  startup_stm32h743xx.o(.text)
    I2C2_ER_IRQHandler                       0x080002cb   Thumb Code     0  startup_stm32h743xx.o(.text)
    I2C2_EV_IRQHandler                       0x080002cb   Thumb Code     0  startup_stm32h743xx.o(.text)
    I2C3_ER_IRQHandler                       0x080002cb   Thumb Code     0  startup_stm32h743xx.o(.text)
    I2C3_EV_IRQHandler                       0x080002cb   Thumb Code     0  startup_stm32h743xx.o(.text)
    I2C4_ER_IRQHandler                       0x080002cb   Thumb Code     0  startup_stm32h743xx.o(.text)
    I2C4_EV_IRQHandler                       0x080002cb   Thumb Code     0  startup_stm32h743xx.o(.text)
    JPEG_IRQHandler                          0x080002cb   Thumb Code     0  startup_stm32h743xx.o(.text)
    LPTIM1_IRQHandler                        0x080002cb   Thumb Code     0  startup_stm32h743xx.o(.text)
    LPTIM2_IRQHandler                        0x080002cb   Thumb Code     0  startup_stm32h743xx.o(.text)
    LPTIM3_IRQHandler                        0x080002cb   Thumb Code     0  startup_stm32h743xx.o(.text)
    LPTIM4_IRQHandler                        0x080002cb   Thumb Code     0  startup_stm32h743xx.o(.text)
    LPTIM5_IRQHandler                        0x080002cb   Thumb Code     0  startup_stm32h743xx.o(.text)
    LPUART1_IRQHandler                       0x080002cb   Thumb Code     0  startup_stm32h743xx.o(.text)
    LTDC_ER_IRQHandler                       0x080002cb   Thumb Code     0  startup_stm32h743xx.o(.text)
    LTDC_IRQHandler                          0x080002cb   Thumb Code     0  startup_stm32h743xx.o(.text)
    MDIOS_IRQHandler                         0x080002cb   Thumb Code     0  startup_stm32h743xx.o(.text)
    MDIOS_WKUP_IRQHandler                    0x080002cb   Thumb Code     0  startup_stm32h743xx.o(.text)
    MDMA_IRQHandler                          0x080002cb   Thumb Code     0  startup_stm32h743xx.o(.text)
    OTG_FS_EP1_IN_IRQHandler                 0x080002cb   Thumb Code     0  startup_stm32h743xx.o(.text)
    OTG_FS_EP1_OUT_IRQHandler                0x080002cb   Thumb Code     0  startup_stm32h743xx.o(.text)
    OTG_FS_IRQHandler                        0x080002cb   Thumb Code     0  startup_stm32h743xx.o(.text)
    OTG_FS_WKUP_IRQHandler                   0x080002cb   Thumb Code     0  startup_stm32h743xx.o(.text)
    OTG_HS_EP1_IN_IRQHandler                 0x080002cb   Thumb Code     0  startup_stm32h743xx.o(.text)
    OTG_HS_EP1_OUT_IRQHandler                0x080002cb   Thumb Code     0  startup_stm32h743xx.o(.text)
    OTG_HS_IRQHandler                        0x080002cb   Thumb Code     0  startup_stm32h743xx.o(.text)
    OTG_HS_WKUP_IRQHandler                   0x080002cb   Thumb Code     0  startup_stm32h743xx.o(.text)
    PVD_AVD_IRQHandler                       0x080002cb   Thumb Code     0  startup_stm32h743xx.o(.text)
    QUADSPI_IRQHandler                       0x080002cb   Thumb Code     0  startup_stm32h743xx.o(.text)
    RCC_IRQHandler                           0x080002cb   Thumb Code     0  startup_stm32h743xx.o(.text)
    RNG_IRQHandler                           0x080002cb   Thumb Code     0  startup_stm32h743xx.o(.text)
    RTC_Alarm_IRQHandler                     0x080002cb   Thumb Code     0  startup_stm32h743xx.o(.text)
    RTC_WKUP_IRQHandler                      0x080002cb   Thumb Code     0  startup_stm32h743xx.o(.text)
    SAI1_IRQHandler                          0x080002cb   Thumb Code     0  startup_stm32h743xx.o(.text)
    SAI2_IRQHandler                          0x080002cb   Thumb Code     0  startup_stm32h743xx.o(.text)
    SAI3_IRQHandler                          0x080002cb   Thumb Code     0  startup_stm32h743xx.o(.text)
    SAI4_IRQHandler                          0x080002cb   Thumb Code     0  startup_stm32h743xx.o(.text)
    SDMMC1_IRQHandler                        0x080002cb   Thumb Code     0  startup_stm32h743xx.o(.text)
    SDMMC2_IRQHandler                        0x080002cb   Thumb Code     0  startup_stm32h743xx.o(.text)
    SPDIF_RX_IRQHandler                      0x080002cb   Thumb Code     0  startup_stm32h743xx.o(.text)
    SPI1_IRQHandler                          0x080002cb   Thumb Code     0  startup_stm32h743xx.o(.text)
    SPI2_IRQHandler                          0x080002cb   Thumb Code     0  startup_stm32h743xx.o(.text)
    SPI3_IRQHandler                          0x080002cb   Thumb Code     0  startup_stm32h743xx.o(.text)
    SPI4_IRQHandler                          0x080002cb   Thumb Code     0  startup_stm32h743xx.o(.text)
    SPI5_IRQHandler                          0x080002cb   Thumb Code     0  startup_stm32h743xx.o(.text)
    SPI6_IRQHandler                          0x080002cb   Thumb Code     0  startup_stm32h743xx.o(.text)
    SWPMI1_IRQHandler                        0x080002cb   Thumb Code     0  startup_stm32h743xx.o(.text)
    TAMP_STAMP_IRQHandler                    0x080002cb   Thumb Code     0  startup_stm32h743xx.o(.text)
    TIM15_IRQHandler                         0x080002cb   Thumb Code     0  startup_stm32h743xx.o(.text)
    TIM16_IRQHandler                         0x080002cb   Thumb Code     0  startup_stm32h743xx.o(.text)
    TIM17_IRQHandler                         0x080002cb   Thumb Code     0  startup_stm32h743xx.o(.text)
    TIM1_BRK_IRQHandler                      0x080002cb   Thumb Code     0  startup_stm32h743xx.o(.text)
    TIM1_CC_IRQHandler                       0x080002cb   Thumb Code     0  startup_stm32h743xx.o(.text)
    TIM1_TRG_COM_IRQHandler                  0x080002cb   Thumb Code     0  startup_stm32h743xx.o(.text)
    TIM1_UP_IRQHandler                       0x080002cb   Thumb Code     0  startup_stm32h743xx.o(.text)
    TIM2_IRQHandler                          0x080002cb   Thumb Code     0  startup_stm32h743xx.o(.text)
    TIM3_IRQHandler                          0x080002cb   Thumb Code     0  startup_stm32h743xx.o(.text)
    TIM4_IRQHandler                          0x080002cb   Thumb Code     0  startup_stm32h743xx.o(.text)
    TIM5_IRQHandler                          0x080002cb   Thumb Code     0  startup_stm32h743xx.o(.text)
    TIM6_DAC_IRQHandler                      0x080002cb   Thumb Code     0  startup_stm32h743xx.o(.text)
    TIM7_IRQHandler                          0x080002cb   Thumb Code     0  startup_stm32h743xx.o(.text)
    TIM8_BRK_TIM12_IRQHandler                0x080002cb   Thumb Code     0  startup_stm32h743xx.o(.text)
    TIM8_CC_IRQHandler                       0x080002cb   Thumb Code     0  startup_stm32h743xx.o(.text)
    TIM8_TRG_COM_TIM14_IRQHandler            0x080002cb   Thumb Code     0  startup_stm32h743xx.o(.text)
    TIM8_UP_TIM13_IRQHandler                 0x080002cb   Thumb Code     0  startup_stm32h743xx.o(.text)
    UART4_IRQHandler                         0x080002cb   Thumb Code     0  startup_stm32h743xx.o(.text)
    UART5_IRQHandler                         0x080002cb   Thumb Code     0  startup_stm32h743xx.o(.text)
    UART7_IRQHandler                         0x080002cb   Thumb Code     0  startup_stm32h743xx.o(.text)
    UART8_IRQHandler                         0x080002cb   Thumb Code     0  startup_stm32h743xx.o(.text)
    USART1_IRQHandler                        0x080002cb   Thumb Code     0  startup_stm32h743xx.o(.text)
    USART2_IRQHandler                        0x080002cb   Thumb Code     0  startup_stm32h743xx.o(.text)
    USART3_IRQHandler                        0x080002cb   Thumb Code     0  startup_stm32h743xx.o(.text)
    USART6_IRQHandler                        0x080002cb   Thumb Code     0  startup_stm32h743xx.o(.text)
    WAKEUP_PIN_IRQHandler                    0x080002cb   Thumb Code     0  startup_stm32h743xx.o(.text)
    WWDG_IRQHandler                          0x080002cb   Thumb Code     0  startup_stm32h743xx.o(.text)
    __aeabi_uldivmod                         0x080002d9   Thumb Code    98  uldiv.o(.text)
    __aeabi_memcpy                           0x0800033b   Thumb Code    36  memcpya.o(.text)
    __aeabi_memcpy4                          0x0800033b   Thumb Code     0  memcpya.o(.text)
    __aeabi_memcpy8                          0x0800033b   Thumb Code     0  memcpya.o(.text)
    __aeabi_memset                           0x0800035f   Thumb Code    14  memseta.o(.text)
    __aeabi_memset4                          0x0800035f   Thumb Code     0  memseta.o(.text)
    __aeabi_memset8                          0x0800035f   Thumb Code     0  memseta.o(.text)
    __aeabi_memclr                           0x0800036d   Thumb Code     4  memseta.o(.text)
    __aeabi_memclr4                          0x0800036d   Thumb Code     0  memseta.o(.text)
    __aeabi_memclr8                          0x0800036d   Thumb Code     0  memseta.o(.text)
    _memset$wrapper                          0x08000371   Thumb Code    18  memseta.o(.text)
    __aeabi_llsl                             0x08000383   Thumb Code    30  llshl.o(.text)
    _ll_shift_l                              0x08000383   Thumb Code     0  llshl.o(.text)
    __aeabi_llsr                             0x080003a1   Thumb Code    32  llushr.o(.text)
    _ll_ushift_r                             0x080003a1   Thumb Code     0  llushr.o(.text)
    __scatterload                            0x080003c1   Thumb Code    38  init.o(.text)
    __scatterload_rt2                        0x080003c1   Thumb Code     0  init.o(.text)
    ADC_ConfigureBoostMode                   0x080003f1   Thumb Code   536  stm32h7xx_hal_adc.o(.text.ADC_ConfigureBoostMode)
    BusFault_Handler                         0x08000609   Thumb Code     4  stm32h7xx_it.o(.text.BusFault_Handler)
    DebugMon_Handler                         0x08000611   Thumb Code     2  stm32h7xx_it.o(.text.DebugMon_Handler)
    Error_Handler                            0x08000619   Thumb Code    14  main.o(.text.Error_Handler)
    ExitRun0Mode                             0x08000629   Thumb Code    40  system_stm32h7xx.o(.text.ExitRun0Mode)
    HAL_ADCEx_MultiModeConfigChannel         0x08000919   Thumb Code   658  stm32h7xx_hal_adc_ex.o(.text.HAL_ADCEx_MultiModeConfigChannel)
    HAL_ADC_ConfigChannel                    0x08000bb1   Thumb Code  2162  stm32h7xx_hal_adc.o(.text.HAL_ADC_ConfigChannel)
    HAL_ADC_Init                             0x08001429   Thumb Code   968  stm32h7xx_hal_adc.o(.text.HAL_ADC_Init)
    HAL_ADC_MspInit                          0x080017f1   Thumb Code   530  adc.o(.text.HAL_ADC_MspInit)
    HAL_DAC_ConfigChannel                    0x08001a09   Thumb Code   704  stm32h7xx_hal_dac.o(.text.HAL_DAC_ConfigChannel)
    HAL_DAC_Init                             0x08001cc9   Thumb Code    74  stm32h7xx_hal_dac.o(.text.HAL_DAC_Init)
    HAL_DAC_MspInit                          0x08001d19   Thumb Code   126  dac.o(.text.HAL_DAC_MspInit)
    HAL_FDCAN_Init                           0x08001d99   Thumb Code   992  stm32h7xx_hal_fdcan.o(.text.HAL_FDCAN_Init)
    HAL_FDCAN_MspInit                        0x08002179   Thumb Code   364  fdcan.o(.text.HAL_FDCAN_MspInit)
    HAL_GPIO_Init                            0x080022e9   Thumb Code   964  stm32h7xx_hal_gpio.o(.text.HAL_GPIO_Init)
    HAL_GPIO_WritePin                        0x080026b1   Thumb Code    46  stm32h7xx_hal_gpio.o(.text.HAL_GPIO_WritePin)
    HAL_GetREVID                             0x080026e1   Thumb Code    14  stm32h7xx_hal.o(.text.HAL_GetREVID)
    HAL_GetTick                              0x080026f1   Thumb Code    12  stm32h7xx_hal.o(.text.HAL_GetTick)
    HAL_I2CEx_ConfigAnalogFilter             0x08002701   Thumb Code   152  stm32h7xx_hal_i2c_ex.o(.text.HAL_I2CEx_ConfigAnalogFilter)
    HAL_I2CEx_ConfigDigitalFilter            0x08002799   Thumb Code   162  stm32h7xx_hal_i2c_ex.o(.text.HAL_I2CEx_ConfigDigitalFilter)
    HAL_I2C_Init                             0x08002841   Thumb Code   276  stm32h7xx_hal_i2c.o(.text.HAL_I2C_Init)
    HAL_I2C_MspInit                          0x08002959   Thumb Code   664  i2c.o(.text.HAL_I2C_MspInit)
    HAL_IncTick                              0x08002bf1   Thumb Code    26  stm32h7xx_hal.o(.text.HAL_IncTick)
    HAL_Init                                 0x08002c11   Thumb Code   122  stm32h7xx_hal.o(.text.HAL_Init)
    HAL_InitTick                             0x08002c91   Thumb Code   134  stm32h7xx_hal.o(.text.HAL_InitTick)
    HAL_MPU_ConfigRegion                     0x08002d19   Thumb Code   128  stm32h7xx_hal_cortex.o(.text.HAL_MPU_ConfigRegion)
    HAL_MPU_Disable                          0x08002d99   Thumb Code    34  stm32h7xx_hal_cortex.o(.text.HAL_MPU_Disable)
    HAL_MPU_Enable                           0x08002dc1   Thumb Code    48  stm32h7xx_hal_cortex.o(.text.HAL_MPU_Enable)
    HAL_MspInit                              0x08002df1   Thumb Code    36  stm32h7xx_hal_msp.o(.text.HAL_MspInit)
    HAL_NVIC_SetPriority                     0x08002e19   Thumb Code    46  stm32h7xx_hal_cortex.o(.text.HAL_NVIC_SetPriority)
    HAL_NVIC_SetPriorityGrouping             0x08002e49   Thumb Code    16  stm32h7xx_hal_cortex.o(.text.HAL_NVIC_SetPriorityGrouping)
    HAL_PWREx_ConfigSupply                   0x08002e59   Thumb Code   162  stm32h7xx_hal_pwr_ex.o(.text.HAL_PWREx_ConfigSupply)
    HAL_RCCEx_GetD3PCLK1Freq                 0x08002f01   Thumb Code    38  stm32h7xx_hal_rcc_ex.o(.text.HAL_RCCEx_GetD3PCLK1Freq)
    HAL_RCCEx_GetPLL1ClockFreq               0x08002f29   Thumb Code   668  stm32h7xx_hal_rcc_ex.o(.text.HAL_RCCEx_GetPLL1ClockFreq)
    HAL_RCCEx_GetPLL2ClockFreq               0x080031d9   Thumb Code   668  stm32h7xx_hal_rcc_ex.o(.text.HAL_RCCEx_GetPLL2ClockFreq)
    HAL_RCCEx_GetPLL3ClockFreq               0x08003489   Thumb Code   668  stm32h7xx_hal_rcc_ex.o(.text.HAL_RCCEx_GetPLL3ClockFreq)
    HAL_RCCEx_GetPeriphCLKFreq               0x08003739   Thumb Code  3146  stm32h7xx_hal_rcc_ex.o(.text.HAL_RCCEx_GetPeriphCLKFreq)
    HAL_RCCEx_PeriphCLKConfig                0x08004389   Thumb Code  4256  stm32h7xx_hal_rcc_ex.o(.text.HAL_RCCEx_PeriphCLKConfig)
    HAL_RCC_ClockConfig                      0x08005429   Thumb Code  1176  stm32h7xx_hal_rcc.o(.text.HAL_RCC_ClockConfig)
    HAL_RCC_GetHCLKFreq                      0x080058c1   Thumb Code    86  stm32h7xx_hal_rcc.o(.text.HAL_RCC_GetHCLKFreq)
    HAL_RCC_GetPCLK1Freq                     0x08005919   Thumb Code    38  stm32h7xx_hal_rcc.o(.text.HAL_RCC_GetPCLK1Freq)
    HAL_RCC_GetPCLK2Freq                     0x08005941   Thumb Code    38  stm32h7xx_hal_rcc.o(.text.HAL_RCC_GetPCLK2Freq)
    HAL_RCC_GetSysClockFreq                  0x08005969   Thumb Code   768  stm32h7xx_hal_rcc.o(.text.HAL_RCC_GetSysClockFreq)
    HAL_RCC_OscConfig                        0x08005c79   Thumb Code  2904  stm32h7xx_hal_rcc.o(.text.HAL_RCC_OscConfig)
    HAL_SPI_Init                             0x080067d1   Thumb Code   658  stm32h7xx_hal_spi.o(.text.HAL_SPI_Init)
    HAL_SPI_MspInit                          0x08006a69   Thumb Code  1102  spi.o(.text.HAL_SPI_MspInit)
    HAL_SYSCFG_AnalogSwitchConfig            0x08006eb9   Thumb Code    30  stm32h7xx_hal.o(.text.HAL_SYSCFG_AnalogSwitchConfig)
    HAL_SYSTICK_Config                       0x08006ed9   Thumb Code    16  stm32h7xx_hal_cortex.o(.text.HAL_SYSTICK_Config)
    HAL_TIMEx_ConfigBreakDeadTime            0x08006ee9   Thumb Code   274  stm32h7xx_hal_tim_ex.o(.text.HAL_TIMEx_ConfigBreakDeadTime)
    HAL_TIMEx_MasterConfigSynchronization    0x08007001   Thumb Code   344  stm32h7xx_hal_tim_ex.o(.text.HAL_TIMEx_MasterConfigSynchronization)
    HAL_TIM_Base_Init                        0x08007159   Thumb Code   168  stm32h7xx_hal_tim.o(.text.HAL_TIM_Base_Init)
    HAL_TIM_Base_MspInit                     0x08007201   Thumb Code   206  tim.o(.text.HAL_TIM_Base_MspInit)
    HAL_TIM_ConfigClockSource                0x080072d1   Thumb Code   464  stm32h7xx_hal_tim.o(.text.HAL_TIM_ConfigClockSource)
    HAL_TIM_Encoder_Init                     0x080074a1   Thumb Code   308  stm32h7xx_hal_tim.o(.text.HAL_TIM_Encoder_Init)
    HAL_TIM_Encoder_MspInit                  0x080075d9   Thumb Code   242  tim.o(.text.HAL_TIM_Encoder_MspInit)
    HAL_TIM_MspPostInit                      0x080076d1   Thumb Code   272  tim.o(.text.HAL_TIM_MspPostInit)
    HAL_TIM_PWM_ConfigChannel                0x080077e1   Thumb Code   432  stm32h7xx_hal_tim.o(.text.HAL_TIM_PWM_ConfigChannel)
    HAL_TIM_PWM_Init                         0x08007991   Thumb Code   168  stm32h7xx_hal_tim.o(.text.HAL_TIM_PWM_Init)
    HAL_TIM_PWM_MspInit                      0x08007a39   Thumb Code     8  stm32h7xx_hal_tim.o(.text.HAL_TIM_PWM_MspInit)
    HAL_UARTEx_DisableFifoMode               0x08007a41   Thumb Code   124  stm32h7xx_hal_uart_ex.o(.text.HAL_UARTEx_DisableFifoMode)
    HAL_UARTEx_SetRxFifoThreshold            0x08007ac1   Thumb Code   140  stm32h7xx_hal_uart_ex.o(.text.HAL_UARTEx_SetRxFifoThreshold)
    HAL_UARTEx_SetTxFifoThreshold            0x08007b51   Thumb Code   140  stm32h7xx_hal_uart_ex.o(.text.HAL_UARTEx_SetTxFifoThreshold)
    HAL_UART_Init                            0x08007be1   Thumb Code   170  stm32h7xx_hal_uart.o(.text.HAL_UART_Init)
    HAL_UART_MspInit                         0x08007c91   Thumb Code  1368  usart.o(.text.HAL_UART_MspInit)
    HardFault_Handler                        0x080081e9   Thumb Code     4  stm32h7xx_it.o(.text.HardFault_Handler)
    MX_ADC1_Init                             0x080084d9   Thumb Code   186  adc.o(.text.MX_ADC1_Init)
    MX_ADC3_Init                             0x08008599   Thumb Code   150  adc.o(.text.MX_ADC3_Init)
    MX_DAC1_Init                             0x08008631   Thumb Code   112  dac.o(.text.MX_DAC1_Init)
    MX_FDCAN1_Init                           0x080086a1   Thumb Code   106  fdcan.o(.text.MX_FDCAN1_Init)
    MX_FDCAN2_Init                           0x08008711   Thumb Code   106  fdcan.o(.text.MX_FDCAN2_Init)
    MX_GPIO_Init                             0x08008781   Thumb Code   612  gpio.o(.text.MX_GPIO_Init)
    MX_I2C1_Init                             0x080089e9   Thumb Code   118  i2c.o(.text.MX_I2C1_Init)
    MX_I2C2_Init                             0x08008a61   Thumb Code   118  i2c.o(.text.MX_I2C2_Init)
    MX_I2C3_Init                             0x08008ad9   Thumb Code   118  i2c.o(.text.MX_I2C3_Init)
    MX_I2C4_Init                             0x08008b51   Thumb Code   118  i2c.o(.text.MX_I2C4_Init)
    MX_LPUART1_UART_Init                     0x08008bc9   Thumb Code   146  usart.o(.text.MX_LPUART1_UART_Init)
    MX_SPI1_Init                             0x08008c61   Thumb Code   106  spi.o(.text.MX_SPI1_Init)
    MX_SPI2_Init                             0x08008cd1   Thumb Code   106  spi.o(.text.MX_SPI2_Init)
    MX_SPI3_Init                             0x08008d41   Thumb Code   102  spi.o(.text.MX_SPI3_Init)
    MX_SPI4_Init                             0x08008da9   Thumb Code   102  spi.o(.text.MX_SPI4_Init)
    MX_SPI5_Init                             0x08008e11   Thumb Code   102  spi.o(.text.MX_SPI5_Init)
    MX_SPI6_Init                             0x08008e79   Thumb Code   102  spi.o(.text.MX_SPI6_Init)
    MX_TIM1_Init                             0x08008ee1   Thumb Code   372  tim.o(.text.MX_TIM1_Init)
    MX_TIM2_Init                             0x08009059   Thumb Code   128  tim.o(.text.MX_TIM2_Init)
    MX_TIM3_Init                             0x080090d9   Thumb Code   126  tim.o(.text.MX_TIM3_Init)
    MX_TIM4_Init                             0x08009159   Thumb Code   294  tim.o(.text.MX_TIM4_Init)
    MX_TIM5_Init                             0x08009281   Thumb Code   126  tim.o(.text.MX_TIM5_Init)
    MX_TIM8_Init                             0x08009301   Thumb Code   348  tim.o(.text.MX_TIM8_Init)
    MX_UART4_Init                            0x08009461   Thumb Code   142  usart.o(.text.MX_UART4_Init)
    MX_UART5_Init                            0x080094f1   Thumb Code   142  usart.o(.text.MX_UART5_Init)
    MX_UART7_Init                            0x08009581   Thumb Code   142  usart.o(.text.MX_UART7_Init)
    MX_UART8_Init                            0x08009611   Thumb Code   142  usart.o(.text.MX_UART8_Init)
    MX_USART1_UART_Init                      0x080096a1   Thumb Code   142  usart.o(.text.MX_USART1_UART_Init)
    MX_USART2_UART_Init                      0x08009731   Thumb Code   142  usart.o(.text.MX_USART2_UART_Init)
    MX_USART3_UART_Init                      0x080097c1   Thumb Code   142  usart.o(.text.MX_USART3_UART_Init)
    MX_USART6_UART_Init                      0x08009851   Thumb Code   142  usart.o(.text.MX_USART6_UART_Init)
    MemManage_Handler                        0x080098e1   Thumb Code     4  stm32h7xx_it.o(.text.MemManage_Handler)
    NMI_Handler                              0x080098e9   Thumb Code     4  stm32h7xx_it.o(.text.NMI_Handler)
    PendSV_Handler                           0x08009961   Thumb Code     2  stm32h7xx_it.o(.text.PendSV_Handler)
    PeriphCommonClock_Config                 0x08009969   Thumb Code    76  main.o(.text.PeriphCommonClock_Config)
    SVC_Handler                              0x08009d89   Thumb Code     2  stm32h7xx_it.o(.text.SVC_Handler)
    SysTick_Handler                          0x08009de9   Thumb Code     8  stm32h7xx_it.o(.text.SysTick_Handler)
    SystemClock_Config                       0x08009df1   Thumb Code   230  main.o(.text.SystemClock_Config)
    SystemInit                               0x08009ed9   Thumb Code   396  system_stm32h7xx.o(.text.SystemInit)
    TIM_Base_SetConfig                       0x0800a069   Thumb Code   420  stm32h7xx_hal_tim.o(.text.TIM_Base_SetConfig)
    TIM_ETR_SetConfig                        0x0800a211   Thumb Code    52  stm32h7xx_hal_tim.o(.text.TIM_ETR_SetConfig)
    TIM_OC2_SetConfig                        0x0800a3c9   Thumb Code   364  stm32h7xx_hal_tim.o(.text.TIM_OC2_SetConfig)
    UART_AdvFeatureConfig                    0x0800aa61   Thumb Code   328  stm32h7xx_hal_uart.o(.text.UART_AdvFeatureConfig)
    UART_CheckIdleState                      0x0800aba9   Thumb Code   326  stm32h7xx_hal_uart.o(.text.UART_CheckIdleState)
    UART_SetConfig                           0x0800ad91   Thumb Code  2338  stm32h7xx_hal_uart.o(.text.UART_SetConfig)
    UART_WaitOnFlagUntilTimeout              0x0800b6b9   Thumb Code   268  stm32h7xx_hal_uart.o(.text.UART_WaitOnFlagUntilTimeout)
    UsageFault_Handler                       0x0800b7c9   Thumb Code     4  stm32h7xx_it.o(.text.UsageFault_Handler)
    main                                     0x0800b869   Thumb Code   152  main.o(.text.main)
    __scatterload_copy                       0x0800b901   Thumb Code    14  handlers.o(i.__scatterload_copy)
    __scatterload_null                       0x0800b90f   Thumb Code     2  handlers.o(i.__scatterload_null)
    __scatterload_zeroinit                   0x0800b911   Thumb Code    14  handlers.o(i.__scatterload_zeroinit)
    D1CorePrescTable                         0x0800b96c   Data          16  system_stm32h7xx.o(.rodata.D1CorePrescTable)
    UARTPrescTable                           0x0800b98c   Data          24  stm32h7xx_hal_uart.o(.rodata.UARTPrescTable)
    Region$$Table$$Base                      0x0800b9a4   Number         0  anon$$obj.o(Region$$Table)
    Region$$Table$$Limit                     0x0800b9c4   Number         0  anon$$obj.o(Region$$Table)
    SystemCoreClock                          0x24000000   Data           4  system_stm32h7xx.o(.data.SystemCoreClock)
    SystemD2Clock                            0x24000004   Data           4  system_stm32h7xx.o(.data.SystemD2Clock)
    uwTickFreq                               0x24000008   Data           1  stm32h7xx_hal.o(.data.uwTickFreq)
    uwTickPrio                               0x2400000c   Data           4  stm32h7xx_hal.o(.data.uwTickPrio)
    hadc1                                    0x24000014   Data         100  adc.o(.bss.hadc1)
    hadc3                                    0x24000078   Data         100  adc.o(.bss.hadc3)
    hdac1                                    0x240000dc   Data          20  dac.o(.bss.hdac1)
    hfdcan1                                  0x240000f0   Data         160  fdcan.o(.bss.hfdcan1)
    hfdcan2                                  0x24000190   Data         160  fdcan.o(.bss.hfdcan2)
    hi2c1                                    0x24000230   Data          84  i2c.o(.bss.hi2c1)
    hi2c2                                    0x24000284   Data          84  i2c.o(.bss.hi2c2)
    hi2c3                                    0x240002d8   Data          84  i2c.o(.bss.hi2c3)
    hi2c4                                    0x2400032c   Data          84  i2c.o(.bss.hi2c4)
    hlpuart1                                 0x24000380   Data         148  usart.o(.bss.hlpuart1)
    hspi1                                    0x24000414   Data         136  spi.o(.bss.hspi1)
    hspi2                                    0x2400049c   Data         136  spi.o(.bss.hspi2)
    hspi3                                    0x24000524   Data         136  spi.o(.bss.hspi3)
    hspi4                                    0x240005ac   Data         136  spi.o(.bss.hspi4)
    hspi5                                    0x24000634   Data         136  spi.o(.bss.hspi5)
    hspi6                                    0x240006bc   Data         136  spi.o(.bss.hspi6)
    htim1                                    0x24000744   Data          76  tim.o(.bss.htim1)
    htim2                                    0x24000790   Data          76  tim.o(.bss.htim2)
    htim3                                    0x240007dc   Data          76  tim.o(.bss.htim3)
    htim4                                    0x24000828   Data          76  tim.o(.bss.htim4)
    htim5                                    0x24000874   Data          76  tim.o(.bss.htim5)
    htim8                                    0x240008c0   Data          76  tim.o(.bss.htim8)
    huart1                                   0x2400090c   Data         148  usart.o(.bss.huart1)
    huart2                                   0x240009a0   Data         148  usart.o(.bss.huart2)
    huart3                                   0x24000a34   Data         148  usart.o(.bss.huart3)
    huart4                                   0x24000ac8   Data         148  usart.o(.bss.huart4)
    huart5                                   0x24000b5c   Data         148  usart.o(.bss.huart5)
    huart6                                   0x24000bf0   Data         148  usart.o(.bss.huart6)
    huart7                                   0x24000c84   Data         148  usart.o(.bss.huart7)
    huart8                                   0x24000d18   Data         148  usart.o(.bss.huart8)
    uwTick                                   0x24000dac   Data           4  stm32h7xx_hal.o(.bss.uwTick)
    __initial_sp                             0x240011b0   Data           0  startup_stm32h743xx.o(STACK)



==============================================================================

Memory Map of the image

  Image Entry point : 0x08000299

  Load Region LR_IROM1 (Base: 0x08000000, Size: 0x0000b9d8, Max: 0x00200000, ABSOLUTE)

    Execution Region ER_IROM1 (Exec base: 0x08000000, Load base: 0x08000000, Size: 0x0000b9c4, Max: 0x00200000, ABSOLUTE)

    Exec Addr    Load Addr    Size         Type   Attr      Idx    E Section Name        Object

    0x08000000   0x08000000   0x00000298   Data   RO            3    RESET               startup_stm32h743xx.o
    0x08000298   0x08000298   0x00000000   Code   RO         2373  * .ARM.Collect$$$$00000000  mc_w.l(entry.o)
    0x08000298   0x08000298   0x00000004   Code   RO         2384    .ARM.Collect$$$$00000001  mc_w.l(entry2.o)
    0x0800029c   0x0800029c   0x00000004   Code   RO         2387    .ARM.Collect$$$$00000004  mc_w.l(entry5.o)
    0x080002a0   0x080002a0   0x00000000   Code   RO         2389    .ARM.Collect$$$$00000008  mc_w.l(entry7b.o)
    0x080002a0   0x080002a0   0x00000000   Code   RO         2391    .ARM.Collect$$$$0000000A  mc_w.l(entry8b.o)
    0x080002a0   0x080002a0   0x00000008   Code   RO         2392    .ARM.Collect$$$$0000000B  mc_w.l(entry9a.o)
    0x080002a8   0x080002a8   0x00000000   Code   RO         2394    .ARM.Collect$$$$0000000D  mc_w.l(entry10a.o)
    0x080002a8   0x080002a8   0x00000000   Code   RO         2396    .ARM.Collect$$$$0000000F  mc_w.l(entry11a.o)
    0x080002a8   0x080002a8   0x00000004   Code   RO         2385    .ARM.Collect$$$$00002712  mc_w.l(entry2.o)
    0x080002ac   0x080002ac   0x0000002c   Code   RO            4    .text               startup_stm32h743xx.o
    0x080002d8   0x080002d8   0x00000062   Code   RO         2376    .text               mc_w.l(uldiv.o)
    0x0800033a   0x0800033a   0x00000024   Code   RO         2378    .text               mc_w.l(memcpya.o)
    0x0800035e   0x0800035e   0x00000024   Code   RO         2380    .text               mc_w.l(memseta.o)
    0x08000382   0x08000382   0x0000001e   Code   RO         2398    .text               mc_w.l(llshl.o)
    0x080003a0   0x080003a0   0x00000020   Code   RO         2400    .text               mc_w.l(llushr.o)
    0x080003c0   0x080003c0   0x00000030   Code   RO         2402    .text               mc_w.l(init.o)
    0x080003f0   0x080003f0   0x00000218   Code   RO          265    .text.ADC_ConfigureBoostMode  stm32h7xx_hal_adc.o
    0x08000608   0x08000608   0x00000004   Code   RO          218    .text.BusFault_Handler  stm32h7xx_it.o
    0x0800060c   0x0800060c   0x00000004   PAD
    0x08000610   0x08000610   0x00000002   Code   RO          224    .text.DebugMon_Handler  stm32h7xx_it.o
    0x08000612   0x08000612   0x00000006   PAD
    0x08000618   0x08000618   0x0000000e   Code   RO           19    .text.Error_Handler  main.o
    0x08000626   0x08000626   0x00000002   PAD
    0x08000628   0x08000628   0x00000028   Code   RO         2362    .text.ExitRun0Mode  system_stm32h7xx.o
    0x08000650   0x08000650   0x000002c2   Code   RO         1492    .text.FDCAN_CalcultateRamBlockAddresses  stm32h7xx_hal_fdcan.o
    0x08000912   0x08000912   0x00000006   PAD
    0x08000918   0x08000918   0x00000292   Code   RO          484    .text.HAL_ADCEx_MultiModeConfigChannel  stm32h7xx_hal_adc_ex.o
    0x08000baa   0x08000baa   0x00000006   PAD
    0x08000bb0   0x08000bb0   0x00000872   Code   RO          323    .text.HAL_ADC_ConfigChannel  stm32h7xx_hal_adc.o
    0x08001422   0x08001422   0x00000006   PAD
    0x08001428   0x08001428   0x000003c8   Code   RO          245    .text.HAL_ADC_Init  stm32h7xx_hal_adc.o
    0x080017f0   0x080017f0   0x00000212   Code   RO           41    .text.HAL_ADC_MspInit  adc.o
    0x08001a02   0x08001a02   0x00000006   PAD
    0x08001a08   0x08001a08   0x000002c0   Code   RO         1432    .text.HAL_DAC_ConfigChannel  stm32h7xx_hal_dac.o
    0x08001cc8   0x08001cc8   0x0000004a   Code   RO         1396    .text.HAL_DAC_Init  stm32h7xx_hal_dac.o
    0x08001d12   0x08001d12   0x00000006   PAD
    0x08001d18   0x08001d18   0x0000007e   Code   RO           56    .text.HAL_DAC_MspInit  dac.o
    0x08001d96   0x08001d96   0x00000002   PAD
    0x08001d98   0x08001d98   0x000003e0   Code   RO         1488    .text.HAL_FDCAN_Init  stm32h7xx_hal_fdcan.o
    0x08002178   0x08002178   0x0000016c   Code   RO           72    .text.HAL_FDCAN_MspInit  fdcan.o
    0x080022e4   0x080022e4   0x00000004   PAD
    0x080022e8   0x080022e8   0x000003c4   Code   RO          704    .text.HAL_GPIO_Init  stm32h7xx_hal_gpio.o
    0x080026ac   0x080026ac   0x00000004   PAD
    0x080026b0   0x080026b0   0x0000002e   Code   RO          710    .text.HAL_GPIO_WritePin  stm32h7xx_hal_gpio.o
    0x080026de   0x080026de   0x00000002   PAD
    0x080026e0   0x080026e0   0x0000000e   Code   RO         1105    .text.HAL_GetREVID  stm32h7xx_hal.o
    0x080026ee   0x080026ee   0x00000002   PAD
    0x080026f0   0x080026f0   0x0000000c   Code   RO         1089    .text.HAL_GetTick   stm32h7xx_hal.o
    0x080026fc   0x080026fc   0x00000004   PAD
    0x08002700   0x08002700   0x00000098   Code   RO         1352    .text.HAL_I2CEx_ConfigAnalogFilter  stm32h7xx_hal_i2c_ex.o
    0x08002798   0x08002798   0x000000a2   Code   RO         1354    .text.HAL_I2CEx_ConfigDigitalFilter  stm32h7xx_hal_i2c_ex.o
    0x0800283a   0x0800283a   0x00000006   PAD
    0x08002840   0x08002840   0x00000114   Code   RO         1183    .text.HAL_I2C_Init  stm32h7xx_hal_i2c.o
    0x08002954   0x08002954   0x00000004   PAD
    0x08002958   0x08002958   0x00000298   Code   RO           94    .text.HAL_I2C_MspInit  i2c.o
    0x08002bf0   0x08002bf0   0x0000001a   Code   RO         1087    .text.HAL_IncTick   stm32h7xx_hal.o
    0x08002c0a   0x08002c0a   0x00000006   PAD
    0x08002c10   0x08002c10   0x0000007a   Code   RO         1077    .text.HAL_Init      stm32h7xx_hal.o
    0x08002c8a   0x08002c8a   0x00000006   PAD
    0x08002c90   0x08002c90   0x00000086   Code   RO         1079    .text.HAL_InitTick  stm32h7xx_hal.o
    0x08002d16   0x08002d16   0x00000002   PAD
    0x08002d18   0x08002d18   0x00000080   Code   RO         1036    .text.HAL_MPU_ConfigRegion  stm32h7xx_hal_cortex.o
    0x08002d98   0x08002d98   0x00000022   Code   RO         1028    .text.HAL_MPU_Disable  stm32h7xx_hal_cortex.o
    0x08002dba   0x08002dba   0x00000006   PAD
    0x08002dc0   0x08002dc0   0x00000030   Code   RO         1030    .text.HAL_MPU_Enable  stm32h7xx_hal_cortex.o
    0x08002df0   0x08002df0   0x00000024   Code   RO          237    .text.HAL_MspInit   stm32h7xx_hal_msp.o
    0x08002e14   0x08002e14   0x00000004   PAD
    0x08002e18   0x08002e18   0x0000002e   Code   RO         1004    .text.HAL_NVIC_SetPriority  stm32h7xx_hal_cortex.o
    0x08002e46   0x08002e46   0x00000002   PAD
    0x08002e48   0x08002e48   0x00000010   Code   RO         1000    .text.HAL_NVIC_SetPriorityGrouping  stm32h7xx_hal_cortex.o
    0x08002e58   0x08002e58   0x000000a2   Code   RO          913    .text.HAL_PWREx_ConfigSupply  stm32h7xx_hal_pwr_ex.o
    0x08002efa   0x08002efa   0x00000006   PAD
    0x08002f00   0x08002f00   0x00000026   Code   RO          558    .text.HAL_RCCEx_GetD3PCLK1Freq  stm32h7xx_hal_rcc_ex.o
    0x08002f26   0x08002f26   0x00000002   PAD
    0x08002f28   0x08002f28   0x000002ac   Code   RO          552    .text.HAL_RCCEx_GetPLL1ClockFreq  stm32h7xx_hal_rcc_ex.o
    0x080031d4   0x080031d4   0x00000004   PAD
    0x080031d8   0x080031d8   0x000002ac   Code   RO          554    .text.HAL_RCCEx_GetPLL2ClockFreq  stm32h7xx_hal_rcc_ex.o
    0x08003484   0x08003484   0x00000004   PAD
    0x08003488   0x08003488   0x000002ac   Code   RO          556    .text.HAL_RCCEx_GetPLL3ClockFreq  stm32h7xx_hal_rcc_ex.o
    0x08003734   0x08003734   0x00000004   PAD
    0x08003738   0x08003738   0x00000c4a   Code   RO          550    .text.HAL_RCCEx_GetPeriphCLKFreq  stm32h7xx_hal_rcc_ex.o
    0x08004382   0x08004382   0x00000006   PAD
    0x08004388   0x08004388   0x000010a0   Code   RO          542    .text.HAL_RCCEx_PeriphCLKConfig  stm32h7xx_hal_rcc_ex.o
    0x08005428   0x08005428   0x00000498   Code   RO          511    .text.HAL_RCC_ClockConfig  stm32h7xx_hal_rcc.o
    0x080058c0   0x080058c0   0x00000056   Code   RO          521    .text.HAL_RCC_GetHCLKFreq  stm32h7xx_hal_rcc.o
    0x08005916   0x08005916   0x00000002   PAD
    0x08005918   0x08005918   0x00000026   Code   RO          523    .text.HAL_RCC_GetPCLK1Freq  stm32h7xx_hal_rcc.o
    0x0800593e   0x0800593e   0x00000002   PAD
    0x08005940   0x08005940   0x00000026   Code   RO          525    .text.HAL_RCC_GetPCLK2Freq  stm32h7xx_hal_rcc.o
    0x08005966   0x08005966   0x00000002   PAD
    0x08005968   0x08005968   0x00000310   Code   RO          513    .text.HAL_RCC_GetSysClockFreq  stm32h7xx_hal_rcc.o
    0x08005c78   0x08005c78   0x00000b58   Code   RO          509    .text.HAL_RCC_OscConfig  stm32h7xx_hal_rcc.o
    0x080067d0   0x080067d0   0x00000292   Code   RO         1890    .text.HAL_SPI_Init  stm32h7xx_hal_spi.o
    0x08006a62   0x08006a62   0x00000006   PAD
    0x08006a68   0x08006a68   0x0000044e   Code   RO          160    .text.HAL_SPI_MspInit  spi.o
    0x08006eb6   0x08006eb6   0x00000002   PAD
    0x08006eb8   0x08006eb8   0x0000001e   Code   RO         1127    .text.HAL_SYSCFG_AnalogSwitchConfig  stm32h7xx_hal.o
    0x08006ed6   0x08006ed6   0x00000002   PAD
    0x08006ed8   0x08006ed8   0x00000010   Code   RO         1024    .text.HAL_SYSTICK_Config  stm32h7xx_hal_cortex.o
    0x08006ee8   0x08006ee8   0x00000112   Code   RO         2329    .text.HAL_TIMEx_ConfigBreakDeadTime  stm32h7xx_hal_tim_ex.o
    0x08006ffa   0x08006ffa   0x00000006   PAD
    0x08007000   0x08007000   0x00000158   Code   RO         2327    .text.HAL_TIMEx_MasterConfigSynchronization  stm32h7xx_hal_tim_ex.o
    0x08007158   0x08007158   0x000000a8   Code   RO         2010    .text.HAL_TIM_Base_Init  stm32h7xx_hal_tim.o
    0x08007200   0x08007200   0x000000ce   Code   RO          191    .text.HAL_TIM_Base_MspInit  tim.o
    0x080072ce   0x080072ce   0x00000002   PAD
    0x080072d0   0x080072d0   0x000001d0   Code   RO         2206    .text.HAL_TIM_ConfigClockSource  stm32h7xx_hal_tim.o
    0x080074a0   0x080074a0   0x00000134   Code   RO         2124    .text.HAL_TIM_Encoder_Init  stm32h7xx_hal_tim.o
    0x080075d4   0x080075d4   0x00000004   PAD
    0x080075d8   0x080075d8   0x000000f2   Code   RO          193    .text.HAL_TIM_Encoder_MspInit  tim.o
    0x080076ca   0x080076ca   0x00000006   PAD
    0x080076d0   0x080076d0   0x00000110   Code   RO          179    .text.HAL_TIM_MspPostInit  tim.o
    0x080077e0   0x080077e0   0x000001b0   Code   RO         2180    .text.HAL_TIM_PWM_ConfigChannel  stm32h7xx_hal_tim.o
    0x08007990   0x08007990   0x000000a8   Code   RO         2064    .text.HAL_TIM_PWM_Init  stm32h7xx_hal_tim.o
    0x08007a38   0x08007a38   0x00000008   Code   RO         2066    .text.HAL_TIM_PWM_MspInit  stm32h7xx_hal_tim.o
    0x08007a40   0x08007a40   0x0000007c   Code   RO         1867    .text.HAL_UARTEx_DisableFifoMode  stm32h7xx_hal_uart_ex.o
    0x08007abc   0x08007abc   0x00000004   PAD
    0x08007ac0   0x08007ac0   0x0000008c   Code   RO         1871    .text.HAL_UARTEx_SetRxFifoThreshold  stm32h7xx_hal_uart_ex.o
    0x08007b4c   0x08007b4c   0x00000004   PAD
    0x08007b50   0x08007b50   0x0000008c   Code   RO         1869    .text.HAL_UARTEx_SetTxFifoThreshold  stm32h7xx_hal_uart_ex.o
    0x08007bdc   0x08007bdc   0x00000004   PAD
    0x08007be0   0x08007be0   0x000000aa   Code   RO         1697    .text.HAL_UART_Init  stm32h7xx_hal_uart.o
    0x08007c8a   0x08007c8a   0x00000006   PAD
    0x08007c90   0x08007c90   0x00000558   Code   RO          127    .text.HAL_UART_MspInit  usart.o
    0x080081e8   0x080081e8   0x00000004   Code   RO          214    .text.HardFault_Handler  stm32h7xx_it.o
    0x080081ec   0x080081ec   0x00000004   PAD
    0x080081f0   0x080081f0   0x00000018   Code   RO          251    .text.LL_ADC_DisableDeepPowerDown  stm32h7xx_hal_adc.o
    0x08008208   0x08008208   0x0000001e   Code   RO          255    .text.LL_ADC_EnableInternalRegulator  stm32h7xx_hal_adc.o
    0x08008226   0x08008226   0x00000002   PAD
    0x08008228   0x08008228   0x00000010   Code   RO          339    .text.LL_ADC_GetCommonPathInternalCh  stm32h7xx_hal_adc.o
    0x08008238   0x08008238   0x00000010   Code   RO          263    .text.LL_ADC_INJ_IsConversionOngoing  stm32h7xx_hal_adc.o
    0x08008248   0x08008248   0x00000010   Code   RO          249    .text.LL_ADC_IsDeepPowerDownEnabled  stm32h7xx_hal_adc.o
    0x08008258   0x08008258   0x00000010   Code   RO          259    .text.LL_ADC_IsEnabled  stm32h7xx_hal_adc.o
    0x08008268   0x08008268   0x00000010   Code   RO          398    .text.LL_ADC_IsEnabled  stm32h7xx_hal_adc_ex.o
    0x08008278   0x08008278   0x00000010   Code   RO          253    .text.LL_ADC_IsInternalRegulatorEnabled  stm32h7xx_hal_adc.o
    0x08008288   0x08008288   0x00000010   Code   RO          257    .text.LL_ADC_REG_IsConversionOngoing  stm32h7xx_hal_adc.o
    0x08008298   0x08008298   0x00000010   Code   RO          400    .text.LL_ADC_REG_IsConversionOngoing  stm32h7xx_hal_adc_ex.o
    0x080082a8   0x080082a8   0x0000003a   Code   RO          325    .text.LL_ADC_REG_SetSequencerRanks  stm32h7xx_hal_adc.o
    0x080082e2   0x080082e2   0x00000006   PAD
    0x080082e8   0x080082e8   0x0000005a   Code   RO          337    .text.LL_ADC_SetChannelPreselection  stm32h7xx_hal_adc.o
    0x08008342   0x08008342   0x00000006   PAD
    0x08008348   0x08008348   0x00000036   Code   RO          327    .text.LL_ADC_SetChannelSamplingTime  stm32h7xx_hal_adc.o
    0x0800837e   0x0800837e   0x00000002   PAD
    0x08008380   0x08008380   0x00000034   Code   RO          335    .text.LL_ADC_SetChannelSingleDiff  stm32h7xx_hal_adc.o
    0x080083b4   0x080083b4   0x00000004   PAD
    0x080083b8   0x080083b8   0x0000001a   Code   RO          261    .text.LL_ADC_SetCommonClock  stm32h7xx_hal_adc.o
    0x080083d2   0x080083d2   0x00000006   PAD
    0x080083d8   0x080083d8   0x0000001a   Code   RO          341    .text.LL_ADC_SetCommonPathInternalCh  stm32h7xx_hal_adc.o
    0x080083f2   0x080083f2   0x00000006   PAD
    0x080083f8   0x080083f8   0x00000024   Code   RO          333    .text.LL_ADC_SetDataRightShift  stm32h7xx_hal_adc.o
    0x0800841c   0x0800841c   0x00000004   PAD
    0x08008420   0x08008420   0x00000032   Code   RO          329    .text.LL_ADC_SetOffset  stm32h7xx_hal_adc.o
    0x08008452   0x08008452   0x00000006   PAD
    0x08008458   0x08008458   0x00000028   Code   RO          331    .text.LL_ADC_SetOffsetSignedSaturation  stm32h7xx_hal_adc.o
    0x08008480   0x08008480   0x00000056   Code   RO           13    .text.MPU_Config    main.o
    0x080084d6   0x080084d6   0x00000002   PAD
    0x080084d8   0x080084d8   0x000000ba   Code   RO           37    .text.MX_ADC1_Init  adc.o
    0x08008592   0x08008592   0x00000006   PAD
    0x08008598   0x08008598   0x00000096   Code   RO           39    .text.MX_ADC3_Init  adc.o
    0x0800862e   0x0800862e   0x00000002   PAD
    0x08008630   0x08008630   0x00000070   Code   RO           54    .text.MX_DAC1_Init  dac.o
    0x080086a0   0x080086a0   0x0000006a   Code   RO           68    .text.MX_FDCAN1_Init  fdcan.o
    0x0800870a   0x0800870a   0x00000006   PAD
    0x08008710   0x08008710   0x0000006a   Code   RO           70    .text.MX_FDCAN2_Init  fdcan.o
    0x0800877a   0x0800877a   0x00000006   PAD
    0x08008780   0x08008780   0x00000264   Code   RO           29    .text.MX_GPIO_Init  gpio.o
    0x080089e4   0x080089e4   0x00000004   PAD
    0x080089e8   0x080089e8   0x00000076   Code   RO           86    .text.MX_I2C1_Init  i2c.o
    0x08008a5e   0x08008a5e   0x00000002   PAD
    0x08008a60   0x08008a60   0x00000076   Code   RO           88    .text.MX_I2C2_Init  i2c.o
    0x08008ad6   0x08008ad6   0x00000002   PAD
    0x08008ad8   0x08008ad8   0x00000076   Code   RO           90    .text.MX_I2C3_Init  i2c.o
    0x08008b4e   0x08008b4e   0x00000002   PAD
    0x08008b50   0x08008b50   0x00000076   Code   RO           92    .text.MX_I2C4_Init  i2c.o
    0x08008bc6   0x08008bc6   0x00000002   PAD
    0x08008bc8   0x08008bc8   0x00000092   Code   RO          109    .text.MX_LPUART1_UART_Init  usart.o
    0x08008c5a   0x08008c5a   0x00000006   PAD
    0x08008c60   0x08008c60   0x0000006a   Code   RO          148    .text.MX_SPI1_Init  spi.o
    0x08008cca   0x08008cca   0x00000006   PAD
    0x08008cd0   0x08008cd0   0x0000006a   Code   RO          150    .text.MX_SPI2_Init  spi.o
    0x08008d3a   0x08008d3a   0x00000006   PAD
    0x08008d40   0x08008d40   0x00000066   Code   RO          152    .text.MX_SPI3_Init  spi.o
    0x08008da6   0x08008da6   0x00000002   PAD
    0x08008da8   0x08008da8   0x00000066   Code   RO          154    .text.MX_SPI4_Init  spi.o
    0x08008e0e   0x08008e0e   0x00000002   PAD
    0x08008e10   0x08008e10   0x00000066   Code   RO          156    .text.MX_SPI5_Init  spi.o
    0x08008e76   0x08008e76   0x00000002   PAD
    0x08008e78   0x08008e78   0x00000066   Code   RO          158    .text.MX_SPI6_Init  spi.o
    0x08008ede   0x08008ede   0x00000002   PAD
    0x08008ee0   0x08008ee0   0x00000174   Code   RO          177    .text.MX_TIM1_Init  tim.o
    0x08009054   0x08009054   0x00000004   PAD
    0x08009058   0x08009058   0x00000080   Code   RO          181    .text.MX_TIM2_Init  tim.o
    0x080090d8   0x080090d8   0x0000007e   Code   RO          183    .text.MX_TIM3_Init  tim.o
    0x08009156   0x08009156   0x00000002   PAD
    0x08009158   0x08009158   0x00000126   Code   RO          185    .text.MX_TIM4_Init  tim.o
    0x0800927e   0x0800927e   0x00000002   PAD
    0x08009280   0x08009280   0x0000007e   Code   RO          187    .text.MX_TIM5_Init  tim.o
    0x080092fe   0x080092fe   0x00000002   PAD
    0x08009300   0x08009300   0x0000015c   Code   RO          189    .text.MX_TIM8_Init  tim.o
    0x0800945c   0x0800945c   0x00000004   PAD
    0x08009460   0x08009460   0x0000008e   Code   RO          111    .text.MX_UART4_Init  usart.o
    0x080094ee   0x080094ee   0x00000002   PAD
    0x080094f0   0x080094f0   0x0000008e   Code   RO          113    .text.MX_UART5_Init  usart.o
    0x0800957e   0x0800957e   0x00000002   PAD
    0x08009580   0x08009580   0x0000008e   Code   RO          115    .text.MX_UART7_Init  usart.o
    0x0800960e   0x0800960e   0x00000002   PAD
    0x08009610   0x08009610   0x0000008e   Code   RO          117    .text.MX_UART8_Init  usart.o
    0x0800969e   0x0800969e   0x00000002   PAD
    0x080096a0   0x080096a0   0x0000008e   Code   RO          119    .text.MX_USART1_UART_Init  usart.o
    0x0800972e   0x0800972e   0x00000002   PAD
    0x08009730   0x08009730   0x0000008e   Code   RO          121    .text.MX_USART2_UART_Init  usart.o
    0x080097be   0x080097be   0x00000002   PAD
    0x080097c0   0x080097c0   0x0000008e   Code   RO          123    .text.MX_USART3_UART_Init  usart.o
    0x0800984e   0x0800984e   0x00000002   PAD
    0x08009850   0x08009850   0x0000008e   Code   RO          125    .text.MX_USART6_UART_Init  usart.o
    0x080098de   0x080098de   0x00000002   PAD
    0x080098e0   0x080098e0   0x00000004   Code   RO          216    .text.MemManage_Handler  stm32h7xx_it.o
    0x080098e4   0x080098e4   0x00000004   PAD
    0x080098e8   0x080098e8   0x00000004   Code   RO          212    .text.NMI_Handler   stm32h7xx_it.o
    0x080098ec   0x080098ec   0x00000004   PAD
    0x080098f0   0x080098f0   0x0000006c   Code   RO         1010    .text.NVIC_EncodePriority  stm32h7xx_hal_cortex.o
    0x0800995c   0x0800995c   0x00000004   PAD
    0x08009960   0x08009960   0x00000002   Code   RO          226    .text.PendSV_Handler  stm32h7xx_it.o
    0x08009962   0x08009962   0x00000006   PAD
    0x08009968   0x08009968   0x0000004c   Code   RO           17    .text.PeriphCommonClock_Config  main.o
    0x080099b4   0x080099b4   0x00000004   PAD
    0x080099b8   0x080099b8   0x000001ca   Code   RO          544    .text.RCCEx_PLL2_Config  stm32h7xx_hal_rcc_ex.o
    0x08009b82   0x08009b82   0x00000006   PAD
    0x08009b88   0x08009b88   0x000001ca   Code   RO          546    .text.RCCEx_PLL3_Config  stm32h7xx_hal_rcc_ex.o
    0x08009d52   0x08009d52   0x00000006   PAD
    0x08009d58   0x08009d58   0x0000002a   Code   RO         1892    .text.SPI_GetPacketSize  stm32h7xx_hal_spi.o
    0x08009d82   0x08009d82   0x00000006   PAD
    0x08009d88   0x08009d88   0x00000002   Code   RO          222    .text.SVC_Handler   stm32h7xx_it.o
    0x08009d8a   0x08009d8a   0x00000006   PAD
    0x08009d90   0x08009d90   0x00000052   Code   RO         1026    .text.SysTick_Config  stm32h7xx_hal_cortex.o
    0x08009de2   0x08009de2   0x00000006   PAD
    0x08009de8   0x08009de8   0x00000008   Code   RO          228    .text.SysTick_Handler  stm32h7xx_it.o
    0x08009df0   0x08009df0   0x000000e6   Code   RO           15    .text.SystemClock_Config  main.o
    0x08009ed6   0x08009ed6   0x00000002   PAD
    0x08009ed8   0x08009ed8   0x0000018c   Code   RO         2358    .text.SystemInit    system_stm32h7xx.o
    0x0800a064   0x0800a064   0x00000004   PAD
    0x0800a068   0x0800a068   0x000001a4   Code   RO         2014    .text.TIM_Base_SetConfig  stm32h7xx_hal_tim.o
    0x0800a20c   0x0800a20c   0x00000004   PAD
    0x0800a210   0x0800a210   0x00000034   Code   RO         2204    .text.TIM_ETR_SetConfig  stm32h7xx_hal_tim.o
    0x0800a244   0x0800a244   0x00000004   PAD
    0x0800a248   0x0800a248   0x00000030   Code   RO         2210    .text.TIM_ITRx_SetConfig  stm32h7xx_hal_tim.o
    0x0800a278   0x0800a278   0x00000150   Code   RO         2158    .text.TIM_OC1_SetConfig  stm32h7xx_hal_tim.o
    0x0800a3c8   0x0800a3c8   0x0000016c   Code   RO         2160    .text.TIM_OC2_SetConfig  stm32h7xx_hal_tim.o
    0x0800a534   0x0800a534   0x00000004   PAD
    0x0800a538   0x0800a538   0x0000016a   Code   RO         2162    .text.TIM_OC3_SetConfig  stm32h7xx_hal_tim.o
    0x0800a6a2   0x0800a6a2   0x00000006   PAD
    0x0800a6a8   0x0800a6a8   0x000000da   Code   RO         2164    .text.TIM_OC4_SetConfig  stm32h7xx_hal_tim.o
    0x0800a782   0x0800a782   0x00000006   PAD
    0x0800a788   0x0800a788   0x000000d0   Code   RO         2166    .text.TIM_OC5_SetConfig  stm32h7xx_hal_tim.o
    0x0800a858   0x0800a858   0x000000d2   Code   RO         2168    .text.TIM_OC6_SetConfig  stm32h7xx_hal_tim.o
    0x0800a92a   0x0800a92a   0x00000006   PAD
    0x0800a930   0x0800a930   0x00000050   Code   RO         2208    .text.TIM_TI1_ConfigInputStage  stm32h7xx_hal_tim.o
    0x0800a980   0x0800a980   0x00000052   Code   RO         2212    .text.TIM_TI2_ConfigInputStage  stm32h7xx_hal_tim.o
    0x0800a9d2   0x0800a9d2   0x00000006   PAD
    0x0800a9d8   0x0800a9d8   0x00000086   Code   RO         1865    .text.UARTEx_SetNbDataToProcess  stm32h7xx_hal_uart_ex.o
    0x0800aa5e   0x0800aa5e   0x00000002   PAD
    0x0800aa60   0x0800aa60   0x00000148   Code   RO         1701    .text.UART_AdvFeatureConfig  stm32h7xx_hal_uart.o
    0x0800aba8   0x0800aba8   0x00000146   Code   RO         1705    .text.UART_CheckIdleState  stm32h7xx_hal_uart.o
    0x0800acee   0x0800acee   0x00000002   PAD
    0x0800acf0   0x0800acf0   0x0000009e   Code   RO         1757    .text.UART_EndRxTransfer  stm32h7xx_hal_uart.o
    0x0800ad8e   0x0800ad8e   0x00000002   PAD
    0x0800ad90   0x0800ad90   0x00000922   Code   RO         1703    .text.UART_SetConfig  stm32h7xx_hal_uart.o
    0x0800b6b2   0x0800b6b2   0x00000006   PAD
    0x0800b6b8   0x0800b6b8   0x0000010c   Code   RO         1719    .text.UART_WaitOnFlagUntilTimeout  stm32h7xx_hal_uart.o
    0x0800b7c4   0x0800b7c4   0x00000004   PAD
    0x0800b7c8   0x0800b7c8   0x00000004   Code   RO          220    .text.UsageFault_Handler  stm32h7xx_it.o
    0x0800b7cc   0x0800b7cc   0x00000004   PAD
    0x0800b7d0   0x0800b7d0   0x00000010   Code   RO         1006    .text.__NVIC_GetPriorityGrouping  stm32h7xx_hal_cortex.o
    0x0800b7e0   0x0800b7e0   0x00000042   Code   RO         1008    .text.__NVIC_SetPriority  stm32h7xx_hal_cortex.o
    0x0800b822   0x0800b822   0x00000006   PAD
    0x0800b828   0x0800b828   0x0000003c   Code   RO         1002    .text.__NVIC_SetPriorityGrouping  stm32h7xx_hal_cortex.o
    0x0800b864   0x0800b864   0x00000004   PAD
    0x0800b868   0x0800b868   0x00000098   Code   RO           11    .text.main          main.o
    0x0800b900   0x0800b900   0x0000000e   Code   RO         2406    i.__scatterload_copy  mc_w.l(handlers.o)
    0x0800b90e   0x0800b90e   0x00000002   Code   RO         2407    i.__scatterload_null  mc_w.l(handlers.o)
    0x0800b910   0x0800b910   0x0000000e   Code   RO         2408    i.__scatterload_zeroinit  mc_w.l(handlers.o)
    0x0800b91e   0x0800b91e   0x00000002   PAD
    0x0800b920   0x0800b920   0x0000004c   Data   RO         1688    .rodata..L__const.HAL_FDCAN_Init.CvtEltSize  stm32h7xx_hal_fdcan.o
    0x0800b96c   0x0800b96c   0x00000010   Data   RO         2366    .rodata.D1CorePrescTable  system_stm32h7xx.o
    0x0800b97c   0x0800b97c   0x00000008   Data   RO         1882    .rodata.UARTEx_SetNbDataToProcess.denominator  stm32h7xx_hal_uart_ex.o
    0x0800b984   0x0800b984   0x00000008   Data   RO         1881    .rodata.UARTEx_SetNbDataToProcess.numerator  stm32h7xx_hal_uart_ex.o
    0x0800b98c   0x0800b98c   0x00000018   Data   RO         1837    .rodata.UARTPrescTable  stm32h7xx_hal_uart.o
    0x0800b9a4   0x0800b9a4   0x00000020   Data   RO         2405    Region$$Table       anon$$obj.o


    Execution Region RW_IRAM1 (Exec base: 0x20000000, Load base: 0x0800b9c4, Size: 0x00000000, Max: 0x00020000, ABSOLUTE)

    **** No section assigned to this execution region ****


    Execution Region RW_IRAM2 (Exec base: 0x24000000, Load base: 0x0800b9c8, Size: 0x000011b0, Max: 0x00080000, ABSOLUTE)

    Exec Addr    Load Addr    Size         Type   Attr      Idx    E Section Name        Object

    0x24000000   0x0800b9c8   0x00000004   Data   RW         2364    .data.SystemCoreClock  system_stm32h7xx.o
    0x24000004   0x0800b9cc   0x00000004   Data   RW         2365    .data.SystemD2Clock  system_stm32h7xx.o
    0x24000008   0x0800b9d0   0x00000001   Data   RW         1174    .data.uwTickFreq    stm32h7xx_hal.o
    0x24000009   0x0800b9d1   0x00000003   PAD
    0x2400000c   0x0800b9d4   0x00000004   Data   RW         1173    .data.uwTickPrio    stm32h7xx_hal.o
    0x24000010        -       0x00000004   Zero   RW           78    .bss.HAL_RCC_FDCAN_CLK_ENABLED  fdcan.o
    0x24000014        -       0x00000064   Zero   RW           45    .bss.hadc1          adc.o
    0x24000078        -       0x00000064   Zero   RW           46    .bss.hadc3          adc.o
    0x240000dc        -       0x00000014   Zero   RW           60    .bss.hdac1          dac.o
    0x240000f0        -       0x000000a0   Zero   RW           76    .bss.hfdcan1        fdcan.o
    0x24000190        -       0x000000a0   Zero   RW           77    .bss.hfdcan2        fdcan.o
    0x24000230        -       0x00000054   Zero   RW           98    .bss.hi2c1          i2c.o
    0x24000284        -       0x00000054   Zero   RW           99    .bss.hi2c2          i2c.o
    0x240002d8        -       0x00000054   Zero   RW          100    .bss.hi2c3          i2c.o
    0x2400032c        -       0x00000054   Zero   RW          101    .bss.hi2c4          i2c.o
    0x24000380        -       0x00000094   Zero   RW          131    .bss.hlpuart1       usart.o
    0x24000414        -       0x00000088   Zero   RW          164    .bss.hspi1          spi.o
    0x2400049c        -       0x00000088   Zero   RW          165    .bss.hspi2          spi.o
    0x24000524        -       0x00000088   Zero   RW          166    .bss.hspi3          spi.o
    0x240005ac        -       0x00000088   Zero   RW          167    .bss.hspi4          spi.o
    0x24000634        -       0x00000088   Zero   RW          168    .bss.hspi5          spi.o
    0x240006bc        -       0x00000088   Zero   RW          169    .bss.hspi6          spi.o
    0x24000744        -       0x0000004c   Zero   RW          199    .bss.htim1          tim.o
    0x24000790        -       0x0000004c   Zero   RW          200    .bss.htim2          tim.o
    0x240007dc        -       0x0000004c   Zero   RW          201    .bss.htim3          tim.o
    0x24000828        -       0x0000004c   Zero   RW          202    .bss.htim4          tim.o
    0x24000874        -       0x0000004c   Zero   RW          203    .bss.htim5          tim.o
    0x240008c0        -       0x0000004c   Zero   RW          204    .bss.htim8          tim.o
    0x2400090c        -       0x00000094   Zero   RW          136    .bss.huart1         usart.o
    0x240009a0        -       0x00000094   Zero   RW          137    .bss.huart2         usart.o
    0x24000a34        -       0x00000094   Zero   RW          138    .bss.huart3         usart.o
    0x24000ac8        -       0x00000094   Zero   RW          132    .bss.huart4         usart.o
    0x24000b5c        -       0x00000094   Zero   RW          133    .bss.huart5         usart.o
    0x24000bf0        -       0x00000094   Zero   RW          139    .bss.huart6         usart.o
    0x24000c84        -       0x00000094   Zero   RW          134    .bss.huart7         usart.o
    0x24000d18        -       0x00000094   Zero   RW          135    .bss.huart8         usart.o
    0x24000dac        -       0x00000004   Zero   RW         1175    .bss.uwTick         stm32h7xx_hal.o
    0x24000db0        -       0x00000400   Zero   RW            1    STACK               startup_stm32h743xx.o


==============================================================================

Image component sizes


      Code (inc. data)   RO Data    RW Data    ZI Data      Debug   Object Name

       866          0          0          0        200       7705   adc.o
       238          0          0          0         20       6019   dac.o
       576          0          0          0        324       8527   fdcan.o
       612          0          0          0          0       3216   gpio.o
      1136          0          0          0        336       9054   i2c.o
       558          0          0          0          0       5298   main.o
      1722          0          0          0        816      10103   spi.o
        44         12        664          0       1024        860   startup_stm32h743xx.o
       338          0          0          5          4      13786   stm32h7xx_hal.o
      4248          0          0          0          0      21967   stm32h7xx_hal_adc.o
       690          0          0          0          0      21520   stm32h7xx_hal_adc_ex.o
       620          0          0          0          0      11592   stm32h7xx_hal_cortex.o
       778          0          0          0          0       8201   stm32h7xx_hal_dac.o
      1698          0         76          0          0      33586   stm32h7xx_hal_fdcan.o
      1010          0          0          0          0       7035   stm32h7xx_hal_gpio.o
       276          0          0          0          0      37274   stm32h7xx_hal_i2c.o
       314          0          0          0          0       7310   stm32h7xx_hal_i2c_ex.o
        36          0          0          0          0       2247   stm32h7xx_hal_msp.o
       162          0          0          0          0      10399   stm32h7xx_hal_pwr_ex.o
      5026         66          0          0          0      11925   stm32h7xx_hal_rcc.o
     10408        118          0          0          0      19315   stm32h7xx_hal_rcc_ex.o
       700          0          0          0          0      20819   stm32h7xx_hal_spi.o
      3928         22          0          0          0      37575   stm32h7xx_hal_tim.o
       618          0          0          0          0      17510   stm32h7xx_hal_tim_ex.o
      3588        258         24          0          0      29310   stm32h7xx_hal_uart.o
       538          0         16          0          0       8910   stm32h7xx_hal_uart_ex.o
        34          0          0          0          0       1032   stm32h7xx_it.o
       436          0         16          8          0       6189   system_stm32h7xx.o
      2114          0          0          0        456      10557   tim.o
      2650          0          0          0       1332      11065   usart.o

    ----------------------------------------------------------------------
     46396        488        828         16       4512     399906   Object Totals
         0          0         32          0          0          0   (incl. Generated)
       434         12          0          3          0          0   (incl. Padding)

    ----------------------------------------------------------------------

      Code (inc. data)   RO Data    RW Data    ZI Data      Debug   Library Member Name

         0          0          0          0          0          0   entry.o
         0          0          0          0          0          0   entry10a.o
         0          0          0          0          0          0   entry11a.o
         8          4          0          0          0          0   entry2.o
         4          0          0          0          0          0   entry5.o
         0          0          0          0          0          0   entry7b.o
         0          0          0          0          0          0   entry8b.o
         8          4          0          0          0          0   entry9a.o
        30          0          0          0          0          0   handlers.o
        48         10          0          0          0         68   init.o
        30          0          0          0          0         68   llshl.o
        32          0          0          0          0         68   llushr.o
        36          0          0          0          0         68   memcpya.o
        36          0          0          0          0        108   memseta.o
        98          0          0          0          0         92   uldiv.o

    ----------------------------------------------------------------------
       332         18          0          0          0        472   Library Totals
         2          0          0          0          0          0   (incl. Padding)

    ----------------------------------------------------------------------

      Code (inc. data)   RO Data    RW Data    ZI Data      Debug   Library Name

       330         18          0          0          0        472   mc_w.l

    ----------------------------------------------------------------------
       332         18          0          0          0        472   Library Totals

    ----------------------------------------------------------------------

==============================================================================


      Code (inc. data)   RO Data    RW Data    ZI Data      Debug   

     46728        506        828         16       4512     399866   Grand Totals
     46728        506        828         16       4512     399866   ELF Image Totals
     46728        506        828         16          0          0   ROM Totals

==============================================================================

    Total RO  Size (Code + RO Data)                47556 (  46.44kB)
    Total RW  Size (RW Data + ZI Data)              4528 (   4.42kB)
    Total ROM Size (Code + RO Data + RW Data)      47572 (  46.46kB)

==============================================================================

