<html>
<body>
<pre>
<h1>µVision Build Log</h1>
<h2>Tool Versions:</h2>
IDE-Version: ¦ÌVision V5.40.0.0
Copyright (C) 2024 ARM Ltd and ARM Germany GmbH. All rights reserved.
License Information: df df, dff, LIC=9WSKC-7ZRYP-Z9IG9-48KJ6-WNZ0F-6SAIC
 
Tool Versions:
Toolchain:       MDK-ARM Plus  Version: 5.40.0.3
Toolchain Path:  D:\keil\MDK\ARM\ARMCLANG\Bin
C Compiler:      ArmClang.exe V6.22
Assembler:       Armasm.exe V6.22
Linker/Locator:  ArmLink.exe V6.22
Library Manager: ArmAr.exe V6.22
Hex Converter:   FromElf.exe V6.22
CPU DLL:         SARMCM3.DLL V5.40.0.3
Dialog DLL:      DCM.DLL V1.17.5.0
Target DLL:      CMSIS_AGDI.dll V1.33.18.0
Dialog DLL:      TCM.DLL V1.56.4.0
 
<h2>Project:</h2>
D:\stmproject\dragonproject\work\h743iit6_depot\h743iit6_origin\MDK-ARM\begin.uvprojx
Project File Date:  03/20/2025

<h2>Output:</h2>
*** Using Compiler 'V6.22', folder: 'D:\keil\MDK\ARM\ARMCLANG\Bin'
Rebuild target 'begin'
compiling main.c...
compiling tim.c...
assembling startup_stm32h743xx.s...
compiling stm32h7xx_it.c...
compiling usart.c...
compiling memorymap.c...
compiling adc.c...
compiling stm32h7xx_hal_msp.c...
compiling gpio.c...
compiling fdcan.c...
compiling spi.c...
compiling dac.c...
compiling i2c.c...
compiling stm32h7xx_hal_adc.c...
compiling stm32h7xx_hal_adc_ex.c...
compiling stm32h7xx_hal_rcc.c...
compiling stm32h7xx_hal_flash.c...
compiling stm32h7xx_hal_gpio.c...
compiling stm32h7xx_hal_flash_ex.c...
compiling stm32h7xx_hal_rcc_ex.c...
compiling stm32h7xx_hal_hsem.c...
compiling stm32h7xx_hal_dma_ex.c...
compiling stm32h7xx_hal_mdma.c...
compiling stm32h7xx_hal_pwr.c...
compiling stm32h7xx_hal_pwr_ex.c...
compiling stm32h7xx_hal_dma.c...
compiling stm32h7xx_hal_cortex.c...
compiling stm32h7xx_hal.c...
compiling stm32h7xx_hal_i2c_ex.c...
compiling stm32h7xx_hal_exti.c...
compiling stm32h7xx_hal_dac.c...
compiling stm32h7xx_hal_dac_ex.c...
compiling stm32h7xx_hal_i2c.c...
compiling stm32h7xx_hal_uart_ex.c...
compiling stm32h7xx_hal_fdcan.c...
compiling stm32h7xx_hal_spi_ex.c...
compiling system_stm32h7xx.c...
compiling stm32h7xx_hal_uart.c...
compiling stm32h7xx_hal_spi.c...
compiling stm32h7xx_hal_tim_ex.c...
compiling stm32h7xx_hal_tim.c...
linking...
Program Size: Code=46728 RO-data=828 RW-data=16 ZI-data=4512  
FromELF: creating hex file...
"begin\begin.axf" - 0 Error(s), 0 Warning(s).

<h2>Software Packages used:</h2>

Package Vendor: ARM
                https://www.keil.com/pack/ARM.CMSIS.6.1.0.pack
                ARM::CMSIS@6.1.0
                CMSIS (Common Microcontroller Software Interface Standard)
   * Component: CORE Version: 6.1.0

Package Vendor: Keil
                https://www.keil.com/pack/Keil.STM32H7xx_DFP.4.0.0.pack
                Keil::STM32H7xx_DFP@4.0.0
                STMicroelectronics STM32H7 Series Device Support

<h2>Collection of Component include folders:</h2>
  ./RTE/_begin
  D:/keil/Pack/ARM/CMSIS/6.1.0/CMSIS/Core/Include

<h2>Collection of Component Files used:</h2>

   * Component: ARM::CMSIS:CORE@6.1.0
      Include file:  CMSIS/Core/Include/tz_context.h
Build Time Elapsed:  00:00:02
</pre>
</body>
</html>
