Component: Arm Compiler for Embedded 6.22 Tool: armlink [5ee90200]

==============================================================================

Section Cross References

    startup_stm32f407xx.o(STACK) refers (Special) to heapauxi.o(.text) for __use_two_region_memory
    startup_stm32f407xx.o(HEAP) refers (Special) to heapauxi.o(.text) for __use_two_region_memory
    startup_stm32f407xx.o(RESET) refers (Special) to heapauxi.o(.text) for __use_two_region_memory
    startup_stm32f407xx.o(RESET) refers to startup_stm32f407xx.o(STACK) for __initial_sp
    startup_stm32f407xx.o(RESET) refers to startup_stm32f407xx.o(.text) for Reset_Handler
    startup_stm32f407xx.o(RESET) refers to stm32f4xx_it.o(.text.NMI_Handler) for NMI_Handler
    startup_stm32f407xx.o(RESET) refers to stm32f4xx_it.o(.text.HardFault_Handler) for HardFault_Handler
    startup_stm32f407xx.o(RESET) refers to stm32f4xx_it.o(.text.MemManage_Handler) for MemManage_Handler
    startup_stm32f407xx.o(RESET) refers to stm32f4xx_it.o(.text.BusFault_Handler) for BusFault_Handler
    startup_stm32f407xx.o(RESET) refers to stm32f4xx_it.o(.text.UsageFault_Handler) for UsageFault_Handler
    startup_stm32f407xx.o(RESET) refers to port.o(.text.SVC_Handler) for SVC_Handler
    startup_stm32f407xx.o(RESET) refers to stm32f4xx_it.o(.text.DebugMon_Handler) for DebugMon_Handler
    startup_stm32f407xx.o(RESET) refers to port.o(.text.PendSV_Handler) for PendSV_Handler
    startup_stm32f407xx.o(RESET) refers to stm32f4xx_it.o(.text.SysTick_Handler) for SysTick_Handler
    startup_stm32f407xx.o(.text) refers (Special) to heapauxi.o(.text) for __use_two_region_memory
    startup_stm32f407xx.o(.text) refers to system_stm32f4xx.o(.text.SystemInit) for SystemInit
    startup_stm32f407xx.o(.text) refers to __main.o(!!!main) for __main
    startup_stm32f407xx.o(.text) refers to startup_stm32f407xx.o(HEAP) for Heap_Mem
    startup_stm32f407xx.o(.text) refers to startup_stm32f407xx.o(STACK) for Stack_Mem
    main.o(.text.main) refers to stm32f4xx_hal.o(.text.HAL_Init) for HAL_Init
    main.o(.text.main) refers to main.o(.text.SystemClock_Config) for SystemClock_Config
    main.o(.text.main) refers to gpio.o(.text.MX_GPIO_Init) for MX_GPIO_Init
    main.o(.text.main) refers to can.o(.text.MX_CAN1_Init) for MX_CAN1_Init
    main.o(.text.main) refers to spi.o(.text.MX_SPI1_Init) for MX_SPI1_Init
    main.o(.text.main) refers to spi.o(.text.MX_SPI2_Init) for MX_SPI2_Init
    main.o(.text.main) refers to adc.o(.text.MX_ADC1_Init) for MX_ADC1_Init
    main.o(.text.main) refers to adc.o(.text.MX_ADC2_Init) for MX_ADC2_Init
    main.o(.text.main) refers to can.o(.text.MX_CAN2_Init) for MX_CAN2_Init
    main.o(.text.main) refers to i2c.o(.text.MX_I2C1_Init) for MX_I2C1_Init
    main.o(.text.main) refers to i2c.o(.text.MX_I2C2_Init) for MX_I2C2_Init
    main.o(.text.main) refers to i2c.o(.text.MX_I2C3_Init) for MX_I2C3_Init
    main.o(.text.main) refers to spi.o(.text.MX_SPI3_Init) for MX_SPI3_Init
    main.o(.text.main) refers to tim.o(.text.MX_TIM2_Init) for MX_TIM2_Init
    main.o(.text.main) refers to tim.o(.text.MX_TIM3_Init) for MX_TIM3_Init
    main.o(.text.main) refers to tim.o(.text.MX_TIM4_Init) for MX_TIM4_Init
    main.o(.text.main) refers to tim.o(.text.MX_TIM5_Init) for MX_TIM5_Init
    main.o(.text.main) refers to tim.o(.text.MX_TIM9_Init) for MX_TIM9_Init
    main.o(.text.main) refers to usart.o(.text.MX_UART4_Init) for MX_UART4_Init
    main.o(.text.main) refers to usart.o(.text.MX_USART1_UART_Init) for MX_USART1_UART_Init
    main.o(.text.main) refers to usart.o(.text.MX_USART2_UART_Init) for MX_USART2_UART_Init
    main.o(.text.main) refers to usart.o(.text.MX_USART3_UART_Init) for MX_USART3_UART_Init
    main.o(.text.main) refers to usart.o(.text.MX_USART6_UART_Init) for MX_USART6_UART_Init
    main.o(.text.main) refers to usb_otg.o(.text.MX_USB_OTG_FS_PCD_Init) for MX_USB_OTG_FS_PCD_Init
    main.o(.text.main) refers to stm32f4xx_hal_gpio.o(.text.HAL_GPIO_WritePin) for HAL_GPIO_WritePin
    main.o(.text.main) refers to freertos.o(.text.MX_FREERTOS_Init) for MX_FREERTOS_Init
    main.o(.text.main) refers to cmsis_os.o(.text.osKernelStart) for osKernelStart
    main.o(.ARM.exidx.text.main) refers to main.o(.text.main) for [Anonymous Symbol]
    main.o(.text.SystemClock_Config) refers to rt_memclr_w.o(.text) for __aeabi_memclr4
    main.o(.text.SystemClock_Config) refers to stm32f4xx_hal_rcc.o(.text.HAL_RCC_OscConfig) for HAL_RCC_OscConfig
    main.o(.text.SystemClock_Config) refers to main.o(.text.Error_Handler) for Error_Handler
    main.o(.text.SystemClock_Config) refers to stm32f4xx_hal_rcc.o(.text.HAL_RCC_ClockConfig) for HAL_RCC_ClockConfig
    main.o(.ARM.exidx.text.SystemClock_Config) refers to main.o(.text.SystemClock_Config) for [Anonymous Symbol]
    main.o(.ARM.exidx.text.Error_Handler) refers to main.o(.text.Error_Handler) for [Anonymous Symbol]
[...]
    TIM_OC1_SetConfig                        0x080042b1   Thumb Code   234  stm32f4xx_hal_tim.o(.text.TIM_OC1_SetConfig)
    [Anonymous Symbol]                       0x080042b0   Section        0  stm32f4xx_hal_tim.o(.text.TIM_OC1_SetConfig)
    [Anonymous Symbol]                       0x0800439c   Section        0  stm32f4xx_hal_tim.o(.text.TIM_OC2_SetConfig)
    TIM_OC3_SetConfig                        0x08004491   Thumb Code   242  stm32f4xx_hal_tim.o(.text.TIM_OC3_SetConfig)
    [Anonymous Symbol]                       0x08004490   Section        0  stm32f4xx_hal_tim.o(.text.TIM_OC3_SetConfig)
    TIM_OC4_SetConfig                        0x08004585   Thumb Code   164  stm32f4xx_hal_tim.o(.text.TIM_OC4_SetConfig)
    [Anonymous Symbol]                       0x08004584   Section        0  stm32f4xx_hal_tim.o(.text.TIM_OC4_SetConfig)
    TIM_TI1_ConfigInputStage                 0x08004629   Thumb Code    80  stm32f4xx_hal_tim.o(.text.TIM_TI1_ConfigInputStage)
    [Anonymous Symbol]                       0x08004628   Section        0  stm32f4xx_hal_tim.o(.text.TIM_TI1_ConfigInputStage)
    TIM_TI2_ConfigInputStage                 0x08004679   Thumb Code    82  stm32f4xx_hal_tim.o(.text.TIM_TI2_ConfigInputStage)
    [Anonymous Symbol]                       0x08004678   Section        0  stm32f4xx_hal_tim.o(.text.TIM_TI2_ConfigInputStage)
    UART_SetConfig                           0x080046cd   Thumb Code   314  stm32f4xx_hal_uart.o(.text.UART_SetConfig)
    [Anonymous Symbol]                       0x080046cc   Section        0  stm32f4xx_hal_uart.o(.text.UART_SetConfig)
    [Anonymous Symbol]                       0x08004808   Section        0  stm32f4xx_ll_usb.o(.text.USB_CoreInit)
    USB_CoreReset                            0x080048e1   Thumb Code   120  stm32f4xx_ll_usb.o(.text.USB_CoreReset)
    [Anonymous Symbol]                       0x080048e0   Section        0  stm32f4xx_ll_usb.o(.text.USB_CoreReset)
    [Anonymous Symbol]                       0x08004958   Section        0  stm32f4xx_ll_usb.o(.text.USB_DevDisconnect)
    [Anonymous Symbol]                       0x08004984   Section        0  stm32f4xx_ll_usb.o(.text.USB_DevInit)
    [Anonymous Symbol]                       0x08004c20   Section        0  stm32f4xx_ll_usb.o(.text.USB_DisableGlobalInt)
    [Anonymous Symbol]                       0x08004c34   Section        0  stm32f4xx_ll_usb.o(.text.USB_FlushRxFifo)
    [Anonymous Symbol]                       0x08004ca8   Section        0  stm32f4xx_ll_usb.o(.text.USB_FlushTxFifo)
    [Anonymous Symbol]                       0x08004d24   Section        0  stm32f4xx_ll_usb.o(.text.USB_GetMode)
    [Anonymous Symbol]                       0x08004d34   Section        0  stm32f4xx_ll_usb.o(.text.USB_SetCurrentMode)
    [Anonymous Symbol]                       0x08004e14   Section        0  stm32f4xx_ll_usb.o(.text.USB_SetDevSpeed)
    [Anonymous Symbol]                       0x08004e38   Section        0  stm32f4xx_it.o(.text.UsageFault_Handler)
    __NVIC_GetPriorityGrouping               0x08004e3d   Thumb Code    16  stm32f4xx_hal_cortex.o(.text.__NVIC_GetPriorityGrouping)
    [Anonymous Symbol]                       0x08004e3c   Section        0  stm32f4xx_hal_cortex.o(.text.__NVIC_GetPriorityGrouping)
    __NVIC_SetPriority                       0x08004e4d   Thumb Code    66  stm32f4xx_hal_cortex.o(.text.__NVIC_SetPriority)
    [Anonymous Symbol]                       0x08004e4c   Section        0  stm32f4xx_hal_cortex.o(.text.__NVIC_SetPriority)
    __NVIC_SetPriorityGrouping               0x08004e91   Thumb Code    60  stm32f4xx_hal_cortex.o(.text.__NVIC_SetPriorityGrouping)
    [Anonymous Symbol]                       0x08004e90   Section        0  stm32f4xx_hal_cortex.o(.text.__NVIC_SetPriorityGrouping)
    [Anonymous Symbol]                       0x08004ecc   Section        0  main.o(.text.main)
    makeFreeRtosPriority                     0x08004f79   Thumb Code    40  cmsis_os.o(.text.makeFreeRtosPriority)
    [Anonymous Symbol]                       0x08004f78   Section        0  cmsis_os.o(.text.makeFreeRtosPriority)
    [Anonymous Symbol]                       0x08004fa0   Section        0  cmsis_os.o(.text.osDelay)
    [Anonymous Symbol]                       0x08004fc8   Section        0  cmsis_os.o(.text.osKernelStart)
    [Anonymous Symbol]                       0x08004fd4   Section        0  cmsis_os.o(.text.osThreadCreate)
    prvAddCurrentTaskToDelayedList           0x08005081   Thumb Code   244  tasks.o(.text.prvAddCurrentTaskToDelayedList)
    [Anonymous Symbol]                       0x08005080   Section        0  tasks.o(.text.prvAddCurrentTaskToDelayedList)
    prvAddNewTaskToReadyList                 0x08005175   Thumb Code   272  tasks.o(.text.prvAddNewTaskToReadyList)
    [Anonymous Symbol]                       0x08005174   Section        0  tasks.o(.text.prvAddNewTaskToReadyList)
    prvCheckTasksWaitingTermination          0x08005285   Thumb Code    90  tasks.o(.text.prvCheckTasksWaitingTermination)
    [Anonymous Symbol]                       0x08005284   Section        0  tasks.o(.text.prvCheckTasksWaitingTermination)
    prvDeleteTCB                             0x080052e1   Thumb Code    94  tasks.o(.text.prvDeleteTCB)
    [Anonymous Symbol]                       0x080052e0   Section        0  tasks.o(.text.prvDeleteTCB)
    prvHeapInit                              0x08005341   Thumb Code   188  heap_4.o(.text.prvHeapInit)
    [Anonymous Symbol]                       0x08005340   Section        0  heap_4.o(.text.prvHeapInit)
    prvIdleTask                              0x080053fd   Thumb Code    56  tasks.o(.text.prvIdleTask)
    [Anonymous Symbol]                       0x080053fc   Section        0  tasks.o(.text.prvIdleTask)
    prvInitialiseNewTask                     0x08005435   Thumb Code   276  tasks.o(.text.prvInitialiseNewTask)
    [Anonymous Symbol]                       0x08005434   Section        0  tasks.o(.text.prvInitialiseNewTask)
    prvInitialiseTaskLists                   0x08005549   Thumb Code   142  tasks.o(.text.prvInitialiseTaskLists)
    [Anonymous Symbol]                       0x08005548   Section        0  tasks.o(.text.prvInitialiseTaskLists)
    prvInsertBlockIntoFreeList               0x080055d9   Thumb Code   198  heap_4.o(.text.prvInsertBlockIntoFreeList)
    [Anonymous Symbol]                       0x080055d8   Section        0  heap_4.o(.text.prvInsertBlockIntoFreeList)
    prvPortStartFirstTask                    0x080056a1   Thumb Code    34  port.o(.text.prvPortStartFirstTask)
    [Anonymous Symbol]                       0x080056a0   Section        0  port.o(.text.prvPortStartFirstTask)
    prvResetNextTaskUnblockTime              0x080056c9   Thumb Code    70  tasks.o(.text.prvResetNextTaskUnblockTime)
    [Anonymous Symbol]                       0x080056c8   Section        0  tasks.o(.text.prvResetNextTaskUnblockTime)
    prvTaskExitError                         0x08005711   Thumb Code    76  port.o(.text.prvTaskExitError)
    [Anonymous Symbol]                       0x08005710   Section        0  port.o(.text.prvTaskExitError)
    [Anonymous Symbol]                       0x0800575c   Section        0  heap_4.o(.text.pvPortMalloc)
    [Anonymous Symbol]                       0x08005948   Section        0  port.o(.text.pxPortInitialiseStack)
    [Anonymous Symbol]                       0x080059a8   Section        0  list.o(.text.uxListRemove)
    [Anonymous Symbol]                       0x080059f0   Section        0  freertos.o(.text.vApplicationGetIdleTaskMemory)
    [Anonymous Symbol]                       0x08005a1c   Section        0  list.o(.text.vListInitialise)
    [Anonymous Symbol]                       0x08005a4c   Section        0  list.o(.text.vListInitialiseItem)
    [Anonymous Symbol]                       0x08005a5c   Section        0  list.o(.text.vListInsert)
    [Anonymous Symbol]                       0x08005ac8   Section        0  list.o(.text.vListInsertEnd)
    vPortEnableVFP                           0x08005b05   Thumb Code    14  port.o(.text.vPortEnableVFP)
    [Anonymous Symbol]                       0x08005b04   Section        0  port.o(.text.vPortEnableVFP)
    [Anonymous Symbol]                       0x08005b18   Section        0  port.o(.text.vPortEnterCritical)
    [Anonymous Symbol]                       0x08005b70   Section        0  port.o(.text.vPortExitCritical)
    [Anonymous Symbol]                       0x08005bbc   Section        0  heap_4.o(.text.vPortFree)
    [Anonymous Symbol]                       0x08005c8c   Section        0  port.o(.text.vPortSetupTimerInterrupt)
    [Anonymous Symbol]                       0x08005cd0   Section        0  tasks.o(.text.vTaskDelay)
    [Anonymous Symbol]                       0x08005d40   Section        0  tasks.o(.text.vTaskStartScheduler)
    [Anonymous Symbol]                       0x08005e10   Section        0  tasks.o(.text.vTaskSuspendAll)
    [Anonymous Symbol]                       0x08005e20   Section        0  tasks.o(.text.vTaskSwitchContext)
    [Anonymous Symbol]                       0x08005ee0   Section        0  port.o(.text.xPortStartScheduler)
    [Anonymous Symbol]                       0x08006038   Section        0  port.o(.text.xPortSysTickHandler)
    [Anonymous Symbol]                       0x08006074   Section        0  tasks.o(.text.xTaskCreate)
    [Anonymous Symbol]                       0x08006114   Section        0  tasks.o(.text.xTaskCreateStatic)
    [Anonymous Symbol]                       0x080061e4   Section        0  tasks.o(.text.xTaskGetSchedulerState)
    [Anonymous Symbol]                       0x0800621c   Section        0  tasks.o(.text.xTaskIncrementTick)
    [Anonymous Symbol]                       0x080063d4   Section        0  tasks.o(.text.xTaskResumeAll)
    $v0                                      0x0800654c   Number         0  fpinit.o(x$fpl$fpinit)
    x$fpl$fpinit                             0x0800654c   Section       26  fpinit.o(x$fpl$fpinit)
    .L__const.MX_FREERTOS_Init.os_thread_def_defaultTask 0x08006568   Data          28  freertos.o(.rodata..L__const.MX_FREERTOS_Init.os_thread_def_defaultTask)
    [Anonymous Symbol]                       0x0800659c   Section        0  freertos.o(.rodata.str1.1)
    .L.str                                   0x080065a8   Data           5  tasks.o(.rodata.str1.1)
    [Anonymous Symbol]                       0x080065a8   Section        0  tasks.o(.rodata.str1.1)
    uxCriticalNesting                        0x2000000c   Data           4  port.o(.data.uxCriticalNesting)
    [Anonymous Symbol]                       0x2000000c   Section        0  port.o(.data.uxCriticalNesting)
    .bss                                     0x20000010   Section       96  libspace.o(.bss)
    HAL_RCC_CAN1_CLK_ENABLED                 0x20000070   Data           4  can.o(.bss.HAL_RCC_CAN1_CLK_ENABLED)
    [Anonymous Symbol]                       0x20000070   Section        0  can.o(.bss.HAL_RCC_CAN1_CLK_ENABLED)
    pxDelayedTaskList                        0x20000b14   Data           4  tasks.o(.bss.pxDelayedTaskList)
    [Anonymous Symbol]                       0x20000b14   Section        0  tasks.o(.bss.pxDelayedTaskList)
    pxEnd                                    0x20000b18   Data           4  heap_4.o(.bss.pxEnd)
    [Anonymous Symbol]                       0x20000b18   Section        0  heap_4.o(.bss.pxEnd)
    pxOverflowDelayedTaskList                0x20000b1c   Data           4  tasks.o(.bss.pxOverflowDelayedTaskList)
    [Anonymous Symbol]                       0x20000b1c   Section        0  tasks.o(.bss.pxOverflowDelayedTaskList)
    pxReadyTasksLists                        0x20000b20   Data         140  tasks.o(.bss.pxReadyTasksLists)
    [Anonymous Symbol]                       0x20000b20   Section        0  tasks.o(.bss.pxReadyTasksLists)
    ucHeap                                   0x20000bac   Data       15360  heap_4.o(.bss.ucHeap)
    [Anonymous Symbol]                       0x20000bac   Section        0  heap_4.o(.bss.ucHeap)
    ucMaxSysCallPriority                     0x200047ac   Data           1  port.o(.bss.ucMaxSysCallPriority)
    [Anonymous Symbol]                       0x200047ac   Section        0  port.o(.bss.ucMaxSysCallPriority)
    ulMaxPRIGROUPValue                       0x200047b0   Data           4  port.o(.bss.ulMaxPRIGROUPValue)
    [Anonymous Symbol]                       0x200047b0   Section        0  port.o(.bss.ulMaxPRIGROUPValue)
    uxCurrentNumberOfTasks                   0x200047b8   Data           4  tasks.o(.bss.uxCurrentNumberOfTasks)
    [Anonymous Symbol]                       0x200047b8   Section        0  tasks.o(.bss.uxCurrentNumberOfTasks)
    uxDeletedTasksWaitingCleanUp             0x200047bc   Data           4  tasks.o(.bss.uxDeletedTasksWaitingCleanUp)
    [Anonymous Symbol]                       0x200047bc   Section        0  tasks.o(.bss.uxDeletedTasksWaitingCleanUp)
    uxSchedulerSuspended                     0x200047c0   Data           4  tasks.o(.bss.uxSchedulerSuspended)
    [Anonymous Symbol]                       0x200047c0   Section        0  tasks.o(.bss.uxSchedulerSuspended)
    uxTaskNumber                             0x200047c4   Data           4  tasks.o(.bss.uxTaskNumber)
    [Anonymous Symbol]                       0x200047c4   Section        0  tasks.o(.bss.uxTaskNumber)
    uxTopReadyPriority                       0x200047c8   Data           4  tasks.o(.bss.uxTopReadyPriority)
    [Anonymous Symbol]                       0x200047c8   Section        0  tasks.o(.bss.uxTopReadyPriority)
    xBlockAllocatedBit                       0x200047cc   Data           4  heap_4.o(.bss.xBlockAllocatedBit)
    [Anonymous Symbol]                       0x200047cc   Section        0  heap_4.o(.bss.xBlockAllocatedBit)
    xDelayedTaskList1                        0x200047d0   Data          20  tasks.o(.bss.xDelayedTaskList1)
    [Anonymous Symbol]                       0x200047d0   Section        0  tasks.o(.bss.xDelayedTaskList1)
    xDelayedTaskList2                        0x200047e4   Data          20  tasks.o(.bss.xDelayedTaskList2)
    [Anonymous Symbol]                       0x200047e4   Section        0  tasks.o(.bss.xDelayedTaskList2)
    xFreeBytesRemaining                      0x200047f8   Data           4  heap_4.o(.bss.xFreeBytesRemaining)
    [Anonymous Symbol]                       0x200047f8   Section        0  heap_4.o(.bss.xFreeBytesRemaining)
    xIdleStack                               0x200047fc   Data         512  freertos.o(.bss.xIdleStack)
    [Anonymous Symbol]                       0x200047fc   Section        0  freertos.o(.bss.xIdleStack)
    xIdleTaskHandle                          0x200049fc   Data           4  tasks.o(.bss.xIdleTaskHandle)
    [Anonymous Symbol]                       0x200049fc   Section        0  tasks.o(.bss.xIdleTaskHandle)
    xIdleTaskTCBBuffer                       0x20004a00   Data          84  freertos.o(.bss.xIdleTaskTCBBuffer)
    [Anonymous Symbol]                       0x20004a00   Section        0  freertos.o(.bss.xIdleTaskTCBBuffer)
    xMinimumEverFreeBytesRemaining           0x20004a54   Data           4  heap_4.o(.bss.xMinimumEverFreeBytesRemaining)
    [Anonymous Symbol]                       0x20004a54   Section        0  heap_4.o(.bss.xMinimumEverFreeBytesRemaining)
    xNextTaskUnblockTime                     0x20004a58   Data           4  tasks.o(.bss.xNextTaskUnblockTime)
    [Anonymous Symbol]                       0x20004a58   Section        0  tasks.o(.bss.xNextTaskUnblockTime)
    xNumOfOverflows                          0x20004a5c   Data           4  tasks.o(.bss.xNumOfOverflows)
    [Anonymous Symbol]                       0x20004a5c   Section        0  tasks.o(.bss.xNumOfOverflows)
    xNumberOfSuccessfulAllocations           0x20004a60   Data           4  heap_4.o(.bss.xNumberOfSuccessfulAllocations)
    [Anonymous Symbol]                       0x20004a60   Section        0  heap_4.o(.bss.xNumberOfSuccessfulAllocations)
    xNumberOfSuccessfulFrees                 0x20004a64   Data           4  heap_4.o(.bss.xNumberOfSuccessfulFrees)
    [Anonymous Symbol]                       0x20004a64   Section        0  heap_4.o(.bss.xNumberOfSuccessfulFrees)
    xPendedTicks                             0x20004a68   Data           4  tasks.o(.bss.xPendedTicks)
    [Anonymous Symbol]                       0x20004a68   Section        0  tasks.o(.bss.xPendedTicks)
    xPendingReadyList                        0x20004a6c   Data          20  tasks.o(.bss.xPendingReadyList)
    [Anonymous Symbol]                       0x20004a6c   Section        0  tasks.o(.bss.xPendingReadyList)
    xSchedulerRunning                        0x20004a80   Data           4  tasks.o(.bss.xSchedulerRunning)
    [Anonymous Symbol]                       0x20004a80   Section        0  tasks.o(.bss.xSchedulerRunning)
    xStart                                   0x20004a84   Data           8  heap_4.o(.bss.xStart)
    [Anonymous Symbol]                       0x20004a84   Section        0  heap_4.o(.bss.xStart)
    xSuspendedTaskList                       0x20004a8c   Data          20  tasks.o(.bss.xSuspendedTaskList)
    [Anonymous Symbol]                       0x20004a8c   Section        0  tasks.o(.bss.xSuspendedTaskList)
    xTasksWaitingTermination                 0x20004aa0   Data          20  tasks.o(.bss.xTasksWaitingTermination)
    [Anonymous Symbol]                       0x20004aa0   Section        0  tasks.o(.bss.xTasksWaitingTermination)
    xTickCount                               0x20004ab4   Data           4  tasks.o(.bss.xTickCount)
    [Anonymous Symbol]                       0x20004ab4   Section        0  tasks.o(.bss.xTickCount)
    xYieldPending                            0x20004ab8   Data           4  tasks.o(.bss.xYieldPending)
    [Anonymous Symbol]                       0x20004ab8   Section        0  tasks.o(.bss.xYieldPending)
    Heap_Mem                                 0x20004ac0   Data        4096  startup_stm32f407xx.o(HEAP)
    HEAP                                     0x20004ac0   Section     4096  startup_stm32f407xx.o(HEAP)
    Stack_Mem                                0x20005ac0   Data        2048  startup_stm32f407xx.o(STACK)
    STACK                                    0x20005ac0   Section     2048  startup_stm32f407xx.o(STACK)
    __initial_sp                             0x200062c0   Data           0  startup_stm32f407xx.o(STACK)

    Global Symbols

    Symbol Name                              Value     Ov Type        Size  Object(Section)

    BuildAttributes$$THM_ISAv4$E$P$D$K$B$S$7EM$VFPi3$EXTD16$VFPS$VFMA$PE$A:L22UL41UL21$X:L11$S22US41US21$IEEE1$IW$~IW$USESV6$~STKCKD$USESV7$~SHL$OTIME$ROPI$IEEEX$EBA8$UX$STANDARDLIB$REQ8$PRES8$EABIv2 0x00000000   Number         0  anon$$obj.o ABSOLUTE
    __ARM_exceptions_init                     - Undefined Weak Reference
    __alloca_initialize                       - Undefined Weak Reference
    __arm_preinit_                            - Undefined Weak Reference
    __arm_relocate_pie_                       - Undefined Weak Reference
    __cpp_initialize__aeabi_                  - Undefined Weak Reference
    __cxa_finalize                            - Undefined Weak Reference
    __rt_locale                               - Undefined Weak Reference
    __sigvec_lookup                           - Undefined Weak Reference
    __user_heap_extent                        - Undefined Weak Reference
    _atexit_init                              - Undefined Weak Reference
    _call_atexit_fns                          - Undefined Weak Reference
    _clock_init                               - Undefined Weak Reference
    _fp_trap_init                             - Undefined Weak Reference
    _fp_trap_shutdown                         - Undefined Weak Reference
    _get_lc_collate                           - Undefined Weak Reference
    _get_lc_ctype                             - Undefined Weak Reference
    _get_lc_monetary                          - Undefined Weak Reference
    _get_lc_numeric                           - Undefined Weak Reference
    _get_lc_time                              - Undefined Weak Reference
    _getenv_init                              - Undefined Weak Reference
    _handle_redirection                       - Undefined Weak Reference
    _initio                                   - Undefined Weak Reference
    _mutex_acquire                            - Undefined Weak Reference
    _mutex_free                               - Undefined Weak Reference
    _mutex_release                            - Undefined Weak Reference
    _rand_init                                - Undefined Weak Reference
    _signal_finish                            - Undefined Weak Reference
    _signal_init                              - Undefined Weak Reference
    _terminateio                              - Undefined Weak Reference
    __Vectors_Size                           0x00000188   Number         0  startup_stm32f407xx.o ABSOLUTE
    __Vectors                                0x08000000   Data           4  startup_stm32f407xx.o(RESET)
    __Vectors_End                            0x08000188   Data           0  startup_stm32f407xx.o(RESET)
    __main                                   0x08000189   Thumb Code     8  __main.o(!!!main)
    __scatterload                            0x08000191   Thumb Code     0  __scatter.o(!!!scatter)
    __scatterload_rt2                        0x08000191   Thumb Code    84  __scatter.o(!!!scatter)
    __scatterload_rt2_thumb_only             0x08000191   Thumb Code     0  __scatter.o(!!!scatter)
    __scatterload_loop                       0x0800019b   Thumb Code     0  __scatter.o(!!!scatter)
    __scatterload_copy                       0x080001ed   Thumb Code    26  __scatter_copy.o(!!handler_copy)
    __scatterload_null                       0x08000209   Thumb Code     2  __scatter.o(!!handler_null)
    __scatterload_zeroinit                   0x0800020d   Thumb Code    28  __scatter_zi.o(!!handler_zi)
    __rt_lib_init                            0x08000229   Thumb Code     0  libinit.o(.ARM.Collect$$libinit$$00000000)
    __rt_lib_init_fp_1                       0x0800022b   Thumb Code     0  libinit2.o(.ARM.Collect$$libinit$$00000001)
    __rt_lib_init_alloca_1                   0x0800022f   Thumb Code     0  libinit2.o(.ARM.Collect$$libinit$$00000030)
    __rt_lib_init_argv_1                     0x0800022f   Thumb Code     0  libinit2.o(.ARM.Collect$$libinit$$0000002E)
    __rt_lib_init_atexit_1                   0x0800022f   Thumb Code     0  libinit2.o(.ARM.Collect$$libinit$$0000001D)
    __rt_lib_init_clock_1                    0x0800022f   Thumb Code     0  libinit2.o(.ARM.Collect$$libinit$$00000023)
    __rt_lib_init_cpp_1                      0x0800022f   Thumb Code     0  libinit2.o(.ARM.Collect$$libinit$$00000034)
    __rt_lib_init_exceptions_1               0x0800022f   Thumb Code     0  libinit2.o(.ARM.Collect$$libinit$$00000032)
    __rt_lib_init_fp_trap_1                  0x0800022f   Thumb Code     0  libinit2.o(.ARM.Collect$$libinit$$00000021)
    __rt_lib_init_getenv_1                   0x0800022f   Thumb Code     0  libinit2.o(.ARM.Collect$$libinit$$00000025)
    __rt_lib_init_heap_1                     0x0800022f   Thumb Code     0  libinit2.o(.ARM.Collect$$libinit$$0000000C)
    __rt_lib_init_lc_collate_1               0x0800022f   Thumb Code     0  libinit2.o(.ARM.Collect$$libinit$$00000013)
    __rt_lib_init_lc_ctype_1                 0x0800022f   Thumb Code     0  libinit2.o(.ARM.Collect$$libinit$$00000015)
    __rt_lib_init_lc_monetary_1              0x0800022f   Thumb Code     0  libinit2.o(.ARM.Collect$$libinit$$00000017)
    __rt_lib_init_lc_numeric_1               0x0800022f   Thumb Code     0  libinit2.o(.ARM.Collect$$libinit$$00000019)
    __rt_lib_init_lc_time_1                  0x0800022f   Thumb Code     0  libinit2.o(.ARM.Collect$$libinit$$0000001B)
    __rt_lib_init_preinit_1                  0x0800022f   Thumb Code     0  libinit2.o(.ARM.Collect$$libinit$$00000006)
    __rt_lib_init_rand_1                     0x0800022f   Thumb Code     0  libinit2.o(.ARM.Collect$$libinit$$00000010)
    __rt_lib_init_relocate_pie_1             0x0800022f   Thumb Code     0  libinit2.o(.ARM.Collect$$libinit$$00000004)
    __rt_lib_init_return                     0x0800022f   Thumb Code     0  libinit2.o(.ARM.Collect$$libinit$$00000035)
    __rt_lib_init_signal_1                   0x0800022f   Thumb Code     0  libinit2.o(.ARM.Collect$$libinit$$0000001F)
    __rt_lib_init_stdio_1                    0x0800022f   Thumb Code     0  libinit2.o(.ARM.Collect$$libinit$$00000027)
    __rt_lib_init_user_alloc_1               0x0800022f   Thumb Code     0  libinit2.o(.ARM.Collect$$libinit$$0000000E)
    __rt_lib_shutdown                        0x08000231   Thumb Code     0  libshutdown.o(.ARM.Collect$$libshutdown$$00000000)
    __rt_lib_shutdown_cpp_1                  0x08000233   Thumb Code     0  libshutdown2.o(.ARM.Collect$$libshutdown$$00000002)
    __rt_lib_shutdown_fp_trap_1              0x08000233   Thumb Code     0  libshutdown2.o(.ARM.Collect$$libshutdown$$00000007)
    __rt_lib_shutdown_heap_1                 0x08000233   Thumb Code     0  libshutdown2.o(.ARM.Collect$$libshutdown$$0000000F)
    __rt_lib_shutdown_return                 0x08000233   Thumb Code     0  libshutdown2.o(.ARM.Collect$$libshutdown$$00000010)
    __rt_lib_shutdown_signal_1               0x08000233   Thumb Code     0  libshutdown2.o(.ARM.Collect$$libshutdown$$0000000A)
    __rt_lib_shutdown_stdio_1                0x08000233   Thumb Code     0  libshutdown2.o(.ARM.Collect$$libshutdown$$00000004)
    __rt_lib_shutdown_user_alloc_1           0x08000233   Thumb Code     0  libshutdown2.o(.ARM.Collect$$libshutdown$$0000000C)
    __rt_entry                               0x08000235   Thumb Code     0  __rtentry.o(.ARM.Collect$$rtentry$$00000000)
    __rt_entry_presh_1                       0x08000235   Thumb Code     0  __rtentry2.o(.ARM.Collect$$rtentry$$00000002)
    __rt_entry_sh                            0x08000235   Thumb Code     0  __rtentry4.o(.ARM.Collect$$rtentry$$00000004)
    __rt_entry_li                            0x0800023b   Thumb Code     0  __rtentry2.o(.ARM.Collect$$rtentry$$0000000A)
    __rt_entry_postsh_1                      0x0800023b   Thumb Code     0  __rtentry2.o(.ARM.Collect$$rtentry$$00000009)
    __rt_entry_main                          0x0800023f   Thumb Code     0  __rtentry2.o(.ARM.Collect$$rtentry$$0000000D)
    __rt_entry_postli_1                      0x0800023f   Thumb Code     0  __rtentry2.o(.ARM.Collect$$rtentry$$0000000C)
    __rt_exit                                0x08000247   Thumb Code     0  rtexit.o(.ARM.Collect$$rtexit$$00000000)
    __rt_exit_ls                             0x08000249   Thumb Code     0  rtexit2.o(.ARM.Collect$$rtexit$$00000003)
    __rt_exit_prels_1                        0x08000249   Thumb Code     0  rtexit2.o(.ARM.Collect$$rtexit$$00000002)
    __rt_exit_exit                           0x0800024d   Thumb Code     0  rtexit2.o(.ARM.Collect$$rtexit$$00000004)
    Reset_Handler                            0x08000255   Thumb Code     8  startup_stm32f407xx.o(.text)
    ADC_IRQHandler                           0x0800026f   Thumb Code     0  startup_stm32f407xx.o(.text)
    CAN1_RX0_IRQHandler                      0x0800026f   Thumb Code     0  startup_stm32f407xx.o(.text)
    CAN1_RX1_IRQHandler                      0x0800026f   Thumb Code     0  startup_stm32f407xx.o(.text)
    CAN1_SCE_IRQHandler                      0x0800026f   Thumb Code     0  startup_stm32f407xx.o(.text)
    CAN1_TX_IRQHandler                       0x0800026f   Thumb Code     0  startup_stm32f407xx.o(.text)
    CAN2_RX0_IRQHandler                      0x0800026f   Thumb Code     0  startup_stm32f407xx.o(.text)
    CAN2_RX1_IRQHandler                      0x0800026f   Thumb Code     0  startup_stm32f407xx.o(.text)
    CAN2_SCE_IRQHandler                      0x0800026f   Thumb Code     0  startup_stm32f407xx.o(.text)
    CAN2_TX_IRQHandler                       0x0800026f   Thumb Code     0  startup_stm32f407xx.o(.text)
    DCMI_IRQHandler                          0x0800026f   Thumb Code     0  startup_stm32f407xx.o(.text)
    DMA1_Stream0_IRQHandler                  0x0800026f   Thumb Code     0  startup_stm32f407xx.o(.text)
    DMA1_Stream1_IRQHandler                  0x0800026f   Thumb Code     0  startup_stm32f407xx.o(.text)
    DMA1_Stream2_IRQHandler                  0x0800026f   Thumb Code     0  startup_stm32f407xx.o(.text)
    DMA1_Stream3_IRQHandler                  0x0800026f   Thumb Code     0  startup_stm32f407xx.o(.text)
    DMA1_Stream4_IRQHandler                  0x0800026f   Thumb Code     0  startup_stm32f407xx.o(.text)
    DMA1_Stream5_IRQHandler                  0x0800026f   Thumb Code     0  startup_stm32f407xx.o(.text)
    DMA1_Stream6_IRQHandler                  0x0800026f   Thumb Code     0  startup_stm32f407xx.o(.text)
    DMA1_Stream7_IRQHandler                  0x0800026f   Thumb Code     0  startup_stm32f407xx.o(.text)
    DMA2_Stream0_IRQHandler                  0x0800026f   Thumb Code     0  startup_stm32f407xx.o(.text)
    DMA2_Stream1_IRQHandler                  0x0800026f   Thumb Code     0  startup_stm32f407xx.o(.text)
    DMA2_Stream2_IRQHandler                  0x0800026f   Thumb Code     0  startup_stm32f407xx.o(.text)
    DMA2_Stream3_IRQHandler                  0x0800026f   Thumb Code     0  startup_stm32f407xx.o(.text)
    DMA2_Stream4_IRQHandler                  0x0800026f   Thumb Code     0  startup_stm32f407xx.o(.text)
    DMA2_Stream5_IRQHandler                  0x0800026f   Thumb Code     0  startup_stm32f407xx.o(.text)
    DMA2_Stream6_IRQHandler                  0x0800026f   Thumb Code     0  startup_stm32f407xx.o(.text)
    DMA2_Stream7_IRQHandler                  0x0800026f   Thumb Code     0  startup_stm32f407xx.o(.text)
    ETH_IRQHandler                           0x0800026f   Thumb Code     0  startup_stm32f407xx.o(.text)
    ETH_WKUP_IRQHandler                      0x0800026f   Thumb Code     0  startup_stm32f407xx.o(.text)
    EXTI0_IRQHandler                         0x0800026f   Thumb Code     0  startup_stm32f407xx.o(.text)
    EXTI15_10_IRQHandler                     0x0800026f   Thumb Code     0  startup_stm32f407xx.o(.text)
    EXTI1_IRQHandler                         0x0800026f   Thumb Code     0  startup_stm32f407xx.o(.text)
    EXTI2_IRQHandler                         0x0800026f   Thumb Code     0  startup_stm32f407xx.o(.text)
    EXTI3_IRQHandler                         0x0800026f   Thumb Code     0  startup_stm32f407xx.o(.text)
    EXTI4_IRQHandler                         0x0800026f   Thumb Code     0  startup_stm32f407xx.o(.text)
    EXTI9_5_IRQHandler                       0x0800026f   Thumb Code     0  startup_stm32f407xx.o(.text)
    FLASH_IRQHandler                         0x0800026f   Thumb Code     0  startup_stm32f407xx.o(.text)
    FMC_IRQHandler                           0x0800026f   Thumb Code     0  startup_stm32f407xx.o(.text)
    FPU_IRQHandler                           0x0800026f   Thumb Code     0  startup_stm32f407xx.o(.text)
    HASH_RNG_IRQHandler                      0x0800026f   Thumb Code     0  startup_stm32f407xx.o(.text)
    I2C1_ER_IRQHandler                       0x0800026f   Thumb Code     0  startup_stm32f407xx.o(.text)
    I2C1_EV_IRQHandler                       0x0800026f   Thumb Code     0  startup_stm32f407xx.o(.text)
    I2C2_ER_IRQHandler                       0x0800026f   Thumb Code     0  startup_stm32f407xx.o(.text)
    I2C2_EV_IRQHandler                       0x0800026f   Thumb Code     0  startup_stm32f407xx.o(.text)
    I2C3_ER_IRQHandler                       0x0800026f   Thumb Code     0  startup_stm32f407xx.o(.text)
    I2C3_EV_IRQHandler                       0x0800026f   Thumb Code     0  startup_stm32f407xx.o(.text)
    OTG_FS_IRQHandler                        0x0800026f   Thumb Code     0  startup_stm32f407xx.o(.text)
    OTG_FS_WKUP_IRQHandler                   0x0800026f   Thumb Code     0  startup_stm32f407xx.o(.text)
    OTG_HS_EP1_IN_IRQHandler                 0x0800026f   Thumb Code     0  startup_stm32f407xx.o(.text)
    OTG_HS_EP1_OUT_IRQHandler                0x0800026f   Thumb Code     0  startup_stm32f407xx.o(.text)
    OTG_HS_IRQHandler                        0x0800026f   Thumb Code     0  startup_stm32f407xx.o(.text)
    OTG_HS_WKUP_IRQHandler                   0x0800026f   Thumb Code     0  startup_stm32f407xx.o(.text)
    PVD_IRQHandler                           0x0800026f   Thumb Code     0  startup_stm32f407xx.o(.text)
    RCC_IRQHandler                           0x0800026f   Thumb Code     0  startup_stm32f407xx.o(.text)
    RTC_Alarm_IRQHandler                     0x0800026f   Thumb Code     0  startup_stm32f407xx.o(.text)
    RTC_WKUP_IRQHandler                      0x0800026f   Thumb Code     0  startup_stm32f407xx.o(.text)
    SDIO_IRQHandler                          0x0800026f   Thumb Code     0  startup_stm32f407xx.o(.text)
    SPI1_IRQHandler                          0x0800026f   Thumb Code     0  startup_stm32f407xx.o(.text)
    SPI2_IRQHandler                          0x0800026f   Thumb Code     0  startup_stm32f407xx.o(.text)
    SPI3_IRQHandler                          0x0800026f   Thumb Code     0  startup_stm32f407xx.o(.text)
    TAMP_STAMP_IRQHandler                    0x0800026f   Thumb Code     0  startup_stm32f407xx.o(.text)
    TIM1_BRK_TIM9_IRQHandler                 0x0800026f   Thumb Code     0  startup_stm32f407xx.o(.text)
    TIM1_CC_IRQHandler                       0x0800026f   Thumb Code     0  startup_stm32f407xx.o(.text)
    TIM1_TRG_COM_TIM11_IRQHandler            0x0800026f   Thumb Code     0  startup_stm32f407xx.o(.text)
    TIM1_UP_TIM10_IRQHandler                 0x0800026f   Thumb Code     0  startup_stm32f407xx.o(.text)
    TIM2_IRQHandler                          0x0800026f   Thumb Code     0  startup_stm32f407xx.o(.text)
    TIM3_IRQHandler                          0x0800026f   Thumb Code     0  startup_stm32f407xx.o(.text)
    TIM4_IRQHandler                          0x0800026f   Thumb Code     0  startup_stm32f407xx.o(.text)
    TIM5_IRQHandler                          0x0800026f   Thumb Code     0  startup_stm32f407xx.o(.text)
    TIM6_DAC_IRQHandler                      0x0800026f   Thumb Code     0  startup_stm32f407xx.o(.text)
    TIM7_IRQHandler                          0x0800026f   Thumb Code     0  startup_stm32f407xx.o(.text)
    TIM8_BRK_TIM12_IRQHandler                0x0800026f   Thumb Code     0  startup_stm32f407xx.o(.text)
    TIM8_CC_IRQHandler                       0x0800026f   Thumb Code     0  startup_stm32f407xx.o(.text)
    TIM8_TRG_COM_TIM14_IRQHandler            0x0800026f   Thumb Code     0  startup_stm32f407xx.o(.text)
    TIM8_UP_TIM13_IRQHandler                 0x0800026f   Thumb Code     0  startup_stm32f407xx.o(.text)
    UART4_IRQHandler                         0x0800026f   Thumb Code     0  startup_stm32f407xx.o(.text)
    UART5_IRQHandler                         0x0800026f   Thumb Code     0  startup_stm32f407xx.o(.text)
    USART1_IRQHandler                        0x0800026f   Thumb Code     0  startup_stm32f407xx.o(.text)
    USART2_IRQHandler                        0x0800026f   Thumb Code     0  startup_stm32f407xx.o(.text)
    USART3_IRQHandler                        0x0800026f   Thumb Code     0  startup_stm32f407xx.o(.text)
    USART6_IRQHandler                        0x0800026f   Thumb Code     0  startup_stm32f407xx.o(.text)
    WWDG_IRQHandler                          0x0800026f   Thumb Code     0  startup_stm32f407xx.o(.text)
    __user_initial_stackheap                 0x08000271   Thumb Code     0  startup_stm32f407xx.o(.text)
    __aeabi_uldivmod                         0x08000295   Thumb Code     0  lludivv7m.o(.text)
    _ll_udiv                                 0x08000295   Thumb Code   240  lludivv7m.o(.text)
    __aeabi_memclr4                          0x08000385   Thumb Code     0  rt_memclr_w.o(.text)
    __aeabi_memclr8                          0x08000385   Thumb Code     0  rt_memclr_w.o(.text)
    __rt_memclr_w                            0x08000385   Thumb Code     0  rt_memclr_w.o(.text)
    _memset_w                                0x08000389   Thumb Code    74  rt_memclr_w.o(.text)
    __use_two_region_memory                  0x080003d3   Thumb Code     2  heapauxi.o(.text)
    __rt_heap_escrow                         0x080003d5   Thumb Code     2  heapauxi.o(.text)
    __rt_heap_expand                         0x080003d7   Thumb Code     2  heapauxi.o(.text)
    __user_libspace                          0x080003d9   Thumb Code     8  libspace.o(.text)
    __user_perproc_libspace                  0x080003d9   Thumb Code     0  libspace.o(.text)
    __user_perthread_libspace                0x080003d9   Thumb Code     0  libspace.o(.text)
    __I$use$semihosting                      0x080003e1   Thumb Code     0  use_no_semi.o(.text)
    __use_no_semihosting_swi                 0x080003e1   Thumb Code     2  use_no_semi.o(.text)
    __semihosting_library_function           0x080003e3   Thumb Code     0  indicate_semi.o(.text)
    __user_setup_stackheap                   0x080003e3   Thumb Code    74  sys_stackheap_outer.o(.text)
    exit                                     0x0800042d   Thumb Code    18  exit.o(.text)
    _sys_exit                                0x08000441   Thumb Code     8  sys_exit.o(.text)
    BusFault_Handler                         0x080005d9   Thumb Code     4  stm32f4xx_it.o(.text.BusFault_Handler)
    DebugMon_Handler                         0x080005dd   Thumb Code     2  stm32f4xx_it.o(.text.DebugMon_Handler)
    Error_Handler                            0x080005e1   Thumb Code     6  main.o(.text.Error_Handler)
    HAL_ADC_ConfigChannel                    0x080005e9   Thumb Code   536  stm32f4xx_hal_adc.o(.text.HAL_ADC_ConfigChannel)
    HAL_ADC_Init                             0x08000801   Thumb Code   168  stm32f4xx_hal_adc.o(.text.HAL_ADC_Init)
    HAL_ADC_MspInit                          0x080008a9   Thumb Code   252  adc.o(.text.HAL_ADC_MspInit)
    HAL_CAN_Init                             0x080009a5   Thumb Code   478  stm32f4xx_hal_can.o(.text.HAL_CAN_Init)
    HAL_CAN_MspInit                          0x08000b85   Thumb Code   348  can.o(.text.HAL_CAN_MspInit)
    HAL_Delay                                0x08000ce1   Thumb Code    66  stm32f4xx_hal.o(.text.HAL_Delay)
    HAL_GPIO_Init                            0x08000d25   Thumb Code   950  stm32f4xx_hal_gpio.o(.text.HAL_GPIO_Init)
    HAL_GPIO_WritePin                        0x080010dd   Thumb Code    46  stm32f4xx_hal_gpio.o(.text.HAL_GPIO_WritePin)
    HAL_GetTick                              0x0800110d   Thumb Code    12  stm32f4xx_hal.o(.text.HAL_GetTick)
    HAL_I2C_Init                             0x08001119   Thumb Code   676  stm32f4xx_hal_i2c.o(.text.HAL_I2C_Init)
    HAL_I2C_MspInit                          0x080013bd   Thumb Code   482  i2c.o(.text.HAL_I2C_MspInit)
    HAL_IncTick                              0x080015a1   Thumb Code    26  stm32f4xx_hal.o(.text.HAL_IncTick)
    HAL_Init                                 0x080015bd   Thumb Code    54  stm32f4xx_hal.o(.text.HAL_Init)
    HAL_InitTick                             0x080015f5   Thumb Code   112  stm32f4xx_hal.o(.text.HAL_InitTick)
    HAL_MspInit                              0x08001665   Thumb Code    88  stm32f4xx_hal_msp.o(.text.HAL_MspInit)
    HAL_NVIC_SetPriority                     0x080016bd   Thumb Code    50  stm32f4xx_hal_cortex.o(.text.HAL_NVIC_SetPriority)
    HAL_NVIC_SetPriorityGrouping             0x080016f1   Thumb Code    16  stm32f4xx_hal_cortex.o(.text.HAL_NVIC_SetPriorityGrouping)
    HAL_PCD_Init                             0x08001701   Thumb Code   578  stm32f4xx_hal_pcd.o(.text.HAL_PCD_Init)
    HAL_PCD_MspInit                          0x08001945   Thumb Code   158  usb_otg.o(.text.HAL_PCD_MspInit)
    HAL_RCC_ClockConfig                      0x080019e5   Thumb Code   610  stm32f4xx_hal_rcc.o(.text.HAL_RCC_ClockConfig)
    HAL_RCC_GetHCLKFreq                      0x08001c49   Thumb Code    12  stm32f4xx_hal_rcc.o(.text.HAL_RCC_GetHCLKFreq)
    HAL_RCC_GetPCLK1Freq                     0x08001c55   Thumb Code    34  stm32f4xx_hal_rcc.o(.text.HAL_RCC_GetPCLK1Freq)
    HAL_RCC_GetPCLK2Freq                     0x08001c79   Thumb Code    34  stm32f4xx_hal_rcc.o(.text.HAL_RCC_GetPCLK2Freq)
    HAL_RCC_GetSysClockFreq                  0x08001c9d   Thumb Code   230  stm32f4xx_hal_rcc.o(.text.HAL_RCC_GetSysClockFreq)
    HAL_RCC_OscConfig                        0x08001d85   Thumb Code  1726  stm32f4xx_hal_rcc.o(.text.HAL_RCC_OscConfig)
    HAL_SPI_Init                             0x08002445   Thumb Code   258  stm32f4xx_hal_spi.o(.text.HAL_SPI_Init)
    HAL_SPI_MspInit                          0x08002549   Thumb Code   394  spi.o(.text.HAL_SPI_MspInit)
    HAL_SYSTICK_Config                       0x080026d5   Thumb Code    16  stm32f4xx_hal_cortex.o(.text.HAL_SYSTICK_Config)
    HAL_TIMEx_MasterConfigSynchronization    0x080026e5   Thumb Code   290  stm32f4xx_hal_tim_ex.o(.text.HAL_TIMEx_MasterConfigSynchronization)
    HAL_TIM_Base_Init                        0x08002809   Thumb Code   156  stm32f4xx_hal_tim.o(.text.HAL_TIM_Base_Init)
    HAL_TIM_Base_MspInit                     0x080028a5   Thumb Code   174  tim.o(.text.HAL_TIM_Base_MspInit)
    HAL_TIM_ConfigClockSource                0x08002955   Thumb Code   388  stm32f4xx_hal_tim.o(.text.HAL_TIM_ConfigClockSource)
    HAL_TIM_Encoder_Init                     0x08002ad9   Thumb Code   304  stm32f4xx_hal_tim.o(.text.HAL_TIM_Encoder_Init)
    HAL_TIM_Encoder_MspInit                  0x08002c09   Thumb Code   336  tim.o(.text.HAL_TIM_Encoder_MspInit)
    HAL_TIM_MspPostInit                      0x08002d59   Thumb Code   278  tim.o(.text.HAL_TIM_MspPostInit)
    HAL_TIM_PWM_ConfigChannel                0x08002e71   Thumb Code   322  stm32f4xx_hal_tim.o(.text.HAL_TIM_PWM_ConfigChannel)
    HAL_TIM_PWM_Init                         0x08002fb5   Thumb Code   156  stm32f4xx_hal_tim.o(.text.HAL_TIM_PWM_Init)
    HAL_TIM_PWM_MspInit                      0x08003051   Thumb Code     8  stm32f4xx_hal_tim.o(.text.HAL_TIM_PWM_MspInit)
    HAL_UART_Init                            0x08003059   Thumb Code   158  stm32f4xx_hal_uart.o(.text.HAL_UART_Init)
    HAL_UART_MspInit                         0x080030f9   Thumb Code   638  usart.o(.text.HAL_UART_MspInit)
    HardFault_Handler                        0x08003379   Thumb Code     4  stm32f4xx_it.o(.text.HardFault_Handler)
    MX_ADC1_Init                             0x0800337d   Thumb Code   128  adc.o(.text.MX_ADC1_Init)
    MX_ADC2_Init                             0x080033fd   Thumb Code   128  adc.o(.text.MX_ADC2_Init)
    MX_CAN1_Init                             0x0800347d   Thumb Code    78  can.o(.text.MX_CAN1_Init)
    MX_CAN2_Init                             0x080034cd   Thumb Code    78  can.o(.text.MX_CAN2_Init)
    MX_FREERTOS_Init                         0x0800351d   Thumb Code    70  freertos.o(.text.MX_FREERTOS_Init)
    MX_GPIO_Init                             0x08003565   Thumb Code   462  gpio.o(.text.MX_GPIO_Init)
    MX_I2C1_Init                             0x08003735   Thumb Code    72  i2c.o(.text.MX_I2C1_Init)
    MX_I2C2_Init                             0x0800377d   Thumb Code    72  i2c.o(.text.MX_I2C2_Init)
    MX_I2C3_Init                             0x080037c5   Thumb Code    72  i2c.o(.text.MX_I2C3_Init)
    MX_SPI1_Init                             0x0800380d   Thumb Code    78  spi.o(.text.MX_SPI1_Init)
    MX_SPI2_Init                             0x0800385d   Thumb Code    80  spi.o(.text.MX_SPI2_Init)
    MX_SPI3_Init                             0x080038ad   Thumb Code    78  spi.o(.text.MX_SPI3_Init)
    MX_TIM2_Init                             0x080038fd   Thumb Code   120  tim.o(.text.MX_TIM2_Init)
    MX_TIM3_Init                             0x08003975   Thumb Code   266  tim.o(.text.MX_TIM3_Init)
    MX_TIM4_Init                             0x08003a81   Thumb Code   124  tim.o(.text.MX_TIM4_Init)
    MX_TIM5_Init                             0x08003afd   Thumb Code   242  tim.o(.text.MX_TIM5_Init)
    MX_TIM9_Init                             0x08003bf1   Thumb Code   206  tim.o(.text.MX_TIM9_Init)
    MX_UART4_Init                            0x08003cc1   Thumb Code    64  usart.o(.text.MX_UART4_Init)
    MX_USART1_UART_Init                      0x08003d01   Thumb Code    64  usart.o(.text.MX_USART1_UART_Init)
    MX_USART2_UART_Init                      0x08003d41   Thumb Code    64  usart.o(.text.MX_USART2_UART_Init)
    MX_USART3_UART_Init                      0x08003d81   Thumb Code    64  usart.o(.text.MX_USART3_UART_Init)
    MX_USART6_UART_Init                      0x08003dc1   Thumb Code    64  usart.o(.text.MX_USART6_UART_Init)
    MX_USB_OTG_FS_PCD_Init                   0x08003e01   Thumb Code    62  usb_otg.o(.text.MX_USB_OTG_FS_PCD_Init)
    MemManage_Handler                        0x08003e41   Thumb Code     4  stm32f4xx_it.o(.text.MemManage_Handler)
    NMI_Handler                              0x08003e45   Thumb Code     4  stm32f4xx_it.o(.text.NMI_Handler)
    PendSV_Handler                           0x08003ec1   Thumb Code   100  port.o(.text.PendSV_Handler)
    SVC_Handler                              0x08003f31   Thumb Code    36  port.o(.text.SVC_Handler)
    StartDefaultTask                         0x08003f55   Thumb Code    16  freertos.o(.text.StartDefaultTask)
    SysTick_Handler                          0x08003fb9   Thumb Code    24  stm32f4xx_it.o(.text.SysTick_Handler)
    SystemClock_Config                       0x08003fd1   Thumb Code   188  main.o(.text.SystemClock_Config)
    SystemInit                               0x0800408d   Thumb Code    18  system_stm32f4xx.o(.text.SystemInit)
    TIM_Base_SetConfig                       0x080040a1   Thumb Code   432  stm32f4xx_hal_tim.o(.text.TIM_Base_SetConfig)
    TIM_ETR_SetConfig                        0x08004251   Thumb Code    52  stm32f4xx_hal_tim.o(.text.TIM_ETR_SetConfig)
    TIM_OC2_SetConfig                        0x0800439d   Thumb Code   244  stm32f4xx_hal_tim.o(.text.TIM_OC2_SetConfig)
    USB_CoreInit                             0x08004809   Thumb Code   214  stm32f4xx_ll_usb.o(.text.USB_CoreInit)
    USB_DevDisconnect                        0x08004959   Thumb Code    42  stm32f4xx_ll_usb.o(.text.USB_DevDisconnect)
    USB_DevInit                              0x08004985   Thumb Code   666  stm32f4xx_ll_usb.o(.text.USB_DevInit)
    USB_DisableGlobalInt                     0x08004c21   Thumb Code    20  stm32f4xx_ll_usb.o(.text.USB_DisableGlobalInt)
    USB_FlushRxFifo                          0x08004c35   Thumb Code   116  stm32f4xx_ll_usb.o(.text.USB_FlushRxFifo)
    USB_FlushTxFifo                          0x08004ca9   Thumb Code   122  stm32f4xx_ll_usb.o(.text.USB_FlushTxFifo)
    USB_GetMode                              0x08004d25   Thumb Code    16  stm32f4xx_ll_usb.o(.text.USB_GetMode)
    USB_SetCurrentMode                       0x08004d35   Thumb Code   222  stm32f4xx_ll_usb.o(.text.USB_SetCurrentMode)
    USB_SetDevSpeed                          0x08004e15   Thumb Code    34  stm32f4xx_ll_usb.o(.text.USB_SetDevSpeed)
    UsageFault_Handler                       0x08004e39   Thumb Code     4  stm32f4xx_it.o(.text.UsageFault_Handler)
    main                                     0x08004ecd   Thumb Code   170  main.o(.text.main)
    osDelay                                  0x08004fa1   Thumb Code    40  cmsis_os.o(.text.osDelay)
    osKernelStart                            0x08004fc9   Thumb Code    10  cmsis_os.o(.text.osKernelStart)
    osThreadCreate                           0x08004fd5   Thumb Code   172  cmsis_os.o(.text.osThreadCreate)
    pvPortMalloc                             0x0800575d   Thumb Code   492  heap_4.o(.text.pvPortMalloc)
    pxPortInitialiseStack                    0x08005949   Thumb Code    94  port.o(.text.pxPortInitialiseStack)
    uxListRemove                             0x080059a9   Thumb Code    72  list.o(.text.uxListRemove)
    vApplicationGetIdleTaskMemory            0x080059f1   Thumb Code    42  freertos.o(.text.vApplicationGetIdleTaskMemory)
    vListInitialise                          0x08005a1d   Thumb Code    46  list.o(.text.vListInitialise)
    vListInitialiseItem                      0x08005a4d   Thumb Code    14  list.o(.text.vListInitialiseItem)
    vListInsert                              0x08005a5d   Thumb Code   106  list.o(.text.vListInsert)
    vListInsertEnd                           0x08005ac9   Thumb Code    58  list.o(.text.vListInsertEnd)
    vPortEnterCritical                       0x08005b19   Thumb Code    86  port.o(.text.vPortEnterCritical)
    vPortExitCritical                        0x08005b71   Thumb Code    74  port.o(.text.vPortExitCritical)
    vPortFree                                0x08005bbd   Thumb Code   206  heap_4.o(.text.vPortFree)
    vPortSetupTimerInterrupt                 0x08005c8d   Thumb Code    68  port.o(.text.vPortSetupTimerInterrupt)
    vTaskDelay                               0x08005cd1   Thumb Code   110  tasks.o(.text.vTaskDelay)
    vTaskStartScheduler                      0x08005d41   Thumb Code   206  tasks.o(.text.vTaskStartScheduler)
    vTaskSuspendAll                          0x08005e11   Thumb Code    16  tasks.o(.text.vTaskSuspendAll)
    vTaskSwitchContext                       0x08005e21   Thumb Code   190  tasks.o(.text.vTaskSwitchContext)
    xPortStartScheduler                      0x08005ee1   Thumb Code   342  port.o(.text.xPortStartScheduler)
    xPortSysTickHandler                      0x08006039   Thumb Code    60  port.o(.text.xPortSysTickHandler)
    xTaskCreate                              0x08006075   Thumb Code   158  tasks.o(.text.xTaskCreate)
    xTaskCreateStatic                        0x08006115   Thumb Code   206  tasks.o(.text.xTaskCreateStatic)
    xTaskGetSchedulerState                   0x080061e5   Thumb Code    56  tasks.o(.text.xTaskGetSchedulerState)
    xTaskIncrementTick                       0x0800621d   Thumb Code   440  tasks.o(.text.xTaskIncrementTick)
    xTaskResumeAll                           0x080063d5   Thumb Code   376  tasks.o(.text.xTaskResumeAll)
    _fp_init                                 0x0800654d   Thumb Code    26  fpinit.o(x$fpl$fpinit)
    __fplib_config_fpu_vfp                   0x08006565   Thumb Code     0  fpinit.o(x$fpl$fpinit)
    __fplib_config_pureend_doubles           0x08006565   Thumb Code     0  fpinit.o(x$fpl$fpinit)
    AHBPrescTable                            0x08006584   Data          16  system_stm32f4xx.o(.rodata.AHBPrescTable)
    APBPrescTable                            0x08006594   Data           8  system_stm32f4xx.o(.rodata.APBPrescTable)
    Region$$Table$$Base                      0x080065b0   Number         0  anon$$obj.o(Region$$Table)
    Region$$Table$$Limit                     0x080065d0   Number         0  anon$$obj.o(Region$$Table)
    SystemCoreClock                          0x20000000   Data           4  system_stm32f4xx.o(.data.SystemCoreClock)
    uwTickFreq                               0x20000004   Data           1  stm32f4xx_hal.o(.data.uwTickFreq)
    uwTickPrio                               0x20000008   Data           4  stm32f4xx_hal.o(.data.uwTickPrio)
    __libspace_start                         0x20000010   Data          96  libspace.o(.bss)
    __temporary_stack_top$libspace           0x20000070   Data           0  libspace.o(.bss)
    defaultTaskHandle                        0x20000074   Data           4  freertos.o(.bss.defaultTaskHandle)
    hadc1                                    0x20000078   Data          72  adc.o(.bss.hadc1)
    hadc2                                    0x200000c0   Data          72  adc.o(.bss.hadc2)
    hcan1                                    0x20000108   Data          40  can.o(.bss.hcan1)
    hcan2                                    0x20000130   Data          40  can.o(.bss.hcan2)
    hi2c1                                    0x20000158   Data          84  i2c.o(.bss.hi2c1)
    hi2c2                                    0x200001ac   Data          84  i2c.o(.bss.hi2c2)
    hi2c3                                    0x20000200   Data          84  i2c.o(.bss.hi2c3)
    hpcd_USB_OTG_FS                          0x20000254   Data        1252  usb_otg.o(.bss.hpcd_USB_OTG_FS)
    hspi1                                    0x20000738   Data          88  spi.o(.bss.hspi1)
    hspi2                                    0x20000790   Data          88  spi.o(.bss.hspi2)
    hspi3                                    0x200007e8   Data          88  spi.o(.bss.hspi3)
    htim2                                    0x20000840   Data          72  tim.o(.bss.htim2)
    htim3                                    0x20000888   Data          72  tim.o(.bss.htim3)
    htim4                                    0x200008d0   Data          72  tim.o(.bss.htim4)
    htim5                                    0x20000918   Data          72  tim.o(.bss.htim5)
    htim9                                    0x20000960   Data          72  tim.o(.bss.htim9)
    huart1                                   0x200009a8   Data          72  usart.o(.bss.huart1)
    huart2                                   0x200009f0   Data          72  usart.o(.bss.huart2)
    huart3                                   0x20000a38   Data          72  usart.o(.bss.huart3)
    huart4                                   0x20000a80   Data          72  usart.o(.bss.huart4)
    huart6                                   0x20000ac8   Data          72  usart.o(.bss.huart6)
    pxCurrentTCB                             0x20000b10   Data           4  tasks.o(.bss.pxCurrentTCB)
    uwTick                                   0x200047b4   Data           4  stm32f4xx_hal.o(.bss.uwTick)



==============================================================================

Memory Map of the image

  Image Entry point : 0x08000189

  Load Region LR_IROM1 (Base: 0x08000000, Size: 0x000065e0, Max: 0x00100000, ABSOLUTE)

    Execution Region ER_IROM1 (Exec base: 0x08000000, Load base: 0x08000000, Size: 0x000065d0, Max: 0x00100000, ABSOLUTE)

    Exec Addr    Load Addr    Size         Type   Attr      Idx    E Section Name        Object

    0x08000000   0x08000000   0x00000188   Data   RO            3    RESET               startup_stm32f407xx.o
    0x08000188   0x08000188   0x00000008   Code   RO         2468  * !!!main             c_w.l(__main.o)
    0x08000190   0x08000190   0x0000005c   Code   RO         2815    !!!scatter          c_w.l(__scatter.o)
    0x080001ec   0x080001ec   0x0000001a   Code   RO         2819    !!handler_copy      c_w.l(__scatter_copy.o)
    0x08000206   0x08000206   0x00000002   PAD
    0x08000208   0x08000208   0x00000002   Code   RO         2816    !!handler_null      c_w.l(__scatter.o)
    0x0800020a   0x0800020a   0x00000002   PAD
    0x0800020c   0x0800020c   0x0000001c   Code   RO         2821    !!handler_zi        c_w.l(__scatter_zi.o)
    0x08000228   0x08000228   0x00000002   Code   RO         2750    .ARM.Collect$$libinit$$00000000  c_w.l(libinit.o)
    0x0800022a   0x0800022a   0x00000004   Code   RO         2562    .ARM.Collect$$libinit$$00000001  c_w.l(libinit2.o)
    0x0800022e   0x0800022e   0x00000000   Code   RO         2565    .ARM.Collect$$libinit$$00000004  c_w.l(libinit2.o)
    0x0800022e   0x0800022e   0x00000000   Code   RO         2567    .ARM.Collect$$libinit$$00000006  c_w.l(libinit2.o)
    0x0800022e   0x0800022e   0x00000000   Code   RO         2570    .ARM.Collect$$libinit$$0000000C  c_w.l(libinit2.o)
    0x0800022e   0x0800022e   0x00000000   Code   RO         2572    .ARM.Collect$$libinit$$0000000E  c_w.l(libinit2.o)
    0x0800022e   0x0800022e   0x00000000   Code   RO         2574    .ARM.Collect$$libinit$$00000010  c_w.l(libinit2.o)
    0x0800022e   0x0800022e   0x00000000   Code   RO         2577    .ARM.Collect$$libinit$$00000013  c_w.l(libinit2.o)
    0x0800022e   0x0800022e   0x00000000   Code   RO         2579    .ARM.Collect$$libinit$$00000015  c_w.l(libinit2.o)
    0x0800022e   0x0800022e   0x00000000   Code   RO         2581    .ARM.Collect$$libinit$$00000017  c_w.l(libinit2.o)
    0x0800022e   0x0800022e   0x00000000   Code   RO         2583    .ARM.Collect$$libinit$$00000019  c_w.l(libinit2.o)
    0x0800022e   0x0800022e   0x00000000   Code   RO         2585    .ARM.Collect$$libinit$$0000001B  c_w.l(libinit2.o)
    0x0800022e   0x0800022e   0x00000000   Code   RO         2587    .ARM.Collect$$libinit$$0000001D  c_w.l(libinit2.o)
    0x0800022e   0x0800022e   0x00000000   Code   RO         2589    .ARM.Collect$$libinit$$0000001F  c_w.l(libinit2.o)
    0x0800022e   0x0800022e   0x00000000   Code   RO         2591    .ARM.Collect$$libinit$$00000021  c_w.l(libinit2.o)
    0x0800022e   0x0800022e   0x00000000   Code   RO         2593    .ARM.Collect$$libinit$$00000023  c_w.l(libinit2.o)
    0x0800022e   0x0800022e   0x00000000   Code   RO         2595    .ARM.Collect$$libinit$$00000025  c_w.l(libinit2.o)
    0x0800022e   0x0800022e   0x00000000   Code   RO         2597    .ARM.Collect$$libinit$$00000027  c_w.l(libinit2.o)
    0x0800022e   0x0800022e   0x00000000   Code   RO         2601    .ARM.Collect$$libinit$$0000002E  c_w.l(libinit2.o)
    0x0800022e   0x0800022e   0x00000000   Code   RO         2603    .ARM.Collect$$libinit$$00000030  c_w.l(libinit2.o)
    0x0800022e   0x0800022e   0x00000000   Code   RO         2605    .ARM.Collect$$libinit$$00000032  c_w.l(libinit2.o)
    0x0800022e   0x0800022e   0x00000000   Code   RO         2607    .ARM.Collect$$libinit$$00000034  c_w.l(libinit2.o)
    0x0800022e   0x0800022e   0x00000002   Code   RO         2608    .ARM.Collect$$libinit$$00000035  c_w.l(libinit2.o)
    0x08000230   0x08000230   0x00000002   Code   RO         2812    .ARM.Collect$$libshutdown$$00000000  c_w.l(libshutdown.o)
    0x08000232   0x08000232   0x00000000   Code   RO         2768    .ARM.Collect$$libshutdown$$00000002  c_w.l(libshutdown2.o)
    0x08000232   0x08000232   0x00000000   Code   RO         2770    .ARM.Collect$$libshutdown$$00000004  c_w.l(libshutdown2.o)
    0x08000232   0x08000232   0x00000000   Code   RO         2773    .ARM.Collect$$libshutdown$$00000007  c_w.l(libshutdown2.o)
    0x08000232   0x08000232   0x00000000   Code   RO         2776    .ARM.Collect$$libshutdown$$0000000A  c_w.l(libshutdown2.o)
    0x08000232   0x08000232   0x00000000   Code   RO         2778    .ARM.Collect$$libshutdown$$0000000C  c_w.l(libshutdown2.o)
    0x08000232   0x08000232   0x00000000   Code   RO         2781    .ARM.Collect$$libshutdown$$0000000F  c_w.l(libshutdown2.o)
    0x08000232   0x08000232   0x00000002   Code   RO         2782    .ARM.Collect$$libshutdown$$00000010  c_w.l(libshutdown2.o)
    0x08000234   0x08000234   0x00000000   Code   RO         2522    .ARM.Collect$$rtentry$$00000000  c_w.l(__rtentry.o)
    0x08000234   0x08000234   0x00000000   Code   RO         2672    .ARM.Collect$$rtentry$$00000002  c_w.l(__rtentry2.o)
    0x08000234   0x08000234   0x00000006   Code   RO         2684    .ARM.Collect$$rtentry$$00000004  c_w.l(__rtentry4.o)
    0x0800023a   0x0800023a   0x00000000   Code   RO         2674    .ARM.Collect$$rtentry$$00000009  c_w.l(__rtentry2.o)
    0x0800023a   0x0800023a   0x00000004   Code   RO         2675    .ARM.Collect$$rtentry$$0000000A  c_w.l(__rtentry2.o)
    0x0800023e   0x0800023e   0x00000000   Code   RO         2677    .ARM.Collect$$rtentry$$0000000C  c_w.l(__rtentry2.o)
    0x0800023e   0x0800023e   0x00000008   Code   RO         2678    .ARM.Collect$$rtentry$$0000000D  c_w.l(__rtentry2.o)
    0x08000246   0x08000246   0x00000002   Code   RO         2755    .ARM.Collect$$rtexit$$00000000  c_w.l(rtexit.o)
    0x08000248   0x08000248   0x00000000   Code   RO         2788    .ARM.Collect$$rtexit$$00000002  c_w.l(rtexit2.o)
    0x08000248   0x08000248   0x00000004   Code   RO         2789    .ARM.Collect$$rtexit$$00000003  c_w.l(rtexit2.o)
    0x0800024c   0x0800024c   0x00000006   Code   RO         2790    .ARM.Collect$$rtexit$$00000004  c_w.l(rtexit2.o)
    0x08000252   0x08000252   0x00000002   PAD
    0x08000254   0x08000254   0x00000040   Code   RO            4    .text               startup_stm32f407xx.o
    0x08000294   0x08000294   0x000000f0   Code   RO         2456    .text               c_w.l(lludivv7m.o)
    0x08000384   0x08000384   0x0000004e   Code   RO         2464    .text               c_w.l(rt_memclr_w.o)
    0x080003d2   0x080003d2   0x00000006   Code   RO         2466    .text               c_w.l(heapauxi.o)
    0x080003d8   0x080003d8   0x00000008   Code   RO         2668    .text               c_w.l(libspace.o)
    0x080003e0   0x080003e0   0x00000002   Code   RO         2722    .text               c_w.l(use_no_semi.o)
    0x080003e2   0x080003e2   0x00000000   Code   RO         2724    .text               c_w.l(indicate_semi.o)
    0x080003e2   0x080003e2   0x0000004a   Code   RO         2725    .text               c_w.l(sys_stackheap_outer.o)
    0x0800042c   0x0800042c   0x00000012   Code   RO         2731    .text               c_w.l(exit.o)
    0x0800043e   0x0800043e   0x00000002   PAD
    0x08000440   0x08000440   0x0000000c   Code   RO         2751    .text               c_w.l(sys_exit.o)
    0x0800044c   0x0800044c   0x0000018a   Code   RO          240    .text.ADC_Init      stm32f4xx_hal_adc.o
    0x080005d6   0x080005d6   0x00000002   PAD
    0x080005d8   0x080005d8   0x00000004   Code   RO          205    .text.BusFault_Handler  stm32f4xx_it.o
    0x080005dc   0x080005dc   0x00000002   Code   RO          209    .text.DebugMon_Handler  stm32f4xx_it.o
    0x080005de   0x080005de   0x00000002   PAD
    0x080005e0   0x080005e0   0x00000006   Code   RO           15    .text.Error_Handler  main.o
    0x080005e6   0x080005e6   0x00000002   PAD
    0x080005e8   0x080005e8   0x00000218   Code   RO          280    .text.HAL_ADC_ConfigChannel  stm32f4xx_hal_adc.o
    0x08000800   0x08000800   0x000000a8   Code   RO          236    .text.HAL_ADC_Init  stm32f4xx_hal_adc.o
    0x080008a8   0x080008a8   0x000000fc   Code   RO           56    .text.HAL_ADC_MspInit  adc.o
    0x080009a4   0x080009a4   0x000001de   Code   RO          771    .text.HAL_CAN_Init  stm32f4xx_hal_can.o
    0x08000b82   0x08000b82   0x00000002   PAD
    0x08000b84   0x08000b84   0x0000015c   Code   RO           73    .text.HAL_CAN_MspInit  can.o
    0x08000ce0   0x08000ce0   0x00000042   Code   RO          702    .text.HAL_Delay     stm32f4xx_hal.o
    0x08000d22   0x08000d22   0x00000002   PAD
    0x08000d24   0x08000d24   0x000003b6   Code   RO          469    .text.HAL_GPIO_Init  stm32f4xx_hal_gpio.o
    0x080010da   0x080010da   0x00000002   PAD
    0x080010dc   0x080010dc   0x0000002e   Code   RO          475    .text.HAL_GPIO_WritePin  stm32f4xx_hal_gpio.o
    0x0800110a   0x0800110a   0x00000002   PAD
    0x0800110c   0x0800110c   0x0000000c   Code   RO          694    .text.HAL_GetTick   stm32f4xx_hal.o
    0x08001118   0x08001118   0x000002a4   Code   RO          850    .text.HAL_I2C_Init  stm32f4xx_hal_i2c.o
    0x080013bc   0x080013bc   0x000001e2   Code   RO           93    .text.HAL_I2C_MspInit  i2c.o
    0x0800159e   0x0800159e   0x00000002   PAD
    0x080015a0   0x080015a0   0x0000001a   Code   RO          692    .text.HAL_IncTick   stm32f4xx_hal.o
    0x080015ba   0x080015ba   0x00000002   PAD
    0x080015bc   0x080015bc   0x00000036   Code   RO          682    .text.HAL_Init      stm32f4xx_hal.o
    0x080015f2   0x080015f2   0x00000002   PAD
    0x080015f4   0x080015f4   0x00000070   Code   RO          684    .text.HAL_InitTick  stm32f4xx_hal.o
    0x08001664   0x08001664   0x00000058   Code   RO          220    .text.HAL_MspInit   stm32f4xx_hal_msp.o
    0x080016bc   0x080016bc   0x00000032   Code   RO          609    .text.HAL_NVIC_SetPriority  stm32f4xx_hal_cortex.o
    0x080016ee   0x080016ee   0x00000002   PAD
    0x080016f0   0x080016f0   0x00000010   Code   RO          605    .text.HAL_NVIC_SetPriorityGrouping  stm32f4xx_hal_cortex.o
    0x08001700   0x08001700   0x00000242   Code   RO         1606    .text.HAL_PCD_Init  stm32f4xx_hal_pcd.o
    0x08001942   0x08001942   0x00000002   PAD
    0x08001944   0x08001944   0x0000009e   Code   RO          187    .text.HAL_PCD_MspInit  usb_otg.o
    0x080019e2   0x080019e2   0x00000002   PAD
    0x080019e4   0x080019e4   0x00000262   Code   RO          337    .text.HAL_RCC_ClockConfig  stm32f4xx_hal_rcc.o
    0x08001c46   0x08001c46   0x00000002   PAD
    0x08001c48   0x08001c48   0x0000000c   Code   RO          347    .text.HAL_RCC_GetHCLKFreq  stm32f4xx_hal_rcc.o
    0x08001c54   0x08001c54   0x00000022   Code   RO          349    .text.HAL_RCC_GetPCLK1Freq  stm32f4xx_hal_rcc.o
    0x08001c76   0x08001c76   0x00000002   PAD
    0x08001c78   0x08001c78   0x00000022   Code   RO          351    .text.HAL_RCC_GetPCLK2Freq  stm32f4xx_hal_rcc.o
    0x08001c9a   0x08001c9a   0x00000002   PAD
    0x08001c9c   0x08001c9c   0x000000e6   Code   RO          339    .text.HAL_RCC_GetSysClockFreq  stm32f4xx_hal_rcc.o
    0x08001d82   0x08001d82   0x00000002   PAD
    0x08001d84   0x08001d84   0x000006be   Code   RO          335    .text.HAL_RCC_OscConfig  stm32f4xx_hal_rcc.o
    0x08002442   0x08002442   0x00000002   PAD
    0x08002444   0x08002444   0x00000102   Code   RO         1022    .text.HAL_SPI_Init  stm32f4xx_hal_spi.o
    0x08002546   0x08002546   0x00000002   PAD
    0x08002548   0x08002548   0x0000018a   Code   RO          113    .text.HAL_SPI_MspInit  spi.o
    0x080026d2   0x080026d2   0x00000002   PAD
    0x080026d4   0x080026d4   0x00000010   Code   RO          629    .text.HAL_SYSTICK_Config  stm32f4xx_hal_cortex.o
    0x080026e4   0x080026e4   0x00000122   Code   RO         1452    .text.HAL_TIMEx_MasterConfigSynchronization  stm32f4xx_hal_tim_ex.o
    0x08002806   0x08002806   0x00000002   PAD
    0x08002808   0x08002808   0x0000009c   Code   RO         1139    .text.HAL_TIM_Base_Init  stm32f4xx_hal_tim.o
    0x080028a4   0x080028a4   0x000000ae   Code   RO          141    .text.HAL_TIM_Base_MspInit  tim.o
    0x08002952   0x08002952   0x00000002   PAD
    0x08002954   0x08002954   0x00000184   Code   RO         1331    .text.HAL_TIM_ConfigClockSource  stm32f4xx_hal_tim.o
    0x08002ad8   0x08002ad8   0x00000130   Code   RO         1253    .text.HAL_TIM_Encoder_Init  stm32f4xx_hal_tim.o
    0x08002c08   0x08002c08   0x00000150   Code   RO          139    .text.HAL_TIM_Encoder_MspInit  tim.o
    0x08002d58   0x08002d58   0x00000116   Code   RO          131    .text.HAL_TIM_MspPostInit  tim.o
    0x08002e6e   0x08002e6e   0x00000002   PAD
    0x08002e70   0x08002e70   0x00000142   Code   RO         1305    .text.HAL_TIM_PWM_ConfigChannel  stm32f4xx_hal_tim.o
    0x08002fb2   0x08002fb2   0x00000002   PAD
    0x08002fb4   0x08002fb4   0x0000009c   Code   RO         1193    .text.HAL_TIM_PWM_Init  stm32f4xx_hal_tim.o
    0x08003050   0x08003050   0x00000008   Code   RO         1195    .text.HAL_TIM_PWM_MspInit  stm32f4xx_hal_tim.o
    0x08003058   0x08003058   0x0000009e   Code   RO         1475    .text.HAL_UART_Init  stm32f4xx_hal_uart.o
    0x080030f6   0x080030f6   0x00000002   PAD
    0x080030f8   0x080030f8   0x0000027e   Code   RO          169    .text.HAL_UART_MspInit  usart.o
    0x08003376   0x08003376   0x00000002   PAD
    0x08003378   0x08003378   0x00000004   Code   RO          201    .text.HardFault_Handler  stm32f4xx_it.o
    0x0800337c   0x0800337c   0x00000080   Code   RO           52    .text.MX_ADC1_Init  adc.o
    0x080033fc   0x080033fc   0x00000080   Code   RO           54    .text.MX_ADC2_Init  adc.o
    0x0800347c   0x0800347c   0x0000004e   Code   RO           69    .text.MX_CAN1_Init  can.o
    0x080034ca   0x080034ca   0x00000002   PAD
    0x080034cc   0x080034cc   0x0000004e   Code   RO           71    .text.MX_CAN2_Init  can.o
    0x0800351a   0x0800351a   0x00000002   PAD
    0x0800351c   0x0800351c   0x00000046   Code   RO           36    .text.MX_FREERTOS_Init  freertos.o
    0x08003562   0x08003562   0x00000002   PAD
    0x08003564   0x08003564   0x000001ce   Code   RO           26    .text.MX_GPIO_Init  gpio.o
    0x08003732   0x08003732   0x00000002   PAD
    0x08003734   0x08003734   0x00000048   Code   RO           87    .text.MX_I2C1_Init  i2c.o
    0x0800377c   0x0800377c   0x00000048   Code   RO           89    .text.MX_I2C2_Init  i2c.o
    0x080037c4   0x080037c4   0x00000048   Code   RO           91    .text.MX_I2C3_Init  i2c.o
    0x0800380c   0x0800380c   0x0000004e   Code   RO          107    .text.MX_SPI1_Init  spi.o
    0x0800385a   0x0800385a   0x00000002   PAD
    0x0800385c   0x0800385c   0x00000050   Code   RO          109    .text.MX_SPI2_Init  spi.o
    0x080038ac   0x080038ac   0x0000004e   Code   RO          111    .text.MX_SPI3_Init  spi.o
    0x080038fa   0x080038fa   0x00000002   PAD
    0x080038fc   0x080038fc   0x00000078   Code   RO          127    .text.MX_TIM2_Init  tim.o
    0x08003974   0x08003974   0x0000010a   Code   RO          129    .text.MX_TIM3_Init  tim.o
    0x08003a7e   0x08003a7e   0x00000002   PAD
    0x08003a80   0x08003a80   0x0000007c   Code   RO          133    .text.MX_TIM4_Init  tim.o
    0x08003afc   0x08003afc   0x000000f2   Code   RO          135    .text.MX_TIM5_Init  tim.o
    0x08003bee   0x08003bee   0x00000002   PAD
    0x08003bf0   0x08003bf0   0x000000ce   Code   RO          137    .text.MX_TIM9_Init  tim.o
    0x08003cbe   0x08003cbe   0x00000002   PAD
    0x08003cc0   0x08003cc0   0x00000040   Code   RO          159    .text.MX_UART4_Init  usart.o
    0x08003d00   0x08003d00   0x00000040   Code   RO          161    .text.MX_USART1_UART_Init  usart.o
    0x08003d40   0x08003d40   0x00000040   Code   RO          163    .text.MX_USART2_UART_Init  usart.o
    0x08003d80   0x08003d80   0x00000040   Code   RO          165    .text.MX_USART3_UART_Init  usart.o
    0x08003dc0   0x08003dc0   0x00000040   Code   RO          167    .text.MX_USART6_UART_Init  usart.o
    0x08003e00   0x08003e00   0x0000003e   Code   RO          185    .text.MX_USB_OTG_FS_PCD_Init  usb_otg.o
    0x08003e3e   0x08003e3e   0x00000002   PAD
    0x08003e40   0x08003e40   0x00000004   Code   RO          203    .text.MemManage_Handler  stm32f4xx_it.o
    0x08003e44   0x08003e44   0x00000004   Code   RO          199    .text.NMI_Handler   stm32f4xx_it.o
    0x08003e48   0x08003e48   0x0000006c   Code   RO          615    .text.NVIC_EncodePriority  stm32f4xx_hal_cortex.o
    0x08003eb4   0x08003eb4   0x0000000c   PAD
    0x08003ec0   0x08003ec0   0x00000064   Code   RO         2383    .text.PendSV_Handler  port.o
    0x08003f24   0x08003f24   0x0000000c   PAD
    0x08003f30   0x08003f30   0x00000024   Code   RO         2367    .text.SVC_Handler   port.o
    0x08003f54   0x08003f54   0x00000010   Code   RO           38    .text.StartDefaultTask  freertos.o
    0x08003f64   0x08003f64   0x00000052   Code   RO          631    .text.SysTick_Config  stm32f4xx_hal_cortex.o
    0x08003fb6   0x08003fb6   0x00000002   PAD
    0x08003fb8   0x08003fb8   0x00000018   Code   RO          211    .text.SysTick_Handler  stm32f4xx_it.o
    0x08003fd0   0x08003fd0   0x000000bc   Code   RO           13    .text.SystemClock_Config  main.o
    0x0800408c   0x0800408c   0x00000012   Code   RO         1809    .text.SystemInit    system_stm32f4xx.o
    0x0800409e   0x0800409e   0x00000002   PAD
    0x080040a0   0x080040a0   0x000001b0   Code   RO         1143    .text.TIM_Base_SetConfig  stm32f4xx_hal_tim.o
    0x08004250   0x08004250   0x00000034   Code   RO         1329    .text.TIM_ETR_SetConfig  stm32f4xx_hal_tim.o
    0x08004284   0x08004284   0x0000002a   Code   RO         1335    .text.TIM_ITRx_SetConfig  stm32f4xx_hal_tim.o
    0x080042ae   0x080042ae   0x00000002   PAD
    0x080042b0   0x080042b0   0x000000ea   Code   RO         1287    .text.TIM_OC1_SetConfig  stm32f4xx_hal_tim.o
    0x0800439a   0x0800439a   0x00000002   PAD
    0x0800439c   0x0800439c   0x000000f4   Code   RO         1289    .text.TIM_OC2_SetConfig  stm32f4xx_hal_tim.o
    0x08004490   0x08004490   0x000000f2   Code   RO         1291    .text.TIM_OC3_SetConfig  stm32f4xx_hal_tim.o
    0x08004582   0x08004582   0x00000002   PAD
    0x08004584   0x08004584   0x000000a4   Code   RO         1293    .text.TIM_OC4_SetConfig  stm32f4xx_hal_tim.o
    0x08004628   0x08004628   0x00000050   Code   RO         1333    .text.TIM_TI1_ConfigInputStage  stm32f4xx_hal_tim.o
    0x08004678   0x08004678   0x00000052   Code   RO         1337    .text.TIM_TI2_ConfigInputStage  stm32f4xx_hal_tim.o
    0x080046ca   0x080046ca   0x00000002   PAD
    0x080046cc   0x080046cc   0x0000013a   Code   RO         1479    .text.UART_SetConfig  stm32f4xx_hal_uart.o
    0x08004806   0x08004806   0x00000002   PAD
    0x08004808   0x08004808   0x000000d6   Code   RO         1704    .text.USB_CoreInit  stm32f4xx_ll_usb.o
    0x080048de   0x080048de   0x00000002   PAD
    0x080048e0   0x080048e0   0x00000078   Code   RO         1706    .text.USB_CoreReset  stm32f4xx_ll_usb.o
    0x08004958   0x08004958   0x0000002a   Code   RO         1754    .text.USB_DevDisconnect  stm32f4xx_ll_usb.o
    0x08004982   0x08004982   0x00000002   PAD
    0x08004984   0x08004984   0x0000029a   Code   RO         1718    .text.USB_DevInit   stm32f4xx_ll_usb.o
    0x08004c1e   0x08004c1e   0x00000002   PAD
    0x08004c20   0x08004c20   0x00000014   Code   RO         1712    .text.USB_DisableGlobalInt  stm32f4xx_ll_usb.o
    0x08004c34   0x08004c34   0x00000074   Code   RO         1724    .text.USB_FlushRxFifo  stm32f4xx_ll_usb.o
    0x08004ca8   0x08004ca8   0x0000007a   Code   RO         1722    .text.USB_FlushTxFifo  stm32f4xx_ll_usb.o
    0x08004d22   0x08004d22   0x00000002   PAD
    0x08004d24   0x08004d24   0x00000010   Code   RO         1716    .text.USB_GetMode   stm32f4xx_ll_usb.o
    0x08004d34   0x08004d34   0x000000de   Code   RO         1714    .text.USB_SetCurrentMode  stm32f4xx_ll_usb.o
    0x08004e12   0x08004e12   0x00000002   PAD
    0x08004e14   0x08004e14   0x00000022   Code   RO         1720    .text.USB_SetDevSpeed  stm32f4xx_ll_usb.o
    0x08004e36   0x08004e36   0x00000002   PAD
    0x08004e38   0x08004e38   0x00000004   Code   RO          207    .text.UsageFault_Handler  stm32f4xx_it.o
    0x08004e3c   0x08004e3c   0x00000010   Code   RO          611    .text.__NVIC_GetPriorityGrouping  stm32f4xx_hal_cortex.o
    0x08004e4c   0x08004e4c   0x00000042   Code   RO          613    .text.__NVIC_SetPriority  stm32f4xx_hal_cortex.o
    0x08004e8e   0x08004e8e   0x00000002   PAD
    0x08004e90   0x08004e90   0x0000003c   Code   RO          607    .text.__NVIC_SetPriorityGrouping  stm32f4xx_hal_cortex.o
    0x08004ecc   0x08004ecc   0x000000aa   Code   RO           11    .text.main          main.o
    0x08004f76   0x08004f76   0x00000002   PAD
    0x08004f78   0x08004f78   0x00000028   Code   RO         2222    .text.makeFreeRtosPriority  cmsis_os.o
    0x08004fa0   0x08004fa0   0x00000028   Code   RO         2236    .text.osDelay       cmsis_os.o
    0x08004fc8   0x08004fc8   0x0000000a   Code   RO         2212    .text.osKernelStart  cmsis_os.o
    0x08004fd2   0x08004fd2   0x00000002   PAD
    0x08004fd4   0x08004fd4   0x000000ac   Code   RO         2220    .text.osThreadCreate  cmsis_os.o
    0x08005080   0x08005080   0x000000f4   Code   RO         2096    .text.prvAddCurrentTaskToDelayedList  tasks.o
    0x08005174   0x08005174   0x00000110   Code   RO         2082    .text.prvAddNewTaskToReadyList  tasks.o
    0x08005284   0x08005284   0x0000005a   Code   RO         2180    .text.prvCheckTasksWaitingTermination  tasks.o
    0x080052de   0x080052de   0x00000002   PAD
    0x080052e0   0x080052e0   0x0000005e   Code   RO         2088    .text.prvDeleteTCB  tasks.o
    0x0800533e   0x0800533e   0x00000002   PAD
    0x08005340   0x08005340   0x000000bc   Code   RO         2334    .text.prvHeapInit   heap_4.o
    0x080053fc   0x080053fc   0x00000038   Code   RO         2118    .text.prvIdleTask   tasks.o
    0x08005434   0x08005434   0x00000114   Code   RO         2080    .text.prvInitialiseNewTask  tasks.o
    0x08005548   0x08005548   0x0000008e   Code   RO         2178    .text.prvInitialiseTaskLists  tasks.o
    0x080055d6   0x080055d6   0x00000002   PAD
    0x080055d8   0x080055d8   0x000000c6   Code   RO         2336    .text.prvInsertBlockIntoFreeList  heap_4.o
    0x0800569e   0x0800569e   0x00000002   PAD
    0x080056a0   0x080056a0   0x00000028   Code   RO         2375    .text.prvPortStartFirstTask  port.o
    0x080056c8   0x080056c8   0x00000046   Code   RO         2090    .text.prvResetNextTaskUnblockTime  tasks.o
    0x0800570e   0x0800570e   0x00000002   PAD
    0x08005710   0x08005710   0x0000004c   Code   RO         2365    .text.prvTaskExitError  port.o
    0x0800575c   0x0800575c   0x000001ec   Code   RO         2332    .text.pvPortMalloc  heap_4.o
    0x08005948   0x08005948   0x0000005e   Code   RO         2363    .text.pxPortInitialiseStack  port.o
    0x080059a6   0x080059a6   0x00000002   PAD
    0x080059a8   0x080059a8   0x00000048   Code   RO         1950    .text.uxListRemove  list.o
    0x080059f0   0x080059f0   0x0000002a   Code   RO           34    .text.vApplicationGetIdleTaskMemory  freertos.o
    0x08005a1a   0x08005a1a   0x00000002   PAD
    0x08005a1c   0x08005a1c   0x0000002e   Code   RO         1942    .text.vListInitialise  list.o
    0x08005a4a   0x08005a4a   0x00000002   PAD
    0x08005a4c   0x08005a4c   0x0000000e   Code   RO         1944    .text.vListInitialiseItem  list.o
    0x08005a5a   0x08005a5a   0x00000002   PAD
    0x08005a5c   0x08005a5c   0x0000006a   Code   RO         1948    .text.vListInsert   list.o
    0x08005ac6   0x08005ac6   0x00000002   PAD
    0x08005ac8   0x08005ac8   0x0000003a   Code   RO         1946    .text.vListInsertEnd  list.o
    0x08005b02   0x08005b02   0x00000002   PAD
    0x08005b04   0x08005b04   0x00000014   Code   RO         2373    .text.vPortEnableVFP  port.o
    0x08005b18   0x08005b18   0x00000056   Code   RO         2379    .text.vPortEnterCritical  port.o
    0x08005b6e   0x08005b6e   0x00000002   PAD
    0x08005b70   0x08005b70   0x0000004a   Code   RO         2381    .text.vPortExitCritical  port.o
    0x08005bba   0x08005bba   0x00000002   PAD
    0x08005bbc   0x08005bbc   0x000000ce   Code   RO         2338    .text.vPortFree     heap_4.o
    0x08005c8a   0x08005c8a   0x00000002   PAD
    0x08005c8c   0x08005c8c   0x00000044   Code   RO         2371    .text.vPortSetupTimerInterrupt  port.o
    0x08005cd0   0x08005cd0   0x0000006e   Code   RO         2092    .text.vTaskDelay    tasks.o
    0x08005d3e   0x08005d3e   0x00000002   PAD
    0x08005d40   0x08005d40   0x000000ce   Code   RO         2116    .text.vTaskStartScheduler  tasks.o
    0x08005e0e   0x08005e0e   0x00000002   PAD
    0x08005e10   0x08005e10   0x00000010   Code   RO         2094    .text.vTaskSuspendAll  tasks.o
    0x08005e20   0x08005e20   0x000000be   Code   RO         2108    .text.vTaskSwitchContext  tasks.o
    0x08005ede   0x08005ede   0x00000002   PAD
    0x08005ee0   0x08005ee0   0x00000156   Code   RO         2369    .text.xPortStartScheduler  port.o
    0x08006036   0x08006036   0x00000002   PAD
    0x08006038   0x08006038   0x0000003c   Code   RO         2385    .text.xPortSysTickHandler  port.o
    0x08006074   0x08006074   0x0000009e   Code   RO         2084    .text.xTaskCreate   tasks.o
    0x08006112   0x08006112   0x00000002   PAD
    0x08006114   0x08006114   0x000000ce   Code   RO         2078    .text.xTaskCreateStatic  tasks.o
    0x080061e2   0x080061e2   0x00000002   PAD
    0x080061e4   0x080061e4   0x00000038   Code   RO         2152    .text.xTaskGetSchedulerState  tasks.o
    0x0800621c   0x0800621c   0x000001b8   Code   RO         2122    .text.xTaskIncrementTick  tasks.o
    0x080063d4   0x080063d4   0x00000178   Code   RO         2098    .text.xTaskResumeAll  tasks.o
    0x0800654c   0x0800654c   0x0000001a   Code   RO         2710    x$fpl$fpinit        fz_wm.l(fpinit.o)
    0x08006566   0x08006566   0x00000002   PAD
    0x08006568   0x08006568   0x0000001c   Data   RO           43    .rodata..L__const.MX_FREERTOS_Init.os_thread_def_defaultTask  freertos.o
    0x08006584   0x08006584   0x00000010   Data   RO         1814    .rodata.AHBPrescTable  system_stm32f4xx.o
    0x08006594   0x08006594   0x00000008   Data   RO         1815    .rodata.APBPrescTable  system_stm32f4xx.o
    0x0800659c   0x0800659c   0x0000000c   Data   RO           42    .rodata.str1.1      freertos.o
    0x080065a8   0x080065a8   0x00000005   Data   RO         2193    .rodata.str1.1      tasks.o
    0x080065ad   0x080065ad   0x00000003   PAD
    0x080065b0   0x080065b0   0x00000020   Data   RO         2814    Region$$Table       anon$$obj.o


    Execution Region RW_IRAM1 (Exec base: 0x20000000, Load base: 0x080065d0, Size: 0x000062c0, Max: 0x0001c000, ABSOLUTE)

    Exec Addr    Load Addr    Size         Type   Attr      Idx    E Section Name        Object

    0x20000000   0x080065d0   0x00000004   Data   RW         1813    .data.SystemCoreClock  system_stm32f4xx.o
    0x20000004   0x080065d4   0x00000001   Data   RW          737    .data.uwTickFreq    stm32f4xx_hal.o
    0x20000005   0x080065d5   0x00000003   PAD
    0x20000008   0x080065d8   0x00000004   Data   RW          736    .data.uwTickPrio    stm32f4xx_hal.o
    0x2000000c   0x080065dc   0x00000004   Data   RW         2391    .data.uxCriticalNesting  port.o
    0x20000010        -       0x00000060   Zero   RW         2669    .bss                c_w.l(libspace.o)
    0x20000070        -       0x00000004   Zero   RW           79    .bss.HAL_RCC_CAN1_CLK_ENABLED  can.o
    0x20000074        -       0x00000004   Zero   RW           44    .bss.defaultTaskHandle  freertos.o
    0x20000078        -       0x00000048   Zero   RW           60    .bss.hadc1          adc.o
    0x200000c0        -       0x00000048   Zero   RW           61    .bss.hadc2          adc.o
    0x20000108        -       0x00000028   Zero   RW           77    .bss.hcan1          can.o
    0x20000130        -       0x00000028   Zero   RW           78    .bss.hcan2          can.o
    0x20000158        -       0x00000054   Zero   RW           97    .bss.hi2c1          i2c.o
    0x200001ac        -       0x00000054   Zero   RW           98    .bss.hi2c2          i2c.o
    0x20000200        -       0x00000054   Zero   RW           99    .bss.hi2c3          i2c.o
    0x20000254        -       0x000004e4   Zero   RW          191    .bss.hpcd_USB_OTG_FS  usb_otg.o
    0x20000738        -       0x00000058   Zero   RW          117    .bss.hspi1          spi.o
    0x20000790        -       0x00000058   Zero   RW          118    .bss.hspi2          spi.o
    0x200007e8        -       0x00000058   Zero   RW          119    .bss.hspi3          spi.o
    0x20000840        -       0x00000048   Zero   RW          147    .bss.htim2          tim.o
    0x20000888        -       0x00000048   Zero   RW          148    .bss.htim3          tim.o
    0x200008d0        -       0x00000048   Zero   RW          149    .bss.htim4          tim.o
    0x20000918        -       0x00000048   Zero   RW          150    .bss.htim5          tim.o
    0x20000960        -       0x00000048   Zero   RW          151    .bss.htim9          tim.o
    0x200009a8        -       0x00000048   Zero   RW          174    .bss.huart1         usart.o
    0x200009f0        -       0x00000048   Zero   RW          175    .bss.huart2         usart.o
    0x20000a38        -       0x00000048   Zero   RW          176    .bss.huart3         usart.o
    0x20000a80        -       0x00000048   Zero   RW          173    .bss.huart4         usart.o
    0x20000ac8        -       0x00000048   Zero   RW          177    .bss.huart6         usart.o
    0x20000b10        -       0x00000004   Zero   RW         2182    .bss.pxCurrentTCB   tasks.o
    0x20000b14        -       0x00000004   Zero   RW         2199    .bss.pxDelayedTaskList  tasks.o
    0x20000b18        -       0x00000004   Zero   RW         2348    .bss.pxEnd          heap_4.o
    0x20000b1c        -       0x00000004   Zero   RW         2200    .bss.pxOverflowDelayedTaskList  tasks.o
    0x20000b20        -       0x0000008c   Zero   RW         2183    .bss.pxReadyTasksLists  tasks.o
    0x20000bac        -       0x00003c00   Zero   RW         2355    .bss.ucHeap         heap_4.o
    0x200047ac        -       0x00000001   Zero   RW         2389    .bss.ucMaxSysCallPriority  port.o
    0x200047ad   0x080065e0   0x00000003   PAD
    0x200047b0        -       0x00000004   Zero   RW         2390    .bss.ulMaxPRIGROUPValue  port.o
    0x200047b4        -       0x00000004   Zero   RW          738    .bss.uwTick         stm32f4xx_hal.o
    0x200047b8        -       0x00000004   Zero   RW         2188    .bss.uxCurrentNumberOfTasks  tasks.o
    0x200047bc        -       0x00000004   Zero   RW         2187    .bss.uxDeletedTasksWaitingCleanUp  tasks.o
    0x200047c0        -       0x00000004   Zero   RW         2190    .bss.uxSchedulerSuspended  tasks.o
    0x200047c4        -       0x00000004   Zero   RW         2185    .bss.uxTaskNumber   tasks.o
    0x200047c8        -       0x00000004   Zero   RW         2184    .bss.uxTopReadyPriority  tasks.o
    0x200047cc        -       0x00000004   Zero   RW         2349    .bss.xBlockAllocatedBit  heap_4.o
    0x200047d0        -       0x00000014   Zero   RW         2202    .bss.xDelayedTaskList1  tasks.o
    0x200047e4        -       0x00000014   Zero   RW         2203    .bss.xDelayedTaskList2  tasks.o
    0x200047f8        -       0x00000004   Zero   RW         2350    .bss.xFreeBytesRemaining  heap_4.o
    0x200047fc        -       0x00000200   Zero   RW           41    .bss.xIdleStack     freertos.o
    0x200049fc        -       0x00000004   Zero   RW         2194    .bss.xIdleTaskHandle  tasks.o
    0x20004a00        -       0x00000054   Zero   RW           40    .bss.xIdleTaskTCBBuffer  freertos.o
    0x20004a54        -       0x00000004   Zero   RW         2352    .bss.xMinimumEverFreeBytesRemaining  heap_4.o
    0x20004a58        -       0x00000004   Zero   RW         2195    .bss.xNextTaskUnblockTime  tasks.o
    0x20004a5c        -       0x00000004   Zero   RW         2201    .bss.xNumOfOverflows  tasks.o
    0x20004a60        -       0x00000004   Zero   RW         2353    .bss.xNumberOfSuccessfulAllocations  heap_4.o
    0x20004a64        -       0x00000004   Zero   RW         2354    .bss.xNumberOfSuccessfulFrees  heap_4.o
    0x20004a68        -       0x00000004   Zero   RW         2198    .bss.xPendedTicks   tasks.o
    0x20004a6c        -       0x00000014   Zero   RW         2192    .bss.xPendingReadyList  tasks.o
    0x20004a80        -       0x00000004   Zero   RW         2189    .bss.xSchedulerRunning  tasks.o
    0x20004a84        -       0x00000008   Zero   RW         2351    .bss.xStart         heap_4.o
    0x20004a8c        -       0x00000014   Zero   RW         2191    .bss.xSuspendedTaskList  tasks.o
    0x20004aa0        -       0x00000014   Zero   RW         2186    .bss.xTasksWaitingTermination  tasks.o
    0x20004ab4        -       0x00000004   Zero   RW         2196    .bss.xTickCount     tasks.o
    0x20004ab8        -       0x00000004   Zero   RW         2197    .bss.xYieldPending  tasks.o
    0x20004abc   0x080065e0   0x00000004   PAD
    0x20004ac0        -       0x00001000   Zero   RW            2    HEAP                startup_stm32f407xx.o
    0x20005ac0        -       0x00000800   Zero   RW            1    STACK               startup_stm32f407xx.o


    Execution Region RW_IRAM2 (Exec base: 0x2001c000, Load base: 0x080065e0, Size: 0x00000000, Max: 0x00004000, ABSOLUTE)

    **** No section assigned to this execution region ****


==============================================================================

Image component sizes


      Code (inc. data)   RO Data    RW Data    ZI Data      Debug   Object Name

       508          0          0          0        144       5250   adc.o
       504          0          0          0         84       4584   can.o
       262          0          0          0          0      16291   cmsis_os.o
       128          0         40          0        600       2743   freertos.o
       462          0          0          0          0       2279   gpio.o
      1084          0          0          0      15392       4423   heap_4.o
       698          0          0          0        252       5722   i2c.o
       296          0          0          0          0       2226   list.o
       364          0          0          0          0       3104   main.o
       996         16          0          4          5       3837   port.o
       630          0          0          0        264       5505   spi.o
        64         26        392          0       6144        856   startup_stm32f407xx.o
       270          0          0          5          4       7118   stm32f4xx_hal.o
      1098          0          0          0          0      10107   stm32f4xx_hal_adc.o
       478          0          0          0          0      11569   stm32f4xx_hal_can.o
       414          0          0          0          0       9729   stm32f4xx_hal_cortex.o
       996          0          0          0          0       5103   stm32f4xx_hal_gpio.o
       676          0          0          0          0      37701   stm32f4xx_hal_i2c.o
        88          0          0          0          0       3363   stm32f4xx_hal_msp.o
       578          0          0          0          0      14410   stm32f4xx_hal_pcd.o
      2646          0          0          0          0       7580   stm32f4xx_hal_rcc.o
       258          0          0          0          0      19465   stm32f4xx_hal_spi.o
      2906         14          0          0          0      36023   stm32f4xx_hal_tim.o
       290          0          0          0          0      15343   stm32f4xx_hal_tim_ex.o
       472          0          0          0          0      20351   stm32f4xx_hal_uart.o
        46          0          0          0          0       1040   stm32f4xx_it.o
      1572          0          0          0          0      19787   stm32f4xx_ll_usb.o
        18          0         24          4          0       2531   system_stm32f4xx.o
      3002          0          5          0        300      20360   tasks.o
      1746          0          0          0        360       8317   tim.o
       958          0          0          0        360       6135   usart.o
       220          0          0          0       1252       4780   usb_otg.o

    ----------------------------------------------------------------------
     24896         68        496         16      25168     317632   Object Totals
         0          0         32          0          0          0   (incl. Generated)
       168         12          3          3          7          0   (incl. Padding)

    ----------------------------------------------------------------------

      Code (inc. data)   RO Data    RW Data    ZI Data      Debug   Library Member Name

         8          0          0          0          0         68   __main.o
         0          0          0          0          0          0   __rtentry.o
        12          0          0          0          0          0   __rtentry2.o
         6          0          0          0          0          0   __rtentry4.o
        94          8          0          0          0          0   __scatter.o
        26          0          0          0          0          0   __scatter_copy.o
        28          0          0          0          0          0   __scatter_zi.o
        18          0          0          0          0         80   exit.o
         6          0          0          0          0        152   heapauxi.o
         0          0          0          0          0          0   indicate_semi.o
         2          0          0          0          0          0   libinit.o
         6          0          0          0          0          0   libinit2.o
         2          0          0          0          0          0   libshutdown.o
         2          0          0          0          0          0   libshutdown2.o
         8          4          0          0         96         68   libspace.o
       240          0          0          0          0        100   lludivv7m.o
        78          0          0          0          0         80   rt_memclr_w.o
         2          0          0          0          0          0   rtexit.o
        10          0          0          0          0          0   rtexit2.o
        12          4          0          0          0         68   sys_exit.o
        74          0          0          0          0         80   sys_stackheap_outer.o
         2          0          0          0          0         68   use_no_semi.o
        26          0          0          0          0        116   fpinit.o

    ----------------------------------------------------------------------
       672         16          0          0         96        880   Library Totals
        10          0          0          0          0          0   (incl. Padding)

    ----------------------------------------------------------------------

      Code (inc. data)   RO Data    RW Data    ZI Data      Debug   Library Name

       636         16          0          0         96        764   c_w.l
        26          0          0          0          0        116   fz_wm.l

    ----------------------------------------------------------------------
       672         16          0          0         96        880   Library Totals

    ----------------------------------------------------------------------

==============================================================================


      Code (inc. data)   RO Data    RW Data    ZI Data      Debug   

     25568         84        496         16      25264     317720   Grand Totals
     25568         84        496         16      25264     317720   ELF Image Totals
     25568         84        496         16          0          0   ROM Totals

==============================================================================

    Total RO  Size (Code + RO Data)                26064 (  25.45kB)
    Total RW  Size (RW Data + ZI Data)             25280 (  24.69kB)
    Total ROM Size (Code + RO Data + RW Data)      26080 (  25.47kB)

==============================================================================

